<!doctype html public "-//w3c//dtd html 4.0 transitional//en">
<html><head>
<title>Static Call Graph - [.\Objects\output.axf]</title></head>
<body><HR>
<H1>Static Call Graph for image .\Objects\output.axf</H1><HR>
<BR><P>#&#060CALLGRAPH&#062# ARM Linker, 5060750: Last Updated: Wed Apr 03 11:08:00 2019
<BR><P>
<H3>Maximum Stack Usage =       1720 bytes + Unknown(Cycles, Untraceable Function Pointers)</H3><H3>
Call chain for Maximum Stack Depth:</H3>
isp_target_verify_all &rArr; isp_prog_verify_flash &rArr; isp_read_code &rArr; read_data &rArr; isp_write &rArr; isp_read_write
<P>
<H3>
Mutually Recursive functions
</H3> <LI><a href="#[15]">NMI_Handler</a>&nbsp;&nbsp;&nbsp;&rArr;&nbsp;&nbsp;&nbsp;<a href="#[15]">NMI_Handler</a><BR>
 <LI><a href="#[17]">MemManage_Handler</a>&nbsp;&nbsp;&nbsp;&rArr;&nbsp;&nbsp;&nbsp;<a href="#[17]">MemManage_Handler</a><BR>
 <LI><a href="#[18]">BusFault_Handler</a>&nbsp;&nbsp;&nbsp;&rArr;&nbsp;&nbsp;&nbsp;<a href="#[18]">BusFault_Handler</a><BR>
 <LI><a href="#[19]">UsageFault_Handler</a>&nbsp;&nbsp;&nbsp;&rArr;&nbsp;&nbsp;&nbsp;<a href="#[19]">UsageFault_Handler</a><BR>
 <LI><a href="#[1a]">SVC_Handler</a>&nbsp;&nbsp;&nbsp;&rArr;&nbsp;&nbsp;&nbsp;<a href="#[1a]">SVC_Handler</a><BR>
 <LI><a href="#[1b]">DebugMon_Handler</a>&nbsp;&nbsp;&nbsp;&rArr;&nbsp;&nbsp;&nbsp;<a href="#[1b]">DebugMon_Handler</a><BR>
 <LI><a href="#[1c]">PendSV_Handler</a>&nbsp;&nbsp;&nbsp;&rArr;&nbsp;&nbsp;&nbsp;<a href="#[1c]">PendSV_Handler</a><BR>
</UL>
<P>
<H3>
Function Pointers
</H3><UL>
 <LI><a href="#[45]">ADC0_IRQHandler</a> from startup_mk22f12810.o(.text) referenced from startup_mk22f12810.o(RESET)
 <LI><a href="#[67]">ADC1_IRQHandler</a> from startup_mk22f12810.o(.text) referenced from startup_mk22f12810.o(RESET)
 <LI><a href="#[18]">BusFault_Handler</a> from startup_mk22f12810.o(.text) referenced from startup_mk22f12810.o(RESET)
 <LI><a href="#[8a]">CLOCK_CONFIG_FllStableDelay</a> from clock_config.o(i.CLOCK_CONFIG_FllStableDelay) referenced from clock_config.o(i.BOARD_BootClockRUN)
 <LI><a href="#[46]">CMP0_IRQHandler</a> from startup_mk22f12810.o(.text) referenced from startup_mk22f12810.o(RESET)
 <LI><a href="#[47]">CMP1_IRQHandler</a> from startup_mk22f12810.o(.text) referenced from startup_mk22f12810.o(RESET)
 <LI><a href="#[56]">DAC0_IRQHandler</a> from startup_mk22f12810.o(.text) referenced from startup_mk22f12810.o(RESET)
 <LI><a href="#[78]">DMA0_DriverIRQHandler</a> from startup_mk22f12810.o(.text) referenced from startup_mk22f12810.o(.text)
 <LI><a href="#[1e]">DMA0_IRQHandler</a> from startup_mk22f12810.o(.text) referenced from startup_mk22f12810.o(RESET)
 <LI><a href="#[79]">DMA1_DriverIRQHandler</a> from startup_mk22f12810.o(.text) referenced from startup_mk22f12810.o(.text)
 <LI><a href="#[1f]">DMA1_IRQHandler</a> from startup_mk22f12810.o(.text) referenced from startup_mk22f12810.o(RESET)
 <LI><a href="#[7a]">DMA2_DriverIRQHandler</a> from startup_mk22f12810.o(.text) referenced from startup_mk22f12810.o(.text)
 <LI><a href="#[20]">DMA2_IRQHandler</a> from startup_mk22f12810.o(.text) referenced from startup_mk22f12810.o(RESET)
 <LI><a href="#[7b]">DMA3_DriverIRQHandler</a> from startup_mk22f12810.o(.text) referenced from startup_mk22f12810.o(.text)
 <LI><a href="#[21]">DMA3_IRQHandler</a> from startup_mk22f12810.o(.text) referenced from startup_mk22f12810.o(RESET)
 <LI><a href="#[7c]">DMA_Error_DriverIRQHandler</a> from startup_mk22f12810.o(.text) referenced from startup_mk22f12810.o(.text)
 <LI><a href="#[2e]">DMA_Error_IRQHandler</a> from startup_mk22f12810.o(.text) referenced from startup_mk22f12810.o(RESET)
 <LI><a href="#[1b]">DebugMon_Handler</a> from startup_mk22f12810.o(.text) referenced from startup_mk22f12810.o(RESET)
 <LI><a href="#[74]">DefaultISR</a> from startup_mk22f12810.o(.text) referenced from startup_mk22f12810.o(.text)
 <LI><a href="#[74]">DefaultISR</a> from startup_mk22f12810.o(.text) referenced 153 times from startup_mk22f12810.o(RESET)
 <LI><a href="#[30]">FTF_IRQHandler</a> from startup_mk22f12810.o(.text) referenced from startup_mk22f12810.o(RESET)
 <LI><a href="#[48]">FTM0_IRQHandler</a> from startup_mk22f12810.o(.text) referenced from startup_mk22f12810.o(RESET)
 <LI><a href="#[49]">FTM1_IRQHandler</a> from startup_mk22f12810.o(.text) referenced from startup_mk22f12810.o(RESET)
 <LI><a href="#[4a]">FTM2_IRQHandler</a> from startup_mk22f12810.o(.text) referenced from startup_mk22f12810.o(RESET)
 <LI><a href="#[16]">HardFault_Handler</a> from main.o(i.HardFault_Handler) referenced from startup_mk22f12810.o(RESET)
 <LI><a href="#[7d]">I2C0_DriverIRQHandler</a> from startup_mk22f12810.o(.text) referenced from startup_mk22f12810.o(.text)
 <LI><a href="#[36]">I2C0_IRQHandler</a> from startup_mk22f12810.o(.text) referenced from startup_mk22f12810.o(RESET)
 <LI><a href="#[7e]">I2C1_DriverIRQHandler</a> from startup_mk22f12810.o(.text) referenced from startup_mk22f12810.o(.text)
 <LI><a href="#[37]">I2C1_IRQHandler</a> from startup_mk22f12810.o(.text) referenced from startup_mk22f12810.o(RESET)
 <LI><a href="#[82]">I2S0_Rx_DriverIRQHandler</a> from startup_mk22f12810.o(.text) referenced from startup_mk22f12810.o(.text)
 <LI><a href="#[3b]">I2S0_Rx_IRQHandler</a> from startup_mk22f12810.o(.text) referenced from startup_mk22f12810.o(RESET)
 <LI><a href="#[81]">I2S0_Tx_DriverIRQHandler</a> from startup_mk22f12810.o(.text) referenced from startup_mk22f12810.o(.text)
 <LI><a href="#[3a]">I2S0_Tx_IRQHandler</a> from startup_mk22f12810.o(.text) referenced from startup_mk22f12810.o(RESET)
 <LI><a href="#[33]">LLWU_IRQHandler</a> from startup_mk22f12810.o(.text) referenced from startup_mk22f12810.o(RESET)
 <LI><a href="#[58]">LPTMR0_IRQHandler</a> from startup_mk22f12810.o(.text) referenced from startup_mk22f12810.o(RESET)
 <LI><a href="#[83]">LPUART0_DriverIRQHandler</a> from startup_mk22f12810.o(.text) referenced from startup_mk22f12810.o(.text)
 <LI><a href="#[3c]">LPUART0_IRQHandler</a> from startup_mk22f12810.o(.text) referenced from startup_mk22f12810.o(RESET)
 <LI><a href="#[32]">LVD_LVW_IRQHandler</a> from startup_mk22f12810.o(.text) referenced from startup_mk22f12810.o(RESET)
 <LI><a href="#[57]">MCG_IRQHandler</a> from startup_mk22f12810.o(.text) referenced from startup_mk22f12810.o(RESET)
 <LI><a href="#[2f]">MCM_IRQHandler</a> from startup_mk22f12810.o(.text) referenced from startup_mk22f12810.o(RESET)
 <LI><a href="#[17]">MemManage_Handler</a> from startup_mk22f12810.o(.text) referenced from startup_mk22f12810.o(RESET)
 <LI><a href="#[15]">NMI_Handler</a> from startup_mk22f12810.o(.text) referenced from startup_mk22f12810.o(RESET)
 <LI><a href="#[52]">PDB0_IRQHandler</a> from startup_mk22f12810.o(.text) referenced from startup_mk22f12810.o(RESET)
 <LI><a href="#[4e]">PIT0_IRQHandler</a> from startup_mk22f12810.o(.text) referenced from startup_mk22f12810.o(RESET)
 <LI><a href="#[4f]">PIT1_IRQHandler</a> from startup_mk22f12810.o(.text) referenced from startup_mk22f12810.o(RESET)
 <LI><a href="#[50]">PIT2_IRQHandler</a> from startup_mk22f12810.o(.text) referenced from startup_mk22f12810.o(RESET)
 <LI><a href="#[51]">PIT3_IRQHandler</a> from startup_mk22f12810.o(.text) referenced from startup_mk22f12810.o(RESET)
 <LI><a href="#[59]">PORTA_IRQHandler</a> from startup_mk22f12810.o(.text) referenced from startup_mk22f12810.o(RESET)
 <LI><a href="#[5a]">PORTB_IRQHandler</a> from startup_mk22f12810.o(.text) referenced from startup_mk22f12810.o(RESET)
 <LI><a href="#[5b]">PORTC_IRQHandler</a> from startup_mk22f12810.o(.text) referenced from startup_mk22f12810.o(RESET)
 <LI><a href="#[5c]">PORTD_IRQHandler</a> from startup_mk22f12810.o(.text) referenced from startup_mk22f12810.o(RESET)
 <LI><a href="#[5d]">PORTE_IRQHandler</a> from startup_mk22f12810.o(.text) referenced from startup_mk22f12810.o(RESET)
 <LI><a href="#[1c]">PendSV_Handler</a> from startup_mk22f12810.o(.text) referenced from startup_mk22f12810.o(RESET)
 <LI><a href="#[4c]">RTC_IRQHandler</a> from startup_mk22f12810.o(.text) referenced from startup_mk22f12810.o(RESET)
 <LI><a href="#[4d]">RTC_Seconds_IRQHandler</a> from startup_mk22f12810.o(.text) referenced from startup_mk22f12810.o(RESET)
 <LI><a href="#[31]">Read_Collision_IRQHandler</a> from startup_mk22f12810.o(.text) referenced from startup_mk22f12810.o(RESET)
 <LI><a href="#[72]">Reserved100_IRQHandler</a> from startup_mk22f12810.o(.text) referenced from startup_mk22f12810.o(RESET)
 <LI><a href="#[73]">Reserved101_IRQHandler</a> from startup_mk22f12810.o(.text) referenced from startup_mk22f12810.o(RESET)
 <LI><a href="#[22]">Reserved20_IRQHandler</a> from startup_mk22f12810.o(.text) referenced from startup_mk22f12810.o(RESET)
 <LI><a href="#[23]">Reserved21_IRQHandler</a> from startup_mk22f12810.o(.text) referenced from startup_mk22f12810.o(RESET)
 <LI><a href="#[24]">Reserved22_IRQHandler</a> from startup_mk22f12810.o(.text) referenced from startup_mk22f12810.o(RESET)
 <LI><a href="#[25]">Reserved23_IRQHandler</a> from startup_mk22f12810.o(.text) referenced from startup_mk22f12810.o(RESET)
 <LI><a href="#[26]">Reserved24_IRQHandler</a> from startup_mk22f12810.o(.text) referenced from startup_mk22f12810.o(RESET)
 <LI><a href="#[27]">Reserved25_IRQHandler</a> from startup_mk22f12810.o(.text) referenced from startup_mk22f12810.o(RESET)
 <LI><a href="#[28]">Reserved26_IRQHandler</a> from startup_mk22f12810.o(.text) referenced from startup_mk22f12810.o(RESET)
 <LI><a href="#[29]">Reserved27_IRQHandler</a> from startup_mk22f12810.o(.text) referenced from startup_mk22f12810.o(RESET)
 <LI><a href="#[2a]">Reserved28_IRQHandler</a> from startup_mk22f12810.o(.text) referenced from startup_mk22f12810.o(RESET)
 <LI><a href="#[2b]">Reserved29_IRQHandler</a> from startup_mk22f12810.o(.text) referenced from startup_mk22f12810.o(RESET)
 <LI><a href="#[2c]">Reserved30_IRQHandler</a> from startup_mk22f12810.o(.text) referenced from startup_mk22f12810.o(RESET)
 <LI><a href="#[2d]">Reserved31_IRQHandler</a> from startup_mk22f12810.o(.text) referenced from startup_mk22f12810.o(RESET)
 <LI><a href="#[35]">Reserved39_IRQHandler</a> from startup_mk22f12810.o(.text) referenced from startup_mk22f12810.o(RESET)
 <LI><a href="#[43]">Reserved53_IRQHandler</a> from startup_mk22f12810.o(.text) referenced from startup_mk22f12810.o(RESET)
 <LI><a href="#[44]">Reserved54_IRQHandler</a> from startup_mk22f12810.o(.text) referenced from startup_mk22f12810.o(RESET)
 <LI><a href="#[4b]">Reserved61_IRQHandler</a> from startup_mk22f12810.o(.text) referenced from startup_mk22f12810.o(RESET)
 <LI><a href="#[54]">Reserved70_IRQHandler</a> from startup_mk22f12810.o(.text) referenced from startup_mk22f12810.o(RESET)
 <LI><a href="#[55]">Reserved71_IRQHandler</a> from startup_mk22f12810.o(.text) referenced from startup_mk22f12810.o(RESET)
 <LI><a href="#[5f]">Reserved81_IRQHandler</a> from startup_mk22f12810.o(.text) referenced from startup_mk22f12810.o(RESET)
 <LI><a href="#[60]">Reserved82_IRQHandler</a> from startup_mk22f12810.o(.text) referenced from startup_mk22f12810.o(RESET)
 <LI><a href="#[61]">Reserved83_IRQHandler</a> from startup_mk22f12810.o(.text) referenced from startup_mk22f12810.o(RESET)
 <LI><a href="#[62]">Reserved84_IRQHandler</a> from startup_mk22f12810.o(.text) referenced from startup_mk22f12810.o(RESET)
 <LI><a href="#[63]">Reserved85_IRQHandler</a> from startup_mk22f12810.o(.text) referenced from startup_mk22f12810.o(RESET)
 <LI><a href="#[64]">Reserved86_IRQHandler</a> from startup_mk22f12810.o(.text) referenced from startup_mk22f12810.o(RESET)
 <LI><a href="#[65]">Reserved87_IRQHandler</a> from startup_mk22f12810.o(.text) referenced from startup_mk22f12810.o(RESET)
 <LI><a href="#[66]">Reserved88_IRQHandler</a> from startup_mk22f12810.o(.text) referenced from startup_mk22f12810.o(RESET)
 <LI><a href="#[68]">Reserved90_IRQHandler</a> from startup_mk22f12810.o(.text) referenced from startup_mk22f12810.o(RESET)
 <LI><a href="#[69]">Reserved91_IRQHandler</a> from startup_mk22f12810.o(.text) referenced from startup_mk22f12810.o(RESET)
 <LI><a href="#[6a]">Reserved92_IRQHandler</a> from startup_mk22f12810.o(.text) referenced from startup_mk22f12810.o(RESET)
 <LI><a href="#[6b]">Reserved93_IRQHandler</a> from startup_mk22f12810.o(.text) referenced from startup_mk22f12810.o(RESET)
 <LI><a href="#[6c]">Reserved94_IRQHandler</a> from startup_mk22f12810.o(.text) referenced from startup_mk22f12810.o(RESET)
 <LI><a href="#[6d]">Reserved95_IRQHandler</a> from startup_mk22f12810.o(.text) referenced from startup_mk22f12810.o(RESET)
 <LI><a href="#[6e]">Reserved96_IRQHandler</a> from startup_mk22f12810.o(.text) referenced from startup_mk22f12810.o(RESET)
 <LI><a href="#[6f]">Reserved97_IRQHandler</a> from startup_mk22f12810.o(.text) referenced from startup_mk22f12810.o(RESET)
 <LI><a href="#[70]">Reserved98_IRQHandler</a> from startup_mk22f12810.o(.text) referenced from startup_mk22f12810.o(RESET)
 <LI><a href="#[71]">Reserved99_IRQHandler</a> from startup_mk22f12810.o(.text) referenced from startup_mk22f12810.o(RESET)
 <LI><a href="#[14]">Reset_Handler</a> from startup_mk22f12810.o(.text) referenced from startup_mk22f12810.o(RESET)
 <LI><a href="#[7f]">SPI0_DriverIRQHandler</a> from fsl_dspi.o(i.SPI0_DriverIRQHandler) referenced from startup_mk22f12810.o(.text)
 <LI><a href="#[38]">SPI0_IRQHandler</a> from startup_mk22f12810.o(.text) referenced from startup_mk22f12810.o(RESET)
 <LI><a href="#[80]">SPI1_DriverIRQHandler</a> from fsl_dspi.o(i.SPI1_DriverIRQHandler) referenced from startup_mk22f12810.o(.text)
 <LI><a href="#[39]">SPI1_IRQHandler</a> from startup_mk22f12810.o(.text) referenced from startup_mk22f12810.o(RESET)
 <LI><a href="#[1a]">SVC_Handler</a> from startup_mk22f12810.o(.text) referenced from startup_mk22f12810.o(RESET)
 <LI><a href="#[5e]">SWI_IRQHandler</a> from startup_mk22f12810.o(.text) referenced from startup_mk22f12810.o(RESET)
 <LI><a href="#[1d]">SysTick_Handler</a> from systick.o(i.SysTick_Handler) referenced from startup_mk22f12810.o(RESET)
 <LI><a href="#[76]">SystemInit</a> from system_mk22f12810.o(i.SystemInit) referenced from startup_mk22f12810.o(.text)
 <LI><a href="#[85]">UART0_ERR_DriverIRQHandler</a> from startup_mk22f12810.o(.text) referenced from startup_mk22f12810.o(.text)
 <LI><a href="#[3e]">UART0_ERR_IRQHandler</a> from startup_mk22f12810.o(.text) referenced from startup_mk22f12810.o(RESET)
 <LI><a href="#[84]">UART0_RX_TX_DriverIRQHandler</a> from fsl_uart.o(i.UART0_RX_TX_DriverIRQHandler) referenced from startup_mk22f12810.o(.text)
 <LI><a href="#[3d]">UART0_RX_TX_IRQHandler</a> from startup_mk22f12810.o(.text) referenced from startup_mk22f12810.o(RESET)
 <LI><a href="#[87]">UART1_ERR_DriverIRQHandler</a> from startup_mk22f12810.o(.text) referenced from startup_mk22f12810.o(.text)
 <LI><a href="#[40]">UART1_ERR_IRQHandler</a> from startup_mk22f12810.o(.text) referenced from startup_mk22f12810.o(RESET)
 <LI><a href="#[86]">UART1_RX_TX_DriverIRQHandler</a> from fsl_uart.o(i.UART1_RX_TX_DriverIRQHandler) referenced from startup_mk22f12810.o(.text)
 <LI><a href="#[3f]">UART1_RX_TX_IRQHandler</a> from uart.o(i.UART1_RX_TX_IRQHandler) referenced from startup_mk22f12810.o(RESET)
 <LI><a href="#[89]">UART2_ERR_DriverIRQHandler</a> from startup_mk22f12810.o(.text) referenced from startup_mk22f12810.o(.text)
 <LI><a href="#[42]">UART2_ERR_IRQHandler</a> from startup_mk22f12810.o(.text) referenced from startup_mk22f12810.o(RESET)
 <LI><a href="#[88]">UART2_RX_TX_DriverIRQHandler</a> from fsl_uart.o(i.UART2_RX_TX_DriverIRQHandler) referenced from startup_mk22f12810.o(.text)
 <LI><a href="#[41]">UART2_RX_TX_IRQHandler</a> from startup_mk22f12810.o(.text) referenced from startup_mk22f12810.o(RESET)
 <LI><a href="#[53]">USB0_IRQHandler</a> from usbd_mk20d5.o(i.USB0_IRQHandler) referenced from startup_mk22f12810.o(RESET)
 <LI><a href="#[96]">USBD_CDC_ACM_EP_BULK_Event</a> from usbd_cdc_acm.o(i.USBD_CDC_ACM_EP_BULK_Event) referenced from usb_config.o(.constdata)
 <LI><a href="#[95]">USBD_CDC_ACM_EP_INTIN_Event</a> from usbd_cdc_acm.o(i.USBD_CDC_ACM_EP_INTIN_Event) referenced from usb_config.o(.constdata)
 <LI><a href="#[93]">USBD_CLS_EP_BULK_Event</a> from usbd_cls.o(i.USBD_CLS_EP_BULK_Event) referenced from usb_config.o(.constdata)
 <LI><a href="#[97]">USBD_Configure_Event</a> from usb_config.o(i.USBD_Configure_Event) referenced from usb_config.o(.constdata)
 <LI><a href="#[92]">USBD_EndPoint0</a> from usbd_core.o(i.USBD_EndPoint0) referenced from usb_config.o(.constdata)
 <LI><a href="#[94]">USBD_HID_EP_INT_Event</a> from usbd_hid.o(i.USBD_HID_EP_INT_Event) referenced from usb_config.o(.constdata)
 <LI><a href="#[90]">USBD_Reset_Event</a> from usb_config.o(i.USBD_Reset_Event) referenced from usb_config.o(.constdata)
 <LI><a href="#[91]">USBD_SOF_Event</a> from usb_config.o(i.USBD_SOF_Event) referenced from usb_config.o(.constdata)
 <LI><a href="#[19]">UsageFault_Handler</a> from startup_mk22f12810.o(.text) referenced from startup_mk22f12810.o(RESET)
 <LI><a href="#[34]">WDOG_EWM_IRQHandler</a> from startup_mk22f12810.o(.text) referenced from startup_mk22f12810.o(RESET)
 <LI><a href="#[77]">__main</a> from entry.o(.ARM.Collect$$$$00000000) referenced from startup_mk22f12810.o(.text)
 <LI><a href="#[8c]">_sputc</a> from printf8.o(i._sputc) referenced from printf8.o(i.__0sprintf$8)
 <LI><a href="#[8b]">gpio_key0_down</a> from gpio.o(i.gpio_key0_down) referenced from key.o(i.Key_InitVar)
 <LI><a href="#[6]">isp_chipid_check</a> from isp_prog_intf.o(i.isp_chipid_check) referenced 2 times from isp_prog_intf.o(.data)
 <LI><a href="#[0]">isp_init</a> from isp_prog_intf.o(i.isp_init) referenced 2 times from isp_prog_intf.o(.data)
 <LI><a href="#[4]">isp_prog_check_empty</a> from isp_prog_intf.o(i.isp_prog_check_empty) referenced 2 times from isp_prog_intf.o(.data)
 <LI><a href="#[8]">isp_prog_encrypt_chip</a> from isp_prog_intf.o(i.isp_prog_encrypt_chip) referenced 2 times from isp_prog_intf.o(.data)
 <LI><a href="#[3]">isp_prog_erase_chip</a> from isp_prog_intf.o(i.isp_prog_erase_chip) referenced 2 times from isp_prog_intf.o(.data)
 <LI><a href="#[1]">isp_prog_init</a> from isp_prog_intf.o(i.isp_prog_init) referenced 2 times from isp_prog_intf.o(.data)
 <LI><a href="#[9]">isp_prog_program_config</a> from isp_prog_intf.o(i.isp_prog_program_config) referenced 2 times from isp_prog_intf.o(.data)
 <LI><a href="#[c]">isp_prog_program_flash</a> from isp_prog_intf.o(i.isp_prog_program_flash) referenced 2 times from isp_prog_intf.o(.data)
 <LI><a href="#[7]">isp_prog_read_checksum</a> from isp_prog_intf.o(i.isp_prog_read_checksum) referenced 2 times from isp_prog_intf.o(.data)
 <LI><a href="#[5]">isp_prog_read_chipid</a> from isp_prog_intf.o(i.isp_prog_read_chipid) referenced 2 times from isp_prog_intf.o(.data)
 <LI><a href="#[a]">isp_prog_read_config</a> from isp_prog_intf.o(i.isp_prog_read_config) referenced 2 times from isp_prog_intf.o(.data)
 <LI><a href="#[d]">isp_prog_read_flash</a> from isp_prog_intf.o(i.isp_prog_read_flash) referenced 2 times from isp_prog_intf.o(.data)
 <LI><a href="#[2]">isp_prog_uninit</a> from isp_prog_intf.o(i.isp_prog_uninit) referenced 2 times from isp_prog_intf.o(.data)
 <LI><a href="#[b]">isp_prog_verify_config</a> from isp_prog_intf.o(i.isp_prog_verify_config) referenced 2 times from isp_prog_intf.o(.data)
 <LI><a href="#[e]">isp_prog_verify_flash</a> from isp_prog_intf.o(i.isp_prog_verify_flash) referenced 2 times from isp_prog_intf.o(.data)
 <LI><a href="#[10]">isp_target_program_all</a> from isp_prog_intf.o(i.isp_target_program_all) referenced 2 times from isp_prog_intf.o(.data)
 <LI><a href="#[f]">isp_target_program_config_all</a> from isp_prog_intf.o(i.isp_target_program_config_all) referenced 2 times from isp_prog_intf.o(.data)
 <LI><a href="#[11]">isp_target_verify_all</a> from isp_prog_intf.o(i.isp_target_verify_all) referenced 2 times from isp_prog_intf.o(.data)
 <LI><a href="#[13]">logo_display</a> from link_menu.o(i.logo_display) referenced 2 times from link_menu.o(.data)
 <LI><a href="#[75]">main</a> from main.o(i.main) referenced from entry9a.o(.ARM.Collect$$$$0000000B)
 <LI><a href="#[8e]">ofl_auto_check_start</a> from offline_app.o(i.ofl_auto_check_start) referenced from offline_app.o(i.ofl_prog_init)
 <LI><a href="#[8f]">ofl_machine_start</a> from offline_app.o(i.ofl_machine_start) referenced from offline_app.o(i.ofl_prog_init)
 <LI><a href="#[12]">ofl_program_display</a> from link_menu.o(i.ofl_program_display) referenced 2 times from link_menu.o(.data)
 <LI><a href="#[8d]">online_file_read</a> from sflash_port.o(i.online_file_read) referenced from isp_prog_intf.o(i.isp_init)
</UL>
<P>
<H3>
Global Symbols
</H3>
<P><STRONG><a name="[77]"></a>__main</STRONG> (Thumb, 0 bytes, Stack size unknown bytes, entry.o(.ARM.Collect$$$$00000000))
<BR>[Address Reference Count : 1]<UL><LI> startup_mk22f12810.o(.text)
</UL>
<P><STRONG><a name="[273]"></a>_main_stk</STRONG> (Thumb, 0 bytes, Stack size unknown bytes, entry4.o(.ARM.Collect$$$$00000003))

<P><STRONG><a name="[98]"></a>_main_scatterload</STRONG> (Thumb, 0 bytes, Stack size unknown bytes, entry5.o(.ARM.Collect$$$$00000004))
<BR><BR>[Calls]<UL><LI><a href="#[99]">&gt;&gt;</a>&nbsp;&nbsp;&nbsp;__scatterload
</UL>

<P><STRONG><a name="[a0]"></a>__main_after_scatterload</STRONG> (Thumb, 0 bytes, Stack size unknown bytes, entry5.o(.ARM.Collect$$$$00000004))
<BR><BR>[Called By]<UL><LI><a href="#[99]">&gt;&gt;</a>&nbsp;&nbsp;&nbsp;__scatterload
</UL>

<P><STRONG><a name="[274]"></a>_main_clock</STRONG> (Thumb, 0 bytes, Stack size unknown bytes, entry7b.o(.ARM.Collect$$$$00000008))

<P><STRONG><a name="[275]"></a>_main_cpp_init</STRONG> (Thumb, 0 bytes, Stack size unknown bytes, entry8b.o(.ARM.Collect$$$$0000000A))

<P><STRONG><a name="[276]"></a>_main_init</STRONG> (Thumb, 0 bytes, Stack size unknown bytes, entry9a.o(.ARM.Collect$$$$0000000B))

<P><STRONG><a name="[277]"></a>__rt_final_cpp</STRONG> (Thumb, 0 bytes, Stack size unknown bytes, entry10a.o(.ARM.Collect$$$$0000000D))

<P><STRONG><a name="[278]"></a>__rt_final_exit</STRONG> (Thumb, 0 bytes, Stack size unknown bytes, entry11a.o(.ARM.Collect$$$$0000000F))

<P><STRONG><a name="[14]"></a>Reset_Handler</STRONG> (Thumb, 24 bytes, Stack size 0 bytes, startup_mk22f12810.o(.text))
<BR>[Address Reference Count : 1]<UL><LI> startup_mk22f12810.o(RESET)
</UL>
<P><STRONG><a name="[15]"></a>NMI_Handler</STRONG> (Thumb, 2 bytes, Stack size 0 bytes, startup_mk22f12810.o(.text))
<BR><BR>[Calls]<UL><LI><a href="#[15]">&gt;&gt;</a>&nbsp;&nbsp;&nbsp;NMI_Handler
</UL>
<BR>[Called By]<UL><LI><a href="#[15]">&gt;&gt;</a>&nbsp;&nbsp;&nbsp;NMI_Handler
</UL>
<BR>[Address Reference Count : 1]<UL><LI> startup_mk22f12810.o(RESET)
</UL>
<P><STRONG><a name="[17]"></a>MemManage_Handler</STRONG> (Thumb, 2 bytes, Stack size 0 bytes, startup_mk22f12810.o(.text))
<BR><BR>[Calls]<UL><LI><a href="#[17]">&gt;&gt;</a>&nbsp;&nbsp;&nbsp;MemManage_Handler
</UL>
<BR>[Called By]<UL><LI><a href="#[17]">&gt;&gt;</a>&nbsp;&nbsp;&nbsp;MemManage_Handler
</UL>
<BR>[Address Reference Count : 1]<UL><LI> startup_mk22f12810.o(RESET)
</UL>
<P><STRONG><a name="[18]"></a>BusFault_Handler</STRONG> (Thumb, 2 bytes, Stack size 0 bytes, startup_mk22f12810.o(.text))
<BR><BR>[Calls]<UL><LI><a href="#[18]">&gt;&gt;</a>&nbsp;&nbsp;&nbsp;BusFault_Handler
</UL>
<BR>[Called By]<UL><LI><a href="#[18]">&gt;&gt;</a>&nbsp;&nbsp;&nbsp;BusFault_Handler
</UL>
<BR>[Address Reference Count : 1]<UL><LI> startup_mk22f12810.o(RESET)
</UL>
<P><STRONG><a name="[19]"></a>UsageFault_Handler</STRONG> (Thumb, 2 bytes, Stack size 0 bytes, startup_mk22f12810.o(.text))
<BR><BR>[Calls]<UL><LI><a href="#[19]">&gt;&gt;</a>&nbsp;&nbsp;&nbsp;UsageFault_Handler
</UL>
<BR>[Called By]<UL><LI><a href="#[19]">&gt;&gt;</a>&nbsp;&nbsp;&nbsp;UsageFault_Handler
</UL>
<BR>[Address Reference Count : 1]<UL><LI> startup_mk22f12810.o(RESET)
</UL>
<P><STRONG><a name="[1a]"></a>SVC_Handler</STRONG> (Thumb, 2 bytes, Stack size 0 bytes, startup_mk22f12810.o(.text))
<BR><BR>[Calls]<UL><LI><a href="#[1a]">&gt;&gt;</a>&nbsp;&nbsp;&nbsp;SVC_Handler
</UL>
<BR>[Called By]<UL><LI><a href="#[1a]">&gt;&gt;</a>&nbsp;&nbsp;&nbsp;SVC_Handler
</UL>
<BR>[Address Reference Count : 1]<UL><LI> startup_mk22f12810.o(RESET)
</UL>
<P><STRONG><a name="[1b]"></a>DebugMon_Handler</STRONG> (Thumb, 2 bytes, Stack size 0 bytes, startup_mk22f12810.o(.text))
<BR><BR>[Calls]<UL><LI><a href="#[1b]">&gt;&gt;</a>&nbsp;&nbsp;&nbsp;DebugMon_Handler
</UL>
<BR>[Called By]<UL><LI><a href="#[1b]">&gt;&gt;</a>&nbsp;&nbsp;&nbsp;DebugMon_Handler
</UL>
<BR>[Address Reference Count : 1]<UL><LI> startup_mk22f12810.o(RESET)
</UL>
<P><STRONG><a name="[1c]"></a>PendSV_Handler</STRONG> (Thumb, 2 bytes, Stack size 0 bytes, startup_mk22f12810.o(.text))
<BR><BR>[Calls]<UL><LI><a href="#[1c]">&gt;&gt;</a>&nbsp;&nbsp;&nbsp;PendSV_Handler
</UL>
<BR>[Called By]<UL><LI><a href="#[1c]">&gt;&gt;</a>&nbsp;&nbsp;&nbsp;PendSV_Handler
</UL>
<BR>[Address Reference Count : 1]<UL><LI> startup_mk22f12810.o(RESET)
</UL>
<P><STRONG><a name="[1e]"></a>DMA0_IRQHandler</STRONG> (Thumb, 4 bytes, Stack size 0 bytes, startup_mk22f12810.o(.text))
<BR>[Address Reference Count : 1]<UL><LI> startup_mk22f12810.o(RESET)
</UL>
<P><STRONG><a name="[1f]"></a>DMA1_IRQHandler</STRONG> (Thumb, 4 bytes, Stack size 0 bytes, startup_mk22f12810.o(.text))
<BR>[Address Reference Count : 1]<UL><LI> startup_mk22f12810.o(RESET)
</UL>
<P><STRONG><a name="[20]"></a>DMA2_IRQHandler</STRONG> (Thumb, 4 bytes, Stack size 0 bytes, startup_mk22f12810.o(.text))
<BR>[Address Reference Count : 1]<UL><LI> startup_mk22f12810.o(RESET)
</UL>
<P><STRONG><a name="[21]"></a>DMA3_IRQHandler</STRONG> (Thumb, 4 bytes, Stack size 0 bytes, startup_mk22f12810.o(.text))
<BR>[Address Reference Count : 1]<UL><LI> startup_mk22f12810.o(RESET)
</UL>
<P><STRONG><a name="[2e]"></a>DMA_Error_IRQHandler</STRONG> (Thumb, 4 bytes, Stack size 0 bytes, startup_mk22f12810.o(.text))
<BR>[Address Reference Count : 1]<UL><LI> startup_mk22f12810.o(RESET)
</UL>
<P><STRONG><a name="[36]"></a>I2C0_IRQHandler</STRONG> (Thumb, 4 bytes, Stack size 0 bytes, startup_mk22f12810.o(.text))
<BR>[Address Reference Count : 1]<UL><LI> startup_mk22f12810.o(RESET)
</UL>
<P><STRONG><a name="[37]"></a>I2C1_IRQHandler</STRONG> (Thumb, 4 bytes, Stack size 0 bytes, startup_mk22f12810.o(.text))
<BR>[Address Reference Count : 1]<UL><LI> startup_mk22f12810.o(RESET)
</UL>
<P><STRONG><a name="[38]"></a>SPI0_IRQHandler</STRONG> (Thumb, 4 bytes, Stack size 0 bytes, startup_mk22f12810.o(.text))
<BR>[Address Reference Count : 1]<UL><LI> startup_mk22f12810.o(RESET)
</UL>
<P><STRONG><a name="[39]"></a>SPI1_IRQHandler</STRONG> (Thumb, 4 bytes, Stack size 0 bytes, startup_mk22f12810.o(.text))
<BR>[Address Reference Count : 1]<UL><LI> startup_mk22f12810.o(RESET)
</UL>
<P><STRONG><a name="[3a]"></a>I2S0_Tx_IRQHandler</STRONG> (Thumb, 4 bytes, Stack size 0 bytes, startup_mk22f12810.o(.text))
<BR>[Address Reference Count : 1]<UL><LI> startup_mk22f12810.o(RESET)
</UL>
<P><STRONG><a name="[3b]"></a>I2S0_Rx_IRQHandler</STRONG> (Thumb, 4 bytes, Stack size 0 bytes, startup_mk22f12810.o(.text))
<BR>[Address Reference Count : 1]<UL><LI> startup_mk22f12810.o(RESET)
</UL>
<P><STRONG><a name="[3c]"></a>LPUART0_IRQHandler</STRONG> (Thumb, 4 bytes, Stack size 0 bytes, startup_mk22f12810.o(.text))
<BR>[Address Reference Count : 1]<UL><LI> startup_mk22f12810.o(RESET)
</UL>
<P><STRONG><a name="[3d]"></a>UART0_RX_TX_IRQHandler</STRONG> (Thumb, 4 bytes, Stack size 0 bytes, startup_mk22f12810.o(.text))
<BR>[Address Reference Count : 1]<UL><LI> startup_mk22f12810.o(RESET)
</UL>
<P><STRONG><a name="[3e]"></a>UART0_ERR_IRQHandler</STRONG> (Thumb, 4 bytes, Stack size 0 bytes, startup_mk22f12810.o(.text))
<BR>[Address Reference Count : 1]<UL><LI> startup_mk22f12810.o(RESET)
</UL>
<P><STRONG><a name="[40]"></a>UART1_ERR_IRQHandler</STRONG> (Thumb, 4 bytes, Stack size 0 bytes, startup_mk22f12810.o(.text))
<BR>[Address Reference Count : 1]<UL><LI> startup_mk22f12810.o(RESET)
</UL>
<P><STRONG><a name="[41]"></a>UART2_RX_TX_IRQHandler</STRONG> (Thumb, 4 bytes, Stack size 0 bytes, startup_mk22f12810.o(.text))
<BR>[Address Reference Count : 1]<UL><LI> startup_mk22f12810.o(RESET)
</UL>
<P><STRONG><a name="[42]"></a>UART2_ERR_IRQHandler</STRONG> (Thumb, 4 bytes, Stack size 0 bytes, startup_mk22f12810.o(.text))
<BR>[Address Reference Count : 1]<UL><LI> startup_mk22f12810.o(RESET)
</UL>
<P><STRONG><a name="[45]"></a>ADC0_IRQHandler</STRONG> (Thumb, 0 bytes, Stack size 0 bytes, startup_mk22f12810.o(.text))
<BR>[Address Reference Count : 1]<UL><LI> startup_mk22f12810.o(RESET)
</UL>
<P><STRONG><a name="[67]"></a>ADC1_IRQHandler</STRONG> (Thumb, 0 bytes, Stack size 0 bytes, startup_mk22f12810.o(.text))
<BR>[Address Reference Count : 1]<UL><LI> startup_mk22f12810.o(RESET)
</UL>
<P><STRONG><a name="[46]"></a>CMP0_IRQHandler</STRONG> (Thumb, 0 bytes, Stack size 0 bytes, startup_mk22f12810.o(.text))
<BR>[Address Reference Count : 1]<UL><LI> startup_mk22f12810.o(RESET)
</UL>
<P><STRONG><a name="[47]"></a>CMP1_IRQHandler</STRONG> (Thumb, 0 bytes, Stack size 0 bytes, startup_mk22f12810.o(.text))
<BR>[Address Reference Count : 1]<UL><LI> startup_mk22f12810.o(RESET)
</UL>
<P><STRONG><a name="[56]"></a>DAC0_IRQHandler</STRONG> (Thumb, 0 bytes, Stack size 0 bytes, startup_mk22f12810.o(.text))
<BR>[Address Reference Count : 1]<UL><LI> startup_mk22f12810.o(RESET)
</UL>
<P><STRONG><a name="[78]"></a>DMA0_DriverIRQHandler</STRONG> (Thumb, 0 bytes, Stack size 0 bytes, startup_mk22f12810.o(.text))
<BR>[Address Reference Count : 1]<UL><LI> startup_mk22f12810.o(.text)
</UL>
<P><STRONG><a name="[79]"></a>DMA1_DriverIRQHandler</STRONG> (Thumb, 0 bytes, Stack size 0 bytes, startup_mk22f12810.o(.text))
<BR>[Address Reference Count : 1]<UL><LI> startup_mk22f12810.o(.text)
</UL>
<P><STRONG><a name="[7a]"></a>DMA2_DriverIRQHandler</STRONG> (Thumb, 0 bytes, Stack size 0 bytes, startup_mk22f12810.o(.text))
<BR>[Address Reference Count : 1]<UL><LI> startup_mk22f12810.o(.text)
</UL>
<P><STRONG><a name="[7b]"></a>DMA3_DriverIRQHandler</STRONG> (Thumb, 0 bytes, Stack size 0 bytes, startup_mk22f12810.o(.text))
<BR>[Address Reference Count : 1]<UL><LI> startup_mk22f12810.o(.text)
</UL>
<P><STRONG><a name="[7c]"></a>DMA_Error_DriverIRQHandler</STRONG> (Thumb, 0 bytes, Stack size 0 bytes, startup_mk22f12810.o(.text))
<BR>[Address Reference Count : 1]<UL><LI> startup_mk22f12810.o(.text)
</UL>
<P><STRONG><a name="[74]"></a>DefaultISR</STRONG> (Thumb, 0 bytes, Stack size 0 bytes, startup_mk22f12810.o(.text))
<BR>[Address Reference Count : 2]<UL><LI> startup_mk22f12810.o(RESET)
<LI> startup_mk22f12810.o(.text)
</UL>
<P><STRONG><a name="[30]"></a>FTF_IRQHandler</STRONG> (Thumb, 0 bytes, Stack size 0 bytes, startup_mk22f12810.o(.text))
<BR>[Address Reference Count : 1]<UL><LI> startup_mk22f12810.o(RESET)
</UL>
<P><STRONG><a name="[48]"></a>FTM0_IRQHandler</STRONG> (Thumb, 0 bytes, Stack size 0 bytes, startup_mk22f12810.o(.text))
<BR>[Address Reference Count : 1]<UL><LI> startup_mk22f12810.o(RESET)
</UL>
<P><STRONG><a name="[49]"></a>FTM1_IRQHandler</STRONG> (Thumb, 0 bytes, Stack size 0 bytes, startup_mk22f12810.o(.text))
<BR>[Address Reference Count : 1]<UL><LI> startup_mk22f12810.o(RESET)
</UL>
<P><STRONG><a name="[4a]"></a>FTM2_IRQHandler</STRONG> (Thumb, 0 bytes, Stack size 0 bytes, startup_mk22f12810.o(.text))
<BR>[Address Reference Count : 1]<UL><LI> startup_mk22f12810.o(RESET)
</UL>
<P><STRONG><a name="[7d]"></a>I2C0_DriverIRQHandler</STRONG> (Thumb, 0 bytes, Stack size 0 bytes, startup_mk22f12810.o(.text))
<BR>[Address Reference Count : 1]<UL><LI> startup_mk22f12810.o(.text)
</UL>
<P><STRONG><a name="[7e]"></a>I2C1_DriverIRQHandler</STRONG> (Thumb, 0 bytes, Stack size 0 bytes, startup_mk22f12810.o(.text))
<BR>[Address Reference Count : 1]<UL><LI> startup_mk22f12810.o(.text)
</UL>
<P><STRONG><a name="[82]"></a>I2S0_Rx_DriverIRQHandler</STRONG> (Thumb, 0 bytes, Stack size 0 bytes, startup_mk22f12810.o(.text))
<BR>[Address Reference Count : 1]<UL><LI> startup_mk22f12810.o(.text)
</UL>
<P><STRONG><a name="[81]"></a>I2S0_Tx_DriverIRQHandler</STRONG> (Thumb, 0 bytes, Stack size 0 bytes, startup_mk22f12810.o(.text))
<BR>[Address Reference Count : 1]<UL><LI> startup_mk22f12810.o(.text)
</UL>
<P><STRONG><a name="[33]"></a>LLWU_IRQHandler</STRONG> (Thumb, 0 bytes, Stack size 0 bytes, startup_mk22f12810.o(.text))
<BR>[Address Reference Count : 1]<UL><LI> startup_mk22f12810.o(RESET)
</UL>
<P><STRONG><a name="[58]"></a>LPTMR0_IRQHandler</STRONG> (Thumb, 0 bytes, Stack size 0 bytes, startup_mk22f12810.o(.text))
<BR>[Address Reference Count : 1]<UL><LI> startup_mk22f12810.o(RESET)
</UL>
<P><STRONG><a name="[83]"></a>LPUART0_DriverIRQHandler</STRONG> (Thumb, 0 bytes, Stack size 0 bytes, startup_mk22f12810.o(.text))
<BR>[Address Reference Count : 1]<UL><LI> startup_mk22f12810.o(.text)
</UL>
<P><STRONG><a name="[32]"></a>LVD_LVW_IRQHandler</STRONG> (Thumb, 0 bytes, Stack size 0 bytes, startup_mk22f12810.o(.text))
<BR>[Address Reference Count : 1]<UL><LI> startup_mk22f12810.o(RESET)
</UL>
<P><STRONG><a name="[57]"></a>MCG_IRQHandler</STRONG> (Thumb, 0 bytes, Stack size 0 bytes, startup_mk22f12810.o(.text))
<BR>[Address Reference Count : 1]<UL><LI> startup_mk22f12810.o(RESET)
</UL>
<P><STRONG><a name="[2f]"></a>MCM_IRQHandler</STRONG> (Thumb, 0 bytes, Stack size 0 bytes, startup_mk22f12810.o(.text))
<BR>[Address Reference Count : 1]<UL><LI> startup_mk22f12810.o(RESET)
</UL>
<P><STRONG><a name="[52]"></a>PDB0_IRQHandler</STRONG> (Thumb, 0 bytes, Stack size 0 bytes, startup_mk22f12810.o(.text))
<BR>[Address Reference Count : 1]<UL><LI> startup_mk22f12810.o(RESET)
</UL>
<P><STRONG><a name="[4e]"></a>PIT0_IRQHandler</STRONG> (Thumb, 0 bytes, Stack size 0 bytes, startup_mk22f12810.o(.text))
<BR>[Address Reference Count : 1]<UL><LI> startup_mk22f12810.o(RESET)
</UL>
<P><STRONG><a name="[4f]"></a>PIT1_IRQHandler</STRONG> (Thumb, 0 bytes, Stack size 0 bytes, startup_mk22f12810.o(.text))
<BR>[Address Reference Count : 1]<UL><LI> startup_mk22f12810.o(RESET)
</UL>
<P><STRONG><a name="[50]"></a>PIT2_IRQHandler</STRONG> (Thumb, 0 bytes, Stack size 0 bytes, startup_mk22f12810.o(.text))
<BR>[Address Reference Count : 1]<UL><LI> startup_mk22f12810.o(RESET)
</UL>
<P><STRONG><a name="[51]"></a>PIT3_IRQHandler</STRONG> (Thumb, 0 bytes, Stack size 0 bytes, startup_mk22f12810.o(.text))
<BR>[Address Reference Count : 1]<UL><LI> startup_mk22f12810.o(RESET)
</UL>
<P><STRONG><a name="[59]"></a>PORTA_IRQHandler</STRONG> (Thumb, 0 bytes, Stack size 0 bytes, startup_mk22f12810.o(.text))
<BR>[Address Reference Count : 1]<UL><LI> startup_mk22f12810.o(RESET)
</UL>
<P><STRONG><a name="[5a]"></a>PORTB_IRQHandler</STRONG> (Thumb, 0 bytes, Stack size 0 bytes, startup_mk22f12810.o(.text))
<BR>[Address Reference Count : 1]<UL><LI> startup_mk22f12810.o(RESET)
</UL>
<P><STRONG><a name="[5b]"></a>PORTC_IRQHandler</STRONG> (Thumb, 0 bytes, Stack size 0 bytes, startup_mk22f12810.o(.text))
<BR>[Address Reference Count : 1]<UL><LI> startup_mk22f12810.o(RESET)
</UL>
<P><STRONG><a name="[5c]"></a>PORTD_IRQHandler</STRONG> (Thumb, 0 bytes, Stack size 0 bytes, startup_mk22f12810.o(.text))
<BR>[Address Reference Count : 1]<UL><LI> startup_mk22f12810.o(RESET)
</UL>
<P><STRONG><a name="[5d]"></a>PORTE_IRQHandler</STRONG> (Thumb, 0 bytes, Stack size 0 bytes, startup_mk22f12810.o(.text))
<BR>[Address Reference Count : 1]<UL><LI> startup_mk22f12810.o(RESET)
</UL>
<P><STRONG><a name="[4c]"></a>RTC_IRQHandler</STRONG> (Thumb, 0 bytes, Stack size 0 bytes, startup_mk22f12810.o(.text))
<BR>[Address Reference Count : 1]<UL><LI> startup_mk22f12810.o(RESET)
</UL>
<P><STRONG><a name="[4d]"></a>RTC_Seconds_IRQHandler</STRONG> (Thumb, 0 bytes, Stack size 0 bytes, startup_mk22f12810.o(.text))
<BR>[Address Reference Count : 1]<UL><LI> startup_mk22f12810.o(RESET)
</UL>
<P><STRONG><a name="[31]"></a>Read_Collision_IRQHandler</STRONG> (Thumb, 0 bytes, Stack size 0 bytes, startup_mk22f12810.o(.text))
<BR>[Address Reference Count : 1]<UL><LI> startup_mk22f12810.o(RESET)
</UL>
<P><STRONG><a name="[72]"></a>Reserved100_IRQHandler</STRONG> (Thumb, 0 bytes, Stack size 0 bytes, startup_mk22f12810.o(.text))
<BR>[Address Reference Count : 1]<UL><LI> startup_mk22f12810.o(RESET)
</UL>
<P><STRONG><a name="[73]"></a>Reserved101_IRQHandler</STRONG> (Thumb, 0 bytes, Stack size 0 bytes, startup_mk22f12810.o(.text))
<BR>[Address Reference Count : 1]<UL><LI> startup_mk22f12810.o(RESET)
</UL>
<P><STRONG><a name="[22]"></a>Reserved20_IRQHandler</STRONG> (Thumb, 0 bytes, Stack size 0 bytes, startup_mk22f12810.o(.text))
<BR>[Address Reference Count : 1]<UL><LI> startup_mk22f12810.o(RESET)
</UL>
<P><STRONG><a name="[23]"></a>Reserved21_IRQHandler</STRONG> (Thumb, 0 bytes, Stack size 0 bytes, startup_mk22f12810.o(.text))
<BR>[Address Reference Count : 1]<UL><LI> startup_mk22f12810.o(RESET)
</UL>
<P><STRONG><a name="[24]"></a>Reserved22_IRQHandler</STRONG> (Thumb, 0 bytes, Stack size 0 bytes, startup_mk22f12810.o(.text))
<BR>[Address Reference Count : 1]<UL><LI> startup_mk22f12810.o(RESET)
</UL>
<P><STRONG><a name="[25]"></a>Reserved23_IRQHandler</STRONG> (Thumb, 0 bytes, Stack size 0 bytes, startup_mk22f12810.o(.text))
<BR>[Address Reference Count : 1]<UL><LI> startup_mk22f12810.o(RESET)
</UL>
<P><STRONG><a name="[26]"></a>Reserved24_IRQHandler</STRONG> (Thumb, 0 bytes, Stack size 0 bytes, startup_mk22f12810.o(.text))
<BR>[Address Reference Count : 1]<UL><LI> startup_mk22f12810.o(RESET)
</UL>
<P><STRONG><a name="[27]"></a>Reserved25_IRQHandler</STRONG> (Thumb, 0 bytes, Stack size 0 bytes, startup_mk22f12810.o(.text))
<BR>[Address Reference Count : 1]<UL><LI> startup_mk22f12810.o(RESET)
</UL>
<P><STRONG><a name="[28]"></a>Reserved26_IRQHandler</STRONG> (Thumb, 0 bytes, Stack size 0 bytes, startup_mk22f12810.o(.text))
<BR>[Address Reference Count : 1]<UL><LI> startup_mk22f12810.o(RESET)
</UL>
<P><STRONG><a name="[29]"></a>Reserved27_IRQHandler</STRONG> (Thumb, 0 bytes, Stack size 0 bytes, startup_mk22f12810.o(.text))
<BR>[Address Reference Count : 1]<UL><LI> startup_mk22f12810.o(RESET)
</UL>
<P><STRONG><a name="[2a]"></a>Reserved28_IRQHandler</STRONG> (Thumb, 0 bytes, Stack size 0 bytes, startup_mk22f12810.o(.text))
<BR>[Address Reference Count : 1]<UL><LI> startup_mk22f12810.o(RESET)
</UL>
<P><STRONG><a name="[2b]"></a>Reserved29_IRQHandler</STRONG> (Thumb, 0 bytes, Stack size 0 bytes, startup_mk22f12810.o(.text))
<BR>[Address Reference Count : 1]<UL><LI> startup_mk22f12810.o(RESET)
</UL>
<P><STRONG><a name="[2c]"></a>Reserved30_IRQHandler</STRONG> (Thumb, 0 bytes, Stack size 0 bytes, startup_mk22f12810.o(.text))
<BR>[Address Reference Count : 1]<UL><LI> startup_mk22f12810.o(RESET)
</UL>
<P><STRONG><a name="[2d]"></a>Reserved31_IRQHandler</STRONG> (Thumb, 0 bytes, Stack size 0 bytes, startup_mk22f12810.o(.text))
<BR>[Address Reference Count : 1]<UL><LI> startup_mk22f12810.o(RESET)
</UL>
<P><STRONG><a name="[35]"></a>Reserved39_IRQHandler</STRONG> (Thumb, 0 bytes, Stack size 0 bytes, startup_mk22f12810.o(.text))
<BR>[Address Reference Count : 1]<UL><LI> startup_mk22f12810.o(RESET)
</UL>
<P><STRONG><a name="[43]"></a>Reserved53_IRQHandler</STRONG> (Thumb, 0 bytes, Stack size 0 bytes, startup_mk22f12810.o(.text))
<BR>[Address Reference Count : 1]<UL><LI> startup_mk22f12810.o(RESET)
</UL>
<P><STRONG><a name="[44]"></a>Reserved54_IRQHandler</STRONG> (Thumb, 0 bytes, Stack size 0 bytes, startup_mk22f12810.o(.text))
<BR>[Address Reference Count : 1]<UL><LI> startup_mk22f12810.o(RESET)
</UL>
<P><STRONG><a name="[4b]"></a>Reserved61_IRQHandler</STRONG> (Thumb, 0 bytes, Stack size 0 bytes, startup_mk22f12810.o(.text))
<BR>[Address Reference Count : 1]<UL><LI> startup_mk22f12810.o(RESET)
</UL>
<P><STRONG><a name="[54]"></a>Reserved70_IRQHandler</STRONG> (Thumb, 0 bytes, Stack size 0 bytes, startup_mk22f12810.o(.text))
<BR>[Address Reference Count : 1]<UL><LI> startup_mk22f12810.o(RESET)
</UL>
<P><STRONG><a name="[55]"></a>Reserved71_IRQHandler</STRONG> (Thumb, 0 bytes, Stack size 0 bytes, startup_mk22f12810.o(.text))
<BR>[Address Reference Count : 1]<UL><LI> startup_mk22f12810.o(RESET)
</UL>
<P><STRONG><a name="[5f]"></a>Reserved81_IRQHandler</STRONG> (Thumb, 0 bytes, Stack size 0 bytes, startup_mk22f12810.o(.text))
<BR>[Address Reference Count : 1]<UL><LI> startup_mk22f12810.o(RESET)
</UL>
<P><STRONG><a name="[60]"></a>Reserved82_IRQHandler</STRONG> (Thumb, 0 bytes, Stack size 0 bytes, startup_mk22f12810.o(.text))
<BR>[Address Reference Count : 1]<UL><LI> startup_mk22f12810.o(RESET)
</UL>
<P><STRONG><a name="[61]"></a>Reserved83_IRQHandler</STRONG> (Thumb, 0 bytes, Stack size 0 bytes, startup_mk22f12810.o(.text))
<BR>[Address Reference Count : 1]<UL><LI> startup_mk22f12810.o(RESET)
</UL>
<P><STRONG><a name="[62]"></a>Reserved84_IRQHandler</STRONG> (Thumb, 0 bytes, Stack size 0 bytes, startup_mk22f12810.o(.text))
<BR>[Address Reference Count : 1]<UL><LI> startup_mk22f12810.o(RESET)
</UL>
<P><STRONG><a name="[63]"></a>Reserved85_IRQHandler</STRONG> (Thumb, 0 bytes, Stack size 0 bytes, startup_mk22f12810.o(.text))
<BR>[Address Reference Count : 1]<UL><LI> startup_mk22f12810.o(RESET)
</UL>
<P><STRONG><a name="[64]"></a>Reserved86_IRQHandler</STRONG> (Thumb, 0 bytes, Stack size 0 bytes, startup_mk22f12810.o(.text))
<BR>[Address Reference Count : 1]<UL><LI> startup_mk22f12810.o(RESET)
</UL>
<P><STRONG><a name="[65]"></a>Reserved87_IRQHandler</STRONG> (Thumb, 0 bytes, Stack size 0 bytes, startup_mk22f12810.o(.text))
<BR>[Address Reference Count : 1]<UL><LI> startup_mk22f12810.o(RESET)
</UL>
<P><STRONG><a name="[66]"></a>Reserved88_IRQHandler</STRONG> (Thumb, 0 bytes, Stack size 0 bytes, startup_mk22f12810.o(.text))
<BR>[Address Reference Count : 1]<UL><LI> startup_mk22f12810.o(RESET)
</UL>
<P><STRONG><a name="[68]"></a>Reserved90_IRQHandler</STRONG> (Thumb, 0 bytes, Stack size 0 bytes, startup_mk22f12810.o(.text))
<BR>[Address Reference Count : 1]<UL><LI> startup_mk22f12810.o(RESET)
</UL>
<P><STRONG><a name="[69]"></a>Reserved91_IRQHandler</STRONG> (Thumb, 0 bytes, Stack size 0 bytes, startup_mk22f12810.o(.text))
<BR>[Address Reference Count : 1]<UL><LI> startup_mk22f12810.o(RESET)
</UL>
<P><STRONG><a name="[6a]"></a>Reserved92_IRQHandler</STRONG> (Thumb, 0 bytes, Stack size 0 bytes, startup_mk22f12810.o(.text))
<BR>[Address Reference Count : 1]<UL><LI> startup_mk22f12810.o(RESET)
</UL>
<P><STRONG><a name="[6b]"></a>Reserved93_IRQHandler</STRONG> (Thumb, 0 bytes, Stack size 0 bytes, startup_mk22f12810.o(.text))
<BR>[Address Reference Count : 1]<UL><LI> startup_mk22f12810.o(RESET)
</UL>
<P><STRONG><a name="[6c]"></a>Reserved94_IRQHandler</STRONG> (Thumb, 0 bytes, Stack size 0 bytes, startup_mk22f12810.o(.text))
<BR>[Address Reference Count : 1]<UL><LI> startup_mk22f12810.o(RESET)
</UL>
<P><STRONG><a name="[6d]"></a>Reserved95_IRQHandler</STRONG> (Thumb, 0 bytes, Stack size 0 bytes, startup_mk22f12810.o(.text))
<BR>[Address Reference Count : 1]<UL><LI> startup_mk22f12810.o(RESET)
</UL>
<P><STRONG><a name="[6e]"></a>Reserved96_IRQHandler</STRONG> (Thumb, 0 bytes, Stack size 0 bytes, startup_mk22f12810.o(.text))
<BR>[Address Reference Count : 1]<UL><LI> startup_mk22f12810.o(RESET)
</UL>
<P><STRONG><a name="[6f]"></a>Reserved97_IRQHandler</STRONG> (Thumb, 0 bytes, Stack size 0 bytes, startup_mk22f12810.o(.text))
<BR>[Address Reference Count : 1]<UL><LI> startup_mk22f12810.o(RESET)
</UL>
<P><STRONG><a name="[70]"></a>Reserved98_IRQHandler</STRONG> (Thumb, 0 bytes, Stack size 0 bytes, startup_mk22f12810.o(.text))
<BR>[Address Reference Count : 1]<UL><LI> startup_mk22f12810.o(RESET)
</UL>
<P><STRONG><a name="[71]"></a>Reserved99_IRQHandler</STRONG> (Thumb, 0 bytes, Stack size 0 bytes, startup_mk22f12810.o(.text))
<BR>[Address Reference Count : 1]<UL><LI> startup_mk22f12810.o(RESET)
</UL>
<P><STRONG><a name="[5e]"></a>SWI_IRQHandler</STRONG> (Thumb, 0 bytes, Stack size 0 bytes, startup_mk22f12810.o(.text))
<BR>[Address Reference Count : 1]<UL><LI> startup_mk22f12810.o(RESET)
</UL>
<P><STRONG><a name="[85]"></a>UART0_ERR_DriverIRQHandler</STRONG> (Thumb, 0 bytes, Stack size 0 bytes, startup_mk22f12810.o(.text))
<BR>[Address Reference Count : 1]<UL><LI> startup_mk22f12810.o(.text)
</UL>
<P><STRONG><a name="[87]"></a>UART1_ERR_DriverIRQHandler</STRONG> (Thumb, 0 bytes, Stack size 0 bytes, startup_mk22f12810.o(.text))
<BR>[Address Reference Count : 1]<UL><LI> startup_mk22f12810.o(.text)
</UL>
<P><STRONG><a name="[89]"></a>UART2_ERR_DriverIRQHandler</STRONG> (Thumb, 0 bytes, Stack size 0 bytes, startup_mk22f12810.o(.text))
<BR>[Address Reference Count : 1]<UL><LI> startup_mk22f12810.o(.text)
</UL>
<P><STRONG><a name="[34]"></a>WDOG_EWM_IRQHandler</STRONG> (Thumb, 0 bytes, Stack size 0 bytes, startup_mk22f12810.o(.text))
<BR>[Address Reference Count : 1]<UL><LI> startup_mk22f12810.o(RESET)
</UL>
<P><STRONG><a name="[9f]"></a>__aeabi_llsl</STRONG> (Thumb, 30 bytes, Stack size 0 bytes, llshl.o(.text))
<BR><BR>[Called By]<UL><LI><a href="#[1fd]">&gt;&gt;</a>&nbsp;&nbsp;&nbsp;get_serial_number_8bit
<LI><a href="#[1fc]">&gt;&gt;</a>&nbsp;&nbsp;&nbsp;get_serial_number_32bit
<LI><a href="#[9d]">&gt;&gt;</a>&nbsp;&nbsp;&nbsp;__aeabi_uldivmod
</UL>

<P><STRONG><a name="[279]"></a>_ll_shift_l</STRONG> (Thumb, 0 bytes, Stack size 0 bytes, llshl.o(.text), UNUSED)

<P><STRONG><a name="[9e]"></a>__aeabi_llsr</STRONG> (Thumb, 32 bytes, Stack size 0 bytes, llushr.o(.text))
<BR><BR>[Called By]<UL><LI><a href="#[23a]">&gt;&gt;</a>&nbsp;&nbsp;&nbsp;update_serial_number_8bit
<LI><a href="#[23c]">&gt;&gt;</a>&nbsp;&nbsp;&nbsp;update_serial_number_32bit
<LI><a href="#[9d]">&gt;&gt;</a>&nbsp;&nbsp;&nbsp;__aeabi_uldivmod
</UL>

<P><STRONG><a name="[27a]"></a>_ll_ushift_r</STRONG> (Thumb, 0 bytes, Stack size 0 bytes, llushr.o(.text), UNUSED)

<P><STRONG><a name="[101]"></a>__aeabi_memcpy</STRONG> (Thumb, 36 bytes, Stack size 0 bytes, memcpya.o(.text))
<BR><BR>[Called By]<UL><LI><a href="#[1ac]">&gt;&gt;</a>&nbsp;&nbsp;&nbsp;ofl_file_open
<LI><a href="#[183]">&gt;&gt;</a>&nbsp;&nbsp;&nbsp;ofl_file_delete
<LI><a href="#[1fb]">&gt;&gt;</a>&nbsp;&nbsp;&nbsp;get_ofl_file_info
<LI><a href="#[184]">&gt;&gt;</a>&nbsp;&nbsp;&nbsp;get_all_ofl_file
<LI><a href="#[1aa]">&gt;&gt;</a>&nbsp;&nbsp;&nbsp;download_ofl_prj_info
<LI><a href="#[204]">&gt;&gt;</a>&nbsp;&nbsp;&nbsp;usbd_hid_get_report_trigger
<LI><a href="#[148]">&gt;&gt;</a>&nbsp;&nbsp;&nbsp;usbd_hid_set_report
<LI><a href="#[146]">&gt;&gt;</a>&nbsp;&nbsp;&nbsp;usbd_hid_get_report
<LI><a href="#[1e3]">&gt;&gt;</a>&nbsp;&nbsp;&nbsp;file_find
<LI><a href="#[217]">&gt;&gt;</a>&nbsp;&nbsp;&nbsp;serial_number_intercept_write
<LI><a href="#[224]">&gt;&gt;</a>&nbsp;&nbsp;&nbsp;settings_rom_init
<LI><a href="#[208]">&gt;&gt;</a>&nbsp;&nbsp;&nbsp;info_rom_set
<LI><a href="#[174]">&gt;&gt;</a>&nbsp;&nbsp;&nbsp;config_rom_set
<LI><a href="#[178]">&gt;&gt;</a>&nbsp;&nbsp;&nbsp;iap_flash_program
<LI><a href="#[21f]">&gt;&gt;</a>&nbsp;&nbsp;&nbsp;oled_display_str
<LI><a href="#[e9]">&gt;&gt;</a>&nbsp;&nbsp;&nbsp;copy_flash_common_bit_operation
<LI><a href="#[102]">&gt;&gt;</a>&nbsp;&nbsp;&nbsp;USBD_CDC_ACM_DataSend
<LI><a href="#[100]">&gt;&gt;</a>&nbsp;&nbsp;&nbsp;USBD_CDC_ACM_DataRead
</UL>

<P><STRONG><a name="[27b]"></a>__aeabi_memcpy4</STRONG> (Thumb, 0 bytes, Stack size 0 bytes, memcpya.o(.text), UNUSED)

<P><STRONG><a name="[27c]"></a>__aeabi_memcpy8</STRONG> (Thumb, 0 bytes, Stack size 0 bytes, memcpya.o(.text), UNUSED)

<P><STRONG><a name="[9b]"></a>__aeabi_memset</STRONG> (Thumb, 14 bytes, Stack size 0 bytes, memseta.o(.text))
<BR><BR>[Called By]<UL><LI><a href="#[1ad]">&gt;&gt;</a>&nbsp;&nbsp;&nbsp;ofl_file_init_partition
<LI><a href="#[208]">&gt;&gt;</a>&nbsp;&nbsp;&nbsp;info_rom_set
<LI><a href="#[174]">&gt;&gt;</a>&nbsp;&nbsp;&nbsp;config_rom_set
<LI><a href="#[21f]">&gt;&gt;</a>&nbsp;&nbsp;&nbsp;oled_display_str
<LI><a href="#[9a]">&gt;&gt;</a>&nbsp;&nbsp;&nbsp;__aeabi_memclr
<LI><a href="#[9c]">&gt;&gt;</a>&nbsp;&nbsp;&nbsp;_memset$wrapper
</UL>

<P><STRONG><a name="[27d]"></a>__aeabi_memset4</STRONG> (Thumb, 0 bytes, Stack size 0 bytes, memseta.o(.text), UNUSED)

<P><STRONG><a name="[27e]"></a>__aeabi_memset8</STRONG> (Thumb, 0 bytes, Stack size 0 bytes, memseta.o(.text), UNUSED)

<P><STRONG><a name="[9a]"></a>__aeabi_memclr</STRONG> (Thumb, 4 bytes, Stack size 0 bytes, memseta.o(.text))
<BR><BR>[Calls]<UL><LI><a href="#[9b]">&gt;&gt;</a>&nbsp;&nbsp;&nbsp;__aeabi_memset
</UL>
<BR>[Called By]<UL><LI><a href="#[1c7]">&gt;&gt;</a>&nbsp;&nbsp;&nbsp;prog_process_command
</UL>

<P><STRONG><a name="[15c]"></a>__aeabi_memclr4</STRONG> (Thumb, 0 bytes, Stack size 0 bytes, memseta.o(.text))
<BR><BR>[Called By]<UL><LI><a href="#[1bd]">&gt;&gt;</a>&nbsp;&nbsp;&nbsp;es_download_hex_end
<LI><a href="#[1bb]">&gt;&gt;</a>&nbsp;&nbsp;&nbsp;es_download_config_word_end
<LI><a href="#[1af]">&gt;&gt;</a>&nbsp;&nbsp;&nbsp;download_ofl_prj_timing_end
<LI><a href="#[1a8]">&gt;&gt;</a>&nbsp;&nbsp;&nbsp;download_ofl_prj_hex_end
<LI><a href="#[19d]">&gt;&gt;</a>&nbsp;&nbsp;&nbsp;download_ofl_prj_config_end
<LI><a href="#[f]">&gt;&gt;</a>&nbsp;&nbsp;&nbsp;isp_target_program_config_all
<LI><a href="#[235]">&gt;&gt;</a>&nbsp;&nbsp;&nbsp;update_ofl_serial_number
<LI><a href="#[178]">&gt;&gt;</a>&nbsp;&nbsp;&nbsp;iap_flash_program
<LI><a href="#[207]">&gt;&gt;</a>&nbsp;&nbsp;&nbsp;iap_Init
<LI><a href="#[12]">&gt;&gt;</a>&nbsp;&nbsp;&nbsp;ofl_program_display
<LI><a href="#[23e]">&gt;&gt;</a>&nbsp;&nbsp;&nbsp;ofl_sn_display
<LI><a href="#[df]">&gt;&gt;</a>&nbsp;&nbsp;&nbsp;flash_get_matched_operation_info
<LI><a href="#[14d]">&gt;&gt;</a>&nbsp;&nbsp;&nbsp;USBD_Reset
</UL>

<P><STRONG><a name="[27f]"></a>__aeabi_memclr8</STRONG> (Thumb, 0 bytes, Stack size 0 bytes, memseta.o(.text), UNUSED)

<P><STRONG><a name="[9c]"></a>_memset$wrapper</STRONG> (Thumb, 18 bytes, Stack size 8 bytes, memseta.o(.text), UNUSED)
<BR><BR>[Calls]<UL><LI><a href="#[9b]">&gt;&gt;</a>&nbsp;&nbsp;&nbsp;__aeabi_memset
</UL>

<P><STRONG><a name="[9d]"></a>__aeabi_uldivmod</STRONG> (Thumb, 98 bytes, Stack size 40 bytes, uldiv.o(.text), UNUSED)
<BR><BR>[Calls]<UL><LI><a href="#[9e]">&gt;&gt;</a>&nbsp;&nbsp;&nbsp;__aeabi_llsr
<LI><a href="#[9f]">&gt;&gt;</a>&nbsp;&nbsp;&nbsp;__aeabi_llsl
</UL>
<BR>[Called By]<UL><LI><a href="#[15e]">&gt;&gt;</a>&nbsp;&nbsp;&nbsp;_printf_core
</UL>

<P><STRONG><a name="[99]"></a>__scatterload</STRONG> (Thumb, 28 bytes, Stack size 0 bytes, init.o(.text))
<BR><BR>[Calls]<UL><LI><a href="#[a0]">&gt;&gt;</a>&nbsp;&nbsp;&nbsp;__main_after_scatterload
</UL>
<BR>[Called By]<UL><LI><a href="#[98]">&gt;&gt;</a>&nbsp;&nbsp;&nbsp;_main_scatterload
</UL>

<P><STRONG><a name="[280]"></a>__scatterload_rt2</STRONG> (Thumb, 0 bytes, Stack size 0 bytes, init.o(.text), UNUSED)

<P><STRONG><a name="[281]"></a>__decompress</STRONG> (Thumb, 0 bytes, Stack size unknown bytes, __dczerorl2.o(.text), UNUSED)

<P><STRONG><a name="[282]"></a>__decompress1</STRONG> (Thumb, 86 bytes, Stack size unknown bytes, __dczerorl2.o(.text), UNUSED)

<P><STRONG><a name="[a1]"></a>BOARD_BootClockRUN</STRONG> (Thumb, 64 bytes, Stack size 8 bytes, clock_config.o(i.BOARD_BootClockRUN))
<BR><BR>[Stack]<UL><LI>Max Depth = 56<LI>Call Chain = BOARD_BootClockRUN &rArr; CLOCK_BootToFeeMode &rArr; CLOCK_SetFeeMode
</UL>
<BR>[Calls]<UL><LI><a href="#[a4]">&gt;&gt;</a>&nbsp;&nbsp;&nbsp;CLOCK_SetSimConfig
<LI><a href="#[a2]">&gt;&gt;</a>&nbsp;&nbsp;&nbsp;CLOCK_InitOsc0
<LI><a href="#[a5]">&gt;&gt;</a>&nbsp;&nbsp;&nbsp;CLOCK_EnableUsbfs0Clock
<LI><a href="#[a3]">&gt;&gt;</a>&nbsp;&nbsp;&nbsp;CLOCK_BootToFeeMode
</UL>
<BR>[Called By]<UL><LI><a href="#[75]">&gt;&gt;</a>&nbsp;&nbsp;&nbsp;main
</UL>

<P><STRONG><a name="[223]"></a>BOARD_InitDebugConsole</STRONG> (Thumb, 2 bytes, Stack size 0 bytes, board.o(i.BOARD_InitDebugConsole))
<BR><BR>[Called By]<UL><LI><a href="#[75]">&gt;&gt;</a>&nbsp;&nbsp;&nbsp;main
</UL>

<P><STRONG><a name="[a6]"></a>BOARD_InitPins</STRONG> (Thumb, 206 bytes, Stack size 8 bytes, pin_mux.o(i.BOARD_InitPins))
<BR><BR>[Stack]<UL><LI>Max Depth = 8<LI>Call Chain = BOARD_InitPins
</UL>
<BR>[Calls]<UL><LI><a href="#[a8]">&gt;&gt;</a>&nbsp;&nbsp;&nbsp;PORT_SetPinMux
<LI><a href="#[a7]">&gt;&gt;</a>&nbsp;&nbsp;&nbsp;CLOCK_EnableClock
</UL>
<BR>[Called By]<UL><LI><a href="#[75]">&gt;&gt;</a>&nbsp;&nbsp;&nbsp;main
</UL>

<P><STRONG><a name="[a3]"></a>CLOCK_BootToFeeMode</STRONG> (Thumb, 32 bytes, Stack size 24 bytes, fsl_clock.o(i.CLOCK_BootToFeeMode))
<BR><BR>[Stack]<UL><LI>Max Depth = 48<LI>Call Chain = CLOCK_BootToFeeMode &rArr; CLOCK_SetFeeMode
</UL>
<BR>[Calls]<UL><LI><a href="#[aa]">&gt;&gt;</a>&nbsp;&nbsp;&nbsp;CLOCK_SetFeeMode
<LI><a href="#[a9]">&gt;&gt;</a>&nbsp;&nbsp;&nbsp;CLOCK_SetExternalRefClkConfig
</UL>
<BR>[Called By]<UL><LI><a href="#[a1]">&gt;&gt;</a>&nbsp;&nbsp;&nbsp;BOARD_BootClockRUN
</UL>

<P><STRONG><a name="[a5]"></a>CLOCK_EnableUsbfs0Clock</STRONG> (Thumb, 122 bytes, Stack size 12 bytes, fsl_clock.o(i.CLOCK_EnableUsbfs0Clock))
<BR><BR>[Stack]<UL><LI>Max Depth = 12<LI>Call Chain = CLOCK_EnableUsbfs0Clock
</UL>
<BR>[Called By]<UL><LI><a href="#[a1]">&gt;&gt;</a>&nbsp;&nbsp;&nbsp;BOARD_BootClockRUN
</UL>

<P><STRONG><a name="[ab]"></a>CLOCK_GetEr32kClkFreq</STRONG> (Thumb, 56 bytes, Stack size 4 bytes, fsl_clock.o(i.CLOCK_GetEr32kClkFreq))
<BR><BR>[Stack]<UL><LI>Max Depth = 4<LI>Call Chain = CLOCK_GetEr32kClkFreq
</UL>
<BR>[Calls]<UL><LI><a href="#[ac]">&gt;&gt;</a>&nbsp;&nbsp;&nbsp;CLOCK_GetOsc0ErClkUndivFreq
</UL>
<BR>[Called By]<UL><LI><a href="#[b3]">&gt;&gt;</a>&nbsp;&nbsp;&nbsp;CLOCK_GetFreq
</UL>

<P><STRONG><a name="[ad]"></a>CLOCK_GetFixedFreqClkFreq</STRONG> (Thumb, 28 bytes, Stack size 8 bytes, fsl_clock.o(i.CLOCK_GetFixedFreqClkFreq))
<BR><BR>[Stack]<UL><LI>Max Depth = 24<LI>Call Chain = CLOCK_GetFixedFreqClkFreq &rArr; CLOCK_GetOutClkFreq &rArr; CLOCK_GetFllFreq &rArr; CLOCK_GetFllRefClkFreq &rArr; CLOCK_GetFllExtRefClkFreq
</UL>
<BR>[Calls]<UL><LI><a href="#[af]">&gt;&gt;</a>&nbsp;&nbsp;&nbsp;CLOCK_GetOutClkFreq
<LI><a href="#[ae]">&gt;&gt;</a>&nbsp;&nbsp;&nbsp;CLOCK_GetFllRefClkFreq
</UL>
<BR>[Called By]<UL><LI><a href="#[b3]">&gt;&gt;</a>&nbsp;&nbsp;&nbsp;CLOCK_GetFreq
</UL>

<P><STRONG><a name="[b2]"></a>CLOCK_GetFllFreq</STRONG> (Thumb, 46 bytes, Stack size 8 bytes, fsl_clock.o(i.CLOCK_GetFllFreq))
<BR><BR>[Stack]<UL><LI>Max Depth = 16<LI>Call Chain = CLOCK_GetFllFreq &rArr; CLOCK_GetFllRefClkFreq &rArr; CLOCK_GetFllExtRefClkFreq
</UL>
<BR>[Calls]<UL><LI><a href="#[ae]">&gt;&gt;</a>&nbsp;&nbsp;&nbsp;CLOCK_GetFllRefClkFreq
</UL>
<BR>[Called By]<UL><LI><a href="#[b3]">&gt;&gt;</a>&nbsp;&nbsp;&nbsp;CLOCK_GetFreq
<LI><a href="#[b4]">&gt;&gt;</a>&nbsp;&nbsp;&nbsp;CLOCK_GetPllFllSelClkFreq
<LI><a href="#[af]">&gt;&gt;</a>&nbsp;&nbsp;&nbsp;CLOCK_GetOutClkFreq
</UL>

<P><STRONG><a name="[b3]"></a>CLOCK_GetFreq</STRONG> (Thumb, 156 bytes, Stack size 8 bytes, fsl_clock.o(i.CLOCK_GetFreq))
<BR><BR>[Stack]<UL><LI>Max Depth = 32<LI>Call Chain = CLOCK_GetFreq &rArr; CLOCK_GetFixedFreqClkFreq &rArr; CLOCK_GetOutClkFreq &rArr; CLOCK_GetFllFreq &rArr; CLOCK_GetFllRefClkFreq &rArr; CLOCK_GetFllExtRefClkFreq
</UL>
<BR>[Calls]<UL><LI><a href="#[b4]">&gt;&gt;</a>&nbsp;&nbsp;&nbsp;CLOCK_GetPllFllSelClkFreq
<LI><a href="#[af]">&gt;&gt;</a>&nbsp;&nbsp;&nbsp;CLOCK_GetOutClkFreq
<LI><a href="#[ac]">&gt;&gt;</a>&nbsp;&nbsp;&nbsp;CLOCK_GetOsc0ErClkUndivFreq
<LI><a href="#[b6]">&gt;&gt;</a>&nbsp;&nbsp;&nbsp;CLOCK_GetOsc0ErClkDivFreq
<LI><a href="#[b5]">&gt;&gt;</a>&nbsp;&nbsp;&nbsp;CLOCK_GetInternalRefClkFreq
<LI><a href="#[b2]">&gt;&gt;</a>&nbsp;&nbsp;&nbsp;CLOCK_GetFllFreq
<LI><a href="#[ad]">&gt;&gt;</a>&nbsp;&nbsp;&nbsp;CLOCK_GetFixedFreqClkFreq
<LI><a href="#[ab]">&gt;&gt;</a>&nbsp;&nbsp;&nbsp;CLOCK_GetEr32kClkFreq
</UL>
<BR>[Called By]<UL><LI><a href="#[26a]">&gt;&gt;</a>&nbsp;&nbsp;&nbsp;spi_falsh_hw_init
</UL>

<P><STRONG><a name="[b5]"></a>CLOCK_GetInternalRefClkFreq</STRONG> (Thumb, 16 bytes, Stack size 0 bytes, fsl_clock.o(i.CLOCK_GetInternalRefClkFreq))
<BR><BR>[Calls]<UL><LI><a href="#[b7]">&gt;&gt;</a>&nbsp;&nbsp;&nbsp;CLOCK_GetInternalRefClkSelectFreq
</UL>
<BR>[Called By]<UL><LI><a href="#[b3]">&gt;&gt;</a>&nbsp;&nbsp;&nbsp;CLOCK_GetFreq
</UL>

<P><STRONG><a name="[b6]"></a>CLOCK_GetOsc0ErClkDivFreq</STRONG> (Thumb, 24 bytes, Stack size 0 bytes, fsl_clock.o(i.CLOCK_GetOsc0ErClkDivFreq))
<BR><BR>[Called By]<UL><LI><a href="#[b3]">&gt;&gt;</a>&nbsp;&nbsp;&nbsp;CLOCK_GetFreq
</UL>

<P><STRONG><a name="[ac]"></a>CLOCK_GetOsc0ErClkUndivFreq</STRONG> (Thumb, 18 bytes, Stack size 0 bytes, fsl_clock.o(i.CLOCK_GetOsc0ErClkUndivFreq))
<BR><BR>[Called By]<UL><LI><a href="#[b3]">&gt;&gt;</a>&nbsp;&nbsp;&nbsp;CLOCK_GetFreq
<LI><a href="#[ab]">&gt;&gt;</a>&nbsp;&nbsp;&nbsp;CLOCK_GetEr32kClkFreq
</UL>

<P><STRONG><a name="[af]"></a>CLOCK_GetOutClkFreq</STRONG> (Thumb, 36 bytes, Stack size 0 bytes, fsl_clock.o(i.CLOCK_GetOutClkFreq))
<BR><BR>[Stack]<UL><LI>Max Depth = 16<LI>Call Chain = CLOCK_GetOutClkFreq &rArr; CLOCK_GetFllFreq &rArr; CLOCK_GetFllRefClkFreq &rArr; CLOCK_GetFllExtRefClkFreq
</UL>
<BR>[Calls]<UL><LI><a href="#[b2]">&gt;&gt;</a>&nbsp;&nbsp;&nbsp;CLOCK_GetFllFreq
<LI><a href="#[b1]">&gt;&gt;</a>&nbsp;&nbsp;&nbsp;CLOCK_GetMcgExtClkFreq
<LI><a href="#[b7]">&gt;&gt;</a>&nbsp;&nbsp;&nbsp;CLOCK_GetInternalRefClkSelectFreq
</UL>
<BR>[Called By]<UL><LI><a href="#[b3]">&gt;&gt;</a>&nbsp;&nbsp;&nbsp;CLOCK_GetFreq
<LI><a href="#[ad]">&gt;&gt;</a>&nbsp;&nbsp;&nbsp;CLOCK_GetFixedFreqClkFreq
</UL>

<P><STRONG><a name="[b4]"></a>CLOCK_GetPllFllSelClkFreq</STRONG> (Thumb, 28 bytes, Stack size 0 bytes, fsl_clock.o(i.CLOCK_GetPllFllSelClkFreq))
<BR><BR>[Stack]<UL><LI>Max Depth = 16<LI>Call Chain = CLOCK_GetPllFllSelClkFreq &rArr; CLOCK_GetFllFreq &rArr; CLOCK_GetFllRefClkFreq &rArr; CLOCK_GetFllExtRefClkFreq
</UL>
<BR>[Calls]<UL><LI><a href="#[b2]">&gt;&gt;</a>&nbsp;&nbsp;&nbsp;CLOCK_GetFllFreq
</UL>
<BR>[Called By]<UL><LI><a href="#[b3]">&gt;&gt;</a>&nbsp;&nbsp;&nbsp;CLOCK_GetFreq
</UL>

<P><STRONG><a name="[a2]"></a>CLOCK_InitOsc0</STRONG> (Thumb, 88 bytes, Stack size 8 bytes, fsl_clock.o(i.CLOCK_InitOsc0))
<BR><BR>[Stack]<UL><LI>Max Depth = 8<LI>Call Chain = CLOCK_InitOsc0
</UL>
<BR>[Calls]<UL><LI><a href="#[b8]">&gt;&gt;</a>&nbsp;&nbsp;&nbsp;CLOCK_GetOscRangeFromFreq
</UL>
<BR>[Called By]<UL><LI><a href="#[a1]">&gt;&gt;</a>&nbsp;&nbsp;&nbsp;BOARD_BootClockRUN
</UL>

<P><STRONG><a name="[a9]"></a>CLOCK_SetExternalRefClkConfig</STRONG> (Thumb, 46 bytes, Stack size 0 bytes, fsl_clock.o(i.CLOCK_SetExternalRefClkConfig))
<BR><BR>[Called By]<UL><LI><a href="#[a3]">&gt;&gt;</a>&nbsp;&nbsp;&nbsp;CLOCK_BootToFeeMode
</UL>

<P><STRONG><a name="[aa]"></a>CLOCK_SetFeeMode</STRONG> (Thumb, 122 bytes, Stack size 24 bytes, fsl_clock.o(i.CLOCK_SetFeeMode))
<BR><BR>[Stack]<UL><LI>Max Depth = 24<LI>Call Chain = CLOCK_SetFeeMode
</UL>
<BR>[Called By]<UL><LI><a href="#[a3]">&gt;&gt;</a>&nbsp;&nbsp;&nbsp;CLOCK_BootToFeeMode
</UL>

<P><STRONG><a name="[a4]"></a>CLOCK_SetSimConfig</STRONG> (Thumb, 30 bytes, Stack size 0 bytes, fsl_clock.o(i.CLOCK_SetSimConfig))
<BR><BR>[Called By]<UL><LI><a href="#[a1]">&gt;&gt;</a>&nbsp;&nbsp;&nbsp;BOARD_BootClockRUN
</UL>

<P><STRONG><a name="[b9]"></a>DAP_ExecuteCommand</STRONG> (Thumb, 64 bytes, Stack size 24 bytes, dap.o(i.DAP_ExecuteCommand))
<BR><BR>[Stack]<UL><LI>Max Depth = 132<LI>Call Chain = DAP_ExecuteCommand &rArr; DAP_ProcessCommand &rArr; DAP_Transfer &rArr; DAP_SWD_Transfer &rArr; SWD_Transfer &rArr; SWD_TransferSlow
</UL>
<BR>[Calls]<UL><LI><a href="#[ba]">&gt;&gt;</a>&nbsp;&nbsp;&nbsp;DAP_ProcessCommand
</UL>
<BR>[Called By]<UL><LI><a href="#[148]">&gt;&gt;</a>&nbsp;&nbsp;&nbsp;usbd_hid_set_report
</UL>

<P><STRONG><a name="[ba]"></a>DAP_ProcessCommand</STRONG> (Thumb, 220 bytes, Stack size 8 bytes, dap.o(i.DAP_ProcessCommand))
<BR><BR>[Stack]<UL><LI>Max Depth = 108<LI>Call Chain = DAP_ProcessCommand &rArr; DAP_Transfer &rArr; DAP_SWD_Transfer &rArr; SWD_Transfer &rArr; SWD_TransferSlow
</UL>
<BR>[Calls]<UL><LI><a href="#[bb]">&gt;&gt;</a>&nbsp;&nbsp;&nbsp;DAP_ProcessVendorCommand
<LI><a href="#[cc]">&gt;&gt;</a>&nbsp;&nbsp;&nbsp;DAP_WriteAbort
<LI><a href="#[c9]">&gt;&gt;</a>&nbsp;&nbsp;&nbsp;DAP_TransferConfigure
<LI><a href="#[cb]">&gt;&gt;</a>&nbsp;&nbsp;&nbsp;DAP_TransferBlock
<LI><a href="#[ca]">&gt;&gt;</a>&nbsp;&nbsp;&nbsp;DAP_Transfer
<LI><a href="#[c4]">&gt;&gt;</a>&nbsp;&nbsp;&nbsp;DAP_SWJ_Sequence
<LI><a href="#[c2]">&gt;&gt;</a>&nbsp;&nbsp;&nbsp;DAP_SWJ_Pins
<LI><a href="#[c3]">&gt;&gt;</a>&nbsp;&nbsp;&nbsp;DAP_SWJ_Clock
<LI><a href="#[c5]">&gt;&gt;</a>&nbsp;&nbsp;&nbsp;DAP_SWD_Configure
<LI><a href="#[c1]">&gt;&gt;</a>&nbsp;&nbsp;&nbsp;DAP_ResetTarget
<LI><a href="#[c6]">&gt;&gt;</a>&nbsp;&nbsp;&nbsp;DAP_JTAG_Sequence
<LI><a href="#[c8]">&gt;&gt;</a>&nbsp;&nbsp;&nbsp;DAP_JTAG_IDCode
<LI><a href="#[c7]">&gt;&gt;</a>&nbsp;&nbsp;&nbsp;DAP_JTAG_Configure
<LI><a href="#[bc]">&gt;&gt;</a>&nbsp;&nbsp;&nbsp;DAP_Info
<LI><a href="#[bd]">&gt;&gt;</a>&nbsp;&nbsp;&nbsp;DAP_HostStatus
<LI><a href="#[bf]">&gt;&gt;</a>&nbsp;&nbsp;&nbsp;DAP_Disconnect
<LI><a href="#[c0]">&gt;&gt;</a>&nbsp;&nbsp;&nbsp;DAP_Delay
<LI><a href="#[be]">&gt;&gt;</a>&nbsp;&nbsp;&nbsp;DAP_Connect
</UL>
<BR>[Called By]<UL><LI><a href="#[b9]">&gt;&gt;</a>&nbsp;&nbsp;&nbsp;DAP_ExecuteCommand
</UL>

<P><STRONG><a name="[bb]"></a>DAP_ProcessVendorCommand</STRONG> (Thumb, 10 bytes, Stack size 0 bytes, dap.o(i.DAP_ProcessVendorCommand))
<BR><BR>[Called By]<UL><LI><a href="#[ba]">&gt;&gt;</a>&nbsp;&nbsp;&nbsp;DAP_ProcessCommand
</UL>

<P><STRONG><a name="[d2]"></a>DAP_Setup</STRONG> (Thumb, 32 bytes, Stack size 0 bytes, dap.o(i.DAP_Setup))
<BR><BR>[Stack]<UL><LI>Max Depth = 8<LI>Call Chain = DAP_Setup &rArr; DAP_SETUP
</UL>
<BR>[Calls]<UL><LI><a href="#[d3]">&gt;&gt;</a>&nbsp;&nbsp;&nbsp;DAP_SETUP
</UL>
<BR>[Called By]<UL><LI><a href="#[22b]">&gt;&gt;</a>&nbsp;&nbsp;&nbsp;oline_mini_app
<LI><a href="#[229]">&gt;&gt;</a>&nbsp;&nbsp;&nbsp;oline_app
</UL>

<P><STRONG><a name="[d6]"></a>DSPI_GetInstance</STRONG> (Thumb, 22 bytes, Stack size 0 bytes, fsl_dspi.o(i.DSPI_GetInstance))
<BR><BR>[Called By]<UL><LI><a href="#[d5]">&gt;&gt;</a>&nbsp;&nbsp;&nbsp;DSPI_MasterInit
<LI><a href="#[dc]">&gt;&gt;</a>&nbsp;&nbsp;&nbsp;DSPI_SetDummyData
</UL>

<P><STRONG><a name="[d5]"></a>DSPI_MasterInit</STRONG> (Thumb, 254 bytes, Stack size 32 bytes, fsl_dspi.o(i.DSPI_MasterInit))
<BR><BR>[Stack]<UL><LI>Max Depth = 100<LI>Call Chain = DSPI_MasterInit &rArr; DSPI_MasterSetDelayTimes &rArr; DSPI_MasterSetDelayScaler
</UL>
<BR>[Calls]<UL><LI><a href="#[d9]">&gt;&gt;</a>&nbsp;&nbsp;&nbsp;DSPI_SetOnePcsPolarity
<LI><a href="#[d8]">&gt;&gt;</a>&nbsp;&nbsp;&nbsp;DSPI_Enable
<LI><a href="#[d7]">&gt;&gt;</a>&nbsp;&nbsp;&nbsp;CLOCK_EnableClock
<LI><a href="#[dc]">&gt;&gt;</a>&nbsp;&nbsp;&nbsp;DSPI_SetDummyData
<LI><a href="#[db]">&gt;&gt;</a>&nbsp;&nbsp;&nbsp;DSPI_MasterSetDelayTimes
<LI><a href="#[da]">&gt;&gt;</a>&nbsp;&nbsp;&nbsp;DSPI_MasterSetBaudRate
<LI><a href="#[d6]">&gt;&gt;</a>&nbsp;&nbsp;&nbsp;DSPI_GetInstance
</UL>
<BR>[Called By]<UL><LI><a href="#[26a]">&gt;&gt;</a>&nbsp;&nbsp;&nbsp;spi_falsh_hw_init
</UL>

<P><STRONG><a name="[da]"></a>DSPI_MasterSetBaudRate</STRONG> (Thumb, 168 bytes, Stack size 36 bytes, fsl_dspi.o(i.DSPI_MasterSetBaudRate))
<BR><BR>[Stack]<UL><LI>Max Depth = 36<LI>Call Chain = DSPI_MasterSetBaudRate
</UL>
<BR>[Called By]<UL><LI><a href="#[d5]">&gt;&gt;</a>&nbsp;&nbsp;&nbsp;DSPI_MasterInit
</UL>

<P><STRONG><a name="[dd]"></a>DSPI_MasterSetDelayScaler</STRONG> (Thumb, 114 bytes, Stack size 12 bytes, fsl_dspi.o(i.DSPI_MasterSetDelayScaler))
<BR><BR>[Stack]<UL><LI>Max Depth = 12<LI>Call Chain = DSPI_MasterSetDelayScaler
</UL>
<BR>[Called By]<UL><LI><a href="#[db]">&gt;&gt;</a>&nbsp;&nbsp;&nbsp;DSPI_MasterSetDelayTimes
</UL>

<P><STRONG><a name="[db]"></a>DSPI_MasterSetDelayTimes</STRONG> (Thumb, 188 bytes, Stack size 56 bytes, fsl_dspi.o(i.DSPI_MasterSetDelayTimes))
<BR><BR>[Stack]<UL><LI>Max Depth = 68<LI>Call Chain = DSPI_MasterSetDelayTimes &rArr; DSPI_MasterSetDelayScaler
</UL>
<BR>[Calls]<UL><LI><a href="#[dd]">&gt;&gt;</a>&nbsp;&nbsp;&nbsp;DSPI_MasterSetDelayScaler
</UL>
<BR>[Called By]<UL><LI><a href="#[d5]">&gt;&gt;</a>&nbsp;&nbsp;&nbsp;DSPI_MasterInit
</UL>

<P><STRONG><a name="[dc]"></a>DSPI_SetDummyData</STRONG> (Thumb, 14 bytes, Stack size 8 bytes, fsl_dspi.o(i.DSPI_SetDummyData))
<BR><BR>[Stack]<UL><LI>Max Depth = 8<LI>Call Chain = DSPI_SetDummyData
</UL>
<BR>[Calls]<UL><LI><a href="#[d6]">&gt;&gt;</a>&nbsp;&nbsp;&nbsp;DSPI_GetInstance
</UL>
<BR>[Called By]<UL><LI><a href="#[d5]">&gt;&gt;</a>&nbsp;&nbsp;&nbsp;DSPI_MasterInit
</UL>

<P><STRONG><a name="[de]"></a>FLASH_Erase</STRONG> (Thumb, 138 bytes, Stack size 64 bytes, fsl_flash.o(i.FLASH_Erase))
<BR><BR>[Stack]<UL><LI>Max Depth = 80<LI>Call Chain = FLASH_Erase &rArr; flash_get_matched_operation_info
</UL>
<BR>[Calls]<UL><LI><a href="#[e4]">&gt;&gt;</a>&nbsp;&nbsp;&nbsp;flash_cache_clear
<LI><a href="#[df]">&gt;&gt;</a>&nbsp;&nbsp;&nbsp;flash_get_matched_operation_info
<LI><a href="#[e3]">&gt;&gt;</a>&nbsp;&nbsp;&nbsp;flash_command_sequence
<LI><a href="#[e1]">&gt;&gt;</a>&nbsp;&nbsp;&nbsp;flash_check_user_key
<LI><a href="#[e0]">&gt;&gt;</a>&nbsp;&nbsp;&nbsp;flash_check_range
<LI><a href="#[e2]">&gt;&gt;</a>&nbsp;&nbsp;&nbsp;flash_cache_clear_process
</UL>
<BR>[Called By]<UL><LI><a href="#[177]">&gt;&gt;</a>&nbsp;&nbsp;&nbsp;iap_erase_sector
</UL>

<P><STRONG><a name="[e5]"></a>FLASH_Init</STRONG> (Thumb, 104 bytes, Stack size 16 bytes, fsl_flash.o(i.FLASH_Init))
<BR><BR>[Stack]<UL><LI>Max Depth = 32<LI>Call Chain = FLASH_Init &rArr; FLASH_PrepareExecuteInRamFunctions &rArr; copy_flash_common_bit_operation
</UL>
<BR>[Calls]<UL><LI><a href="#[e7]">&gt;&gt;</a>&nbsp;&nbsp;&nbsp;FLASH_PrepareExecuteInRamFunctions
<LI><a href="#[e6]">&gt;&gt;</a>&nbsp;&nbsp;&nbsp;flash_check_execute_in_ram_function_info
</UL>
<BR>[Called By]<UL><LI><a href="#[207]">&gt;&gt;</a>&nbsp;&nbsp;&nbsp;iap_Init
</UL>

<P><STRONG><a name="[e7]"></a>FLASH_PrepareExecuteInRamFunctions</STRONG> (Thumb, 34 bytes, Stack size 8 bytes, fsl_flash.o(i.FLASH_PrepareExecuteInRamFunctions))
<BR><BR>[Stack]<UL><LI>Max Depth = 16<LI>Call Chain = FLASH_PrepareExecuteInRamFunctions &rArr; copy_flash_common_bit_operation
</UL>
<BR>[Calls]<UL><LI><a href="#[e8]">&gt;&gt;</a>&nbsp;&nbsp;&nbsp;copy_flash_run_command
<LI><a href="#[e9]">&gt;&gt;</a>&nbsp;&nbsp;&nbsp;copy_flash_common_bit_operation
</UL>
<BR>[Called By]<UL><LI><a href="#[e5]">&gt;&gt;</a>&nbsp;&nbsp;&nbsp;FLASH_Init
</UL>

<P><STRONG><a name="[ea]"></a>FLASH_Program</STRONG> (Thumb, 156 bytes, Stack size 64 bytes, fsl_flash.o(i.FLASH_Program))
<BR><BR>[Stack]<UL><LI>Max Depth = 80<LI>Call Chain = FLASH_Program &rArr; flash_get_matched_operation_info
</UL>
<BR>[Calls]<UL><LI><a href="#[e4]">&gt;&gt;</a>&nbsp;&nbsp;&nbsp;flash_cache_clear
<LI><a href="#[df]">&gt;&gt;</a>&nbsp;&nbsp;&nbsp;flash_get_matched_operation_info
<LI><a href="#[e3]">&gt;&gt;</a>&nbsp;&nbsp;&nbsp;flash_command_sequence
<LI><a href="#[e0]">&gt;&gt;</a>&nbsp;&nbsp;&nbsp;flash_check_range
<LI><a href="#[e2]">&gt;&gt;</a>&nbsp;&nbsp;&nbsp;flash_cache_clear_process
</UL>
<BR>[Called By]<UL><LI><a href="#[178]">&gt;&gt;</a>&nbsp;&nbsp;&nbsp;iap_flash_program
</UL>

<P><STRONG><a name="[eb]"></a>FLASH_VerifyErase</STRONG> (Thumb, 140 bytes, Stack size 64 bytes, fsl_flash.o(i.FLASH_VerifyErase))
<BR><BR>[Stack]<UL><LI>Max Depth = 80<LI>Call Chain = FLASH_VerifyErase &rArr; flash_get_matched_operation_info
</UL>
<BR>[Calls]<UL><LI><a href="#[df]">&gt;&gt;</a>&nbsp;&nbsp;&nbsp;flash_get_matched_operation_info
<LI><a href="#[e3]">&gt;&gt;</a>&nbsp;&nbsp;&nbsp;flash_command_sequence
<LI><a href="#[e0]">&gt;&gt;</a>&nbsp;&nbsp;&nbsp;flash_check_range
</UL>
<BR>[Called By]<UL><LI><a href="#[177]">&gt;&gt;</a>&nbsp;&nbsp;&nbsp;iap_erase_sector
</UL>

<P><STRONG><a name="[ec]"></a>FLASH_VerifyProgram</STRONG> (Thumb, 150 bytes, Stack size 72 bytes, fsl_flash.o(i.FLASH_VerifyProgram))
<BR><BR>[Stack]<UL><LI>Max Depth = 88<LI>Call Chain = FLASH_VerifyProgram &rArr; flash_get_matched_operation_info
</UL>
<BR>[Calls]<UL><LI><a href="#[df]">&gt;&gt;</a>&nbsp;&nbsp;&nbsp;flash_get_matched_operation_info
<LI><a href="#[e3]">&gt;&gt;</a>&nbsp;&nbsp;&nbsp;flash_command_sequence
<LI><a href="#[e0]">&gt;&gt;</a>&nbsp;&nbsp;&nbsp;flash_check_range
</UL>
<BR>[Called By]<UL><LI><a href="#[178]">&gt;&gt;</a>&nbsp;&nbsp;&nbsp;iap_flash_program
</UL>

<P><STRONG><a name="[16]"></a>HardFault_Handler</STRONG> (Thumb, 4 bytes, Stack size 0 bytes, main.o(i.HardFault_Handler))
<BR><BR>[Calls]<UL><LI><a href="#[ed]">&gt;&gt;</a>&nbsp;&nbsp;&nbsp;SystemSoftReset
</UL>
<BR>[Address Reference Count : 1]<UL><LI> startup_mk22f12810.o(RESET)
</UL>
<P><STRONG><a name="[f1]"></a>OLED_EndDraw</STRONG> (Thumb, 10 bytes, Stack size 0 bytes, oled.o(i.OLED_EndDraw))
<BR><BR>[Stack]<UL><LI>Max Depth = 36<LI>Call Chain = OLED_EndDraw &rArr; OLED_BufToPanel &rArr; oled_write_data
</UL>
<BR>[Calls]<UL><LI><a href="#[ee]">&gt;&gt;</a>&nbsp;&nbsp;&nbsp;OLED_BufToPanel
</UL>
<BR>[Called By]<UL><LI><a href="#[21f]">&gt;&gt;</a>&nbsp;&nbsp;&nbsp;oled_display_str
</UL>

<P><STRONG><a name="[f2]"></a>OLED_PutPixel</STRONG> (Thumb, 104 bytes, Stack size 32 bytes, oled.o(i.OLED_PutPixel))
<BR><BR>[Stack]<UL><LI>Max Depth = 44<LI>Call Chain = OLED_PutPixel &rArr; oled_write_data
</UL>
<BR>[Calls]<UL><LI><a href="#[f0]">&gt;&gt;</a>&nbsp;&nbsp;&nbsp;oled_write_data
<LI><a href="#[ef]">&gt;&gt;</a>&nbsp;&nbsp;&nbsp;oled_write_cmd
</UL>
<BR>[Called By]<UL><LI><a href="#[21f]">&gt;&gt;</a>&nbsp;&nbsp;&nbsp;oled_display_str
</UL>

<P><STRONG><a name="[242]"></a>OLED_StartDraw</STRONG> (Thumb, 8 bytes, Stack size 0 bytes, oled.o(i.OLED_StartDraw))
<BR><BR>[Called By]<UL><LI><a href="#[21f]">&gt;&gt;</a>&nbsp;&nbsp;&nbsp;oled_display_str
</UL>

<P><STRONG><a name="[7f]"></a>SPI0_DriverIRQHandler</STRONG> (Thumb, 10 bytes, Stack size 0 bytes, fsl_dspi.o(i.SPI0_DriverIRQHandler))
<BR><BR>[Stack]<UL><LI>Max Depth = 8<LI>Call Chain = SPI0_DriverIRQHandler &rArr; DSPI_CommonIRQHandler
</UL>
<BR>[Calls]<UL><LI><a href="#[f3]">&gt;&gt;</a>&nbsp;&nbsp;&nbsp;DSPI_CommonIRQHandler
</UL>
<BR>[Address Reference Count : 1]<UL><LI> startup_mk22f12810.o(.text)
</UL>
<P><STRONG><a name="[80]"></a>SPI1_DriverIRQHandler</STRONG> (Thumb, 10 bytes, Stack size 0 bytes, fsl_dspi.o(i.SPI1_DriverIRQHandler))
<BR><BR>[Stack]<UL><LI>Max Depth = 8<LI>Call Chain = SPI1_DriverIRQHandler &rArr; DSPI_CommonIRQHandler
</UL>
<BR>[Calls]<UL><LI><a href="#[f3]">&gt;&gt;</a>&nbsp;&nbsp;&nbsp;DSPI_CommonIRQHandler
</UL>
<BR>[Address Reference Count : 1]<UL><LI> startup_mk22f12810.o(.text)
</UL>
<P><STRONG><a name="[ce]"></a>SWD_Transfer</STRONG> (Thumb, 16 bytes, Stack size 0 bytes, sw_dp.o(i.SWD_Transfer))
<BR><BR>[Stack]<UL><LI>Max Depth = 36<LI>Call Chain = SWD_Transfer &rArr; SWD_TransferSlow
</UL>
<BR>[Calls]<UL><LI><a href="#[f5]">&gt;&gt;</a>&nbsp;&nbsp;&nbsp;SWD_TransferSlow
<LI><a href="#[f4]">&gt;&gt;</a>&nbsp;&nbsp;&nbsp;SWD_TransferFast
</UL>
<BR>[Called By]<UL><LI><a href="#[d0]">&gt;&gt;</a>&nbsp;&nbsp;&nbsp;DAP_SWD_WriteAbort
<LI><a href="#[cf]">&gt;&gt;</a>&nbsp;&nbsp;&nbsp;DAP_SWD_TransferBlock
<LI><a href="#[cd]">&gt;&gt;</a>&nbsp;&nbsp;&nbsp;DAP_SWD_Transfer
</UL>

<P><STRONG><a name="[f4]"></a>SWD_TransferFast</STRONG> (Thumb, 758 bytes, Stack size 28 bytes, sw_dp.o(i.SWD_TransferFast))
<BR><BR>[Stack]<UL><LI>Max Depth = 28<LI>Call Chain = SWD_TransferFast
</UL>
<BR>[Called By]<UL><LI><a href="#[ce]">&gt;&gt;</a>&nbsp;&nbsp;&nbsp;SWD_Transfer
</UL>

<P><STRONG><a name="[f5]"></a>SWD_TransferSlow</STRONG> (Thumb, 820 bytes, Stack size 36 bytes, sw_dp.o(i.SWD_TransferSlow))
<BR><BR>[Stack]<UL><LI>Max Depth = 36<LI>Call Chain = SWD_TransferSlow
</UL>
<BR>[Called By]<UL><LI><a href="#[ce]">&gt;&gt;</a>&nbsp;&nbsp;&nbsp;SWD_Transfer
</UL>

<P><STRONG><a name="[d1]"></a>SWJ_Sequence</STRONG> (Thumb, 74 bytes, Stack size 20 bytes, sw_dp.o(i.SWJ_Sequence))
<BR><BR>[Stack]<UL><LI>Max Depth = 20<LI>Call Chain = SWJ_Sequence
</UL>
<BR>[Called By]<UL><LI><a href="#[c4]">&gt;&gt;</a>&nbsp;&nbsp;&nbsp;DAP_SWJ_Sequence
</UL>

<P><STRONG><a name="[1d]"></a>SysTick_Handler</STRONG> (Thumb, 48 bytes, Stack size 0 bytes, systick.o(i.SysTick_Handler))
<BR><BR>[Stack]<UL><LI>Max Depth = 80<LI>Call Chain = SysTick_Handler &rArr; main_10ms_task &rArr; key_scan &rArr; bsp_detect_key &rArr; key_write_data &rArr; circ_buf_write &rArr; circ_buf_count_free
</UL>
<BR>[Calls]<UL><LI><a href="#[f6]">&gt;&gt;</a>&nbsp;&nbsp;&nbsp;main_10ms_task
</UL>
<BR>[Address Reference Count : 1]<UL><LI> startup_mk22f12810.o(RESET)
</UL>
<P><STRONG><a name="[76]"></a>SystemInit</STRONG> (Thumb, 32 bytes, Stack size 0 bytes, system_mk22f12810.o(i.SystemInit))
<BR>[Address Reference Count : 1]<UL><LI> startup_mk22f12810.o(.text)
</UL>
<P><STRONG><a name="[f7]"></a>UART0_DriverIRQHandler</STRONG> (Thumb, 20 bytes, Stack size 8 bytes, fsl_uart.o(i.UART0_DriverIRQHandler))
<BR><BR>[Stack]<UL><LI>Max Depth = 8<LI>Call Chain = UART0_DriverIRQHandler
</UL>
<BR>[Called By]<UL><LI><a href="#[84]">&gt;&gt;</a>&nbsp;&nbsp;&nbsp;UART0_RX_TX_DriverIRQHandler
</UL>

<P><STRONG><a name="[84]"></a>UART0_RX_TX_DriverIRQHandler</STRONG> (Thumb, 12 bytes, Stack size 8 bytes, fsl_uart.o(i.UART0_RX_TX_DriverIRQHandler))
<BR><BR>[Stack]<UL><LI>Max Depth = 16<LI>Call Chain = UART0_RX_TX_DriverIRQHandler &rArr; UART0_DriverIRQHandler
</UL>
<BR>[Calls]<UL><LI><a href="#[f7]">&gt;&gt;</a>&nbsp;&nbsp;&nbsp;UART0_DriverIRQHandler
</UL>
<BR>[Address Reference Count : 1]<UL><LI> startup_mk22f12810.o(.text)
</UL>
<P><STRONG><a name="[f8]"></a>UART1_DriverIRQHandler</STRONG> (Thumb, 20 bytes, Stack size 8 bytes, fsl_uart.o(i.UART1_DriverIRQHandler))
<BR><BR>[Stack]<UL><LI>Max Depth = 8<LI>Call Chain = UART1_DriverIRQHandler
</UL>
<BR>[Called By]<UL><LI><a href="#[86]">&gt;&gt;</a>&nbsp;&nbsp;&nbsp;UART1_RX_TX_DriverIRQHandler
</UL>

<P><STRONG><a name="[86]"></a>UART1_RX_TX_DriverIRQHandler</STRONG> (Thumb, 12 bytes, Stack size 8 bytes, fsl_uart.o(i.UART1_RX_TX_DriverIRQHandler))
<BR><BR>[Stack]<UL><LI>Max Depth = 16<LI>Call Chain = UART1_RX_TX_DriverIRQHandler &rArr; UART1_DriverIRQHandler
</UL>
<BR>[Calls]<UL><LI><a href="#[f8]">&gt;&gt;</a>&nbsp;&nbsp;&nbsp;UART1_DriverIRQHandler
</UL>
<BR>[Address Reference Count : 1]<UL><LI> startup_mk22f12810.o(.text)
</UL>
<P><STRONG><a name="[3f]"></a>UART1_RX_TX_IRQHandler</STRONG> (Thumb, 118 bytes, Stack size 16 bytes, uart.o(i.UART1_RX_TX_IRQHandler))
<BR><BR>[Stack]<UL><LI>Max Depth = 28<LI>Call Chain = UART1_RX_TX_IRQHandler &rArr; circ_buf_count_free
</UL>
<BR>[Calls]<UL><LI><a href="#[fc]">&gt;&gt;</a>&nbsp;&nbsp;&nbsp;circ_buf_push
<LI><a href="#[f9]">&gt;&gt;</a>&nbsp;&nbsp;&nbsp;circ_buf_pop
<LI><a href="#[fa]">&gt;&gt;</a>&nbsp;&nbsp;&nbsp;circ_buf_count_used
<LI><a href="#[fb]">&gt;&gt;</a>&nbsp;&nbsp;&nbsp;circ_buf_count_free
</UL>
<BR>[Address Reference Count : 1]<UL><LI> startup_mk22f12810.o(RESET)
</UL>
<P><STRONG><a name="[fd]"></a>UART2_DriverIRQHandler</STRONG> (Thumb, 20 bytes, Stack size 8 bytes, fsl_uart.o(i.UART2_DriverIRQHandler))
<BR><BR>[Stack]<UL><LI>Max Depth = 8<LI>Call Chain = UART2_DriverIRQHandler
</UL>
<BR>[Called By]<UL><LI><a href="#[88]">&gt;&gt;</a>&nbsp;&nbsp;&nbsp;UART2_RX_TX_DriverIRQHandler
</UL>

<P><STRONG><a name="[88]"></a>UART2_RX_TX_DriverIRQHandler</STRONG> (Thumb, 12 bytes, Stack size 8 bytes, fsl_uart.o(i.UART2_RX_TX_DriverIRQHandler))
<BR><BR>[Stack]<UL><LI>Max Depth = 16<LI>Call Chain = UART2_RX_TX_DriverIRQHandler &rArr; UART2_DriverIRQHandler
</UL>
<BR>[Calls]<UL><LI><a href="#[fd]">&gt;&gt;</a>&nbsp;&nbsp;&nbsp;UART2_DriverIRQHandler
</UL>
<BR>[Address Reference Count : 1]<UL><LI> startup_mk22f12810.o(.text)
</UL>
<P><STRONG><a name="[53]"></a>USB0_IRQHandler</STRONG> (Thumb, 218 bytes, Stack size 24 bytes, usbd_mk20d5.o(i.USB0_IRQHandler))
<BR><BR>[Stack]<UL><LI>Max Depth = 24<LI>Call Chain = USB0_IRQHandler
</UL>
<BR>[Calls]<UL><LI><a href="#[ff]">&gt;&gt;</a>&nbsp;&nbsp;&nbsp;USBD_SignalHandler
<LI><a href="#[fe]">&gt;&gt;</a>&nbsp;&nbsp;&nbsp;protected_or
</UL>
<BR>[Address Reference Count : 1]<UL><LI> startup_mk22f12810.o(RESET)
</UL>
<P><STRONG><a name="[13e]"></a>USBD_CDC_ACM_ClearCommFeature</STRONG> (Thumb, 4 bytes, Stack size 0 bytes, usbd_cdc_acm.o(i.USBD_CDC_ACM_ClearCommFeature))
<BR><BR>[Called By]<UL><LI><a href="#[134]">&gt;&gt;</a>&nbsp;&nbsp;&nbsp;USBD_EndPoint0_Setup_CDC_ReqToIF
</UL>

<P><STRONG><a name="[168]"></a>USBD_CDC_ACM_DataFree</STRONG> (Thumb, 16 bytes, Stack size 0 bytes, usbd_cdc_acm.o(i.USBD_CDC_ACM_DataFree))
<BR><BR>[Called By]<UL><LI><a href="#[167]">&gt;&gt;</a>&nbsp;&nbsp;&nbsp;cdc_process_event
</UL>

<P><STRONG><a name="[100]"></a>USBD_CDC_ACM_DataRead</STRONG> (Thumb, 46 bytes, Stack size 16 bytes, usbd_cdc_acm.o(i.USBD_CDC_ACM_DataRead))
<BR><BR>[Stack]<UL><LI>Max Depth = 16<LI>Call Chain = USBD_CDC_ACM_DataRead
</UL>
<BR>[Calls]<UL><LI><a href="#[101]">&gt;&gt;</a>&nbsp;&nbsp;&nbsp;__aeabi_memcpy
</UL>
<BR>[Called By]<UL><LI><a href="#[167]">&gt;&gt;</a>&nbsp;&nbsp;&nbsp;cdc_process_event
</UL>

<P><STRONG><a name="[108]"></a>USBD_CDC_ACM_DataReceived</STRONG> (Thumb, 4 bytes, Stack size 0 bytes, usbd_cdc_acm.o(i.USBD_CDC_ACM_DataReceived))
<BR><BR>[Called By]<UL><LI><a href="#[116]">&gt;&gt;</a>&nbsp;&nbsp;&nbsp;USBD_CDC_ACM_SOF_Event
<LI><a href="#[106]">&gt;&gt;</a>&nbsp;&nbsp;&nbsp;USBD_CDC_ACM_EP_BULKOUT_Event
</UL>

<P><STRONG><a name="[102]"></a>USBD_CDC_ACM_DataSend</STRONG> (Thumb, 106 bytes, Stack size 24 bytes, usbd_cdc_acm.o(i.USBD_CDC_ACM_DataSend))
<BR><BR>[Stack]<UL><LI>Max Depth = 24<LI>Call Chain = USBD_CDC_ACM_DataSend
</UL>
<BR>[Calls]<UL><LI><a href="#[101]">&gt;&gt;</a>&nbsp;&nbsp;&nbsp;__aeabi_memcpy
</UL>
<BR>[Called By]<UL><LI><a href="#[167]">&gt;&gt;</a>&nbsp;&nbsp;&nbsp;cdc_process_event
</UL>

<P><STRONG><a name="[103]"></a>USBD_CDC_ACM_EP_BULKIN_Event</STRONG> (Thumb, 24 bytes, Stack size 8 bytes, usbd_cdc_acm.o(i.USBD_CDC_ACM_EP_BULKIN_Event))
<BR><BR>[Stack]<UL><LI>Max Depth = 56<LI>Call Chain = USBD_CDC_ACM_EP_BULKIN_Event &rArr; USBD_CDC_ACM_EP_BULKIN_HandleData &rArr; USBD_WriteEP
</UL>
<BR>[Calls]<UL><LI><a href="#[104]">&gt;&gt;</a>&nbsp;&nbsp;&nbsp;USBD_CDC_ACM_EP_BULKIN_HandleData
</UL>
<BR>[Called By]<UL><LI><a href="#[96]">&gt;&gt;</a>&nbsp;&nbsp;&nbsp;USBD_CDC_ACM_EP_BULK_Event
</UL>

<P><STRONG><a name="[106]"></a>USBD_CDC_ACM_EP_BULKOUT_Event</STRONG> (Thumb, 50 bytes, Stack size 8 bytes, usbd_cdc_acm.o(i.USBD_CDC_ACM_EP_BULKOUT_Event))
<BR><BR>[Stack]<UL><LI>Max Depth = 48<LI>Call Chain = USBD_CDC_ACM_EP_BULKOUT_Event &rArr; USBD_CDC_ACM_EP_BULKOUT_HandleData &rArr; USBD_ReadEP
</UL>
<BR>[Calls]<UL><LI><a href="#[108]">&gt;&gt;</a>&nbsp;&nbsp;&nbsp;USBD_CDC_ACM_DataReceived
<LI><a href="#[107]">&gt;&gt;</a>&nbsp;&nbsp;&nbsp;USBD_CDC_ACM_EP_BULKOUT_HandleData
</UL>
<BR>[Called By]<UL><LI><a href="#[96]">&gt;&gt;</a>&nbsp;&nbsp;&nbsp;USBD_CDC_ACM_EP_BULK_Event
</UL>

<P><STRONG><a name="[96]"></a>USBD_CDC_ACM_EP_BULK_Event</STRONG> (Thumb, 30 bytes, Stack size 8 bytes, usbd_cdc_acm.o(i.USBD_CDC_ACM_EP_BULK_Event))
<BR><BR>[Stack]<UL><LI>Max Depth = 64<LI>Call Chain = USBD_CDC_ACM_EP_BULK_Event &rArr; USBD_CDC_ACM_EP_BULKIN_Event &rArr; USBD_CDC_ACM_EP_BULKIN_HandleData &rArr; USBD_WriteEP
</UL>
<BR>[Calls]<UL><LI><a href="#[106]">&gt;&gt;</a>&nbsp;&nbsp;&nbsp;USBD_CDC_ACM_EP_BULKOUT_Event
<LI><a href="#[103]">&gt;&gt;</a>&nbsp;&nbsp;&nbsp;USBD_CDC_ACM_EP_BULKIN_Event
</UL>
<BR>[Address Reference Count : 1]<UL><LI> usb_config.o(.constdata)
</UL>
<P><STRONG><a name="[95]"></a>USBD_CDC_ACM_EP_INTIN_Event</STRONG> (Thumb, 2 bytes, Stack size 0 bytes, usbd_cdc_acm.o(i.USBD_CDC_ACM_EP_INTIN_Event))
<BR>[Address Reference Count : 1]<UL><LI> usb_config.o(.constdata)
</UL>
<P><STRONG><a name="[13d]"></a>USBD_CDC_ACM_GetCommFeature</STRONG> (Thumb, 4 bytes, Stack size 0 bytes, usbd_cdc_acm.o(i.USBD_CDC_ACM_GetCommFeature))
<BR><BR>[Called By]<UL><LI><a href="#[134]">&gt;&gt;</a>&nbsp;&nbsp;&nbsp;USBD_EndPoint0_Setup_CDC_ReqToIF
</UL>

<P><STRONG><a name="[13c]"></a>USBD_CDC_ACM_GetEncapsulatedResponse</STRONG> (Thumb, 4 bytes, Stack size 0 bytes, usbd_cdc_acm.o(i.USBD_CDC_ACM_GetEncapsulatedResponse))
<BR><BR>[Called By]<UL><LI><a href="#[134]">&gt;&gt;</a>&nbsp;&nbsp;&nbsp;USBD_EndPoint0_Setup_CDC_ReqToIF
</UL>

[...]
</UL>
<BR>[Calls]<UL><LI><a href="#[17a]">&gt;&gt;</a>&nbsp;&nbsp;&nbsp;get_fat
<LI><a href="#[18c]">&gt;&gt;</a>&nbsp;&nbsp;&nbsp;clust2sect
<LI><a href="#[18b]">&gt;&gt;</a>&nbsp;&nbsp;&nbsp;sync_window
<LI><a href="#[17f]">&gt;&gt;</a>&nbsp;&nbsp;&nbsp;mem_set
<LI><a href="#[179]">&gt;&gt;</a>&nbsp;&nbsp;&nbsp;create_chain
</UL>
<BR>[Called By]<UL><LI><a href="#[1df]">&gt;&gt;</a>&nbsp;&nbsp;&nbsp;f_readdir
<LI><a href="#[193]">&gt;&gt;</a>&nbsp;&nbsp;&nbsp;dir_remove
<LI><a href="#[18f]">&gt;&gt;</a>&nbsp;&nbsp;&nbsp;dir_register
<LI><a href="#[18d]">&gt;&gt;</a>&nbsp;&nbsp;&nbsp;dir_read
<LI><a href="#[188]">&gt;&gt;</a>&nbsp;&nbsp;&nbsp;dir_find
<LI><a href="#[185]">&gt;&gt;</a>&nbsp;&nbsp;&nbsp;dir_alloc
</UL>

<P><STRONG><a name="[18d]"></a>dir_read</STRONG> (Thumb, 176 bytes, Stack size 32 bytes, ff.o(i.dir_read))
<BR><BR>[Stack]<UL><LI>Max Depth = 232<LI>Call Chain = dir_read &rArr; dir_next &rArr; create_chain &rArr; put_fat &rArr; move_window &rArr; sync_window &rArr; disk_write &rArr; spi_flash_write &rArr; sf_page_write &rArr; sf_wait_busy
</UL>
<BR>[Calls]<UL><LI><a href="#[189]">&gt;&gt;</a>&nbsp;&nbsp;&nbsp;sum_sfn
<LI><a href="#[18e]">&gt;&gt;</a>&nbsp;&nbsp;&nbsp;pick_lfn
<LI><a href="#[16e]">&gt;&gt;</a>&nbsp;&nbsp;&nbsp;move_window
<LI><a href="#[187]">&gt;&gt;</a>&nbsp;&nbsp;&nbsp;dir_next
</UL>
<BR>[Called By]<UL><LI><a href="#[181]">&gt;&gt;</a>&nbsp;&nbsp;&nbsp;f_unlink
<LI><a href="#[1df]">&gt;&gt;</a>&nbsp;&nbsp;&nbsp;f_readdir
</UL>

<P><STRONG><a name="[18f]"></a>dir_register</STRONG> (Thumb, 260 bytes, Stack size 40 bytes, ff.o(i.dir_register))
<BR><BR>[Stack]<UL><LI>Max Depth = 272<LI>Call Chain = dir_register &rArr; dir_find &rArr; dir_next &rArr; create_chain &rArr; put_fat &rArr; move_window &rArr; sync_window &rArr; disk_write &rArr; spi_flash_write &rArr; sf_page_write &rArr; sf_wait_busy
</UL>
<BR>[Calls]<UL><LI><a href="#[189]">&gt;&gt;</a>&nbsp;&nbsp;&nbsp;sum_sfn
<LI><a href="#[16e]">&gt;&gt;</a>&nbsp;&nbsp;&nbsp;move_window
<LI><a href="#[17f]">&gt;&gt;</a>&nbsp;&nbsp;&nbsp;mem_set
<LI><a href="#[190]">&gt;&gt;</a>&nbsp;&nbsp;&nbsp;mem_cpy
<LI><a href="#[191]">&gt;&gt;</a>&nbsp;&nbsp;&nbsp;gen_numname
<LI><a href="#[192]">&gt;&gt;</a>&nbsp;&nbsp;&nbsp;fit_lfn
<LI><a href="#[186]">&gt;&gt;</a>&nbsp;&nbsp;&nbsp;dir_sdi
<LI><a href="#[187]">&gt;&gt;</a>&nbsp;&nbsp;&nbsp;dir_next
<LI><a href="#[188]">&gt;&gt;</a>&nbsp;&nbsp;&nbsp;dir_find
<LI><a href="#[185]">&gt;&gt;</a>&nbsp;&nbsp;&nbsp;dir_alloc
</UL>
<BR>[Called By]<UL><LI><a href="#[1d8]">&gt;&gt;</a>&nbsp;&nbsp;&nbsp;f_open
</UL>

<P><STRONG><a name="[193]"></a>dir_remove</STRONG> (Thumb, 94 bytes, Stack size 16 bytes, ff.o(i.dir_remove))
<BR><BR>[Stack]<UL><LI>Max Depth = 216<LI>Call Chain = dir_remove &rArr; dir_next &rArr; create_chain &rArr; put_fat &rArr; move_window &rArr; sync_window &rArr; disk_write &rArr; spi_flash_write &rArr; sf_page_write &rArr; sf_wait_busy
</UL>
<BR>[Calls]<UL><LI><a href="#[16e]">&gt;&gt;</a>&nbsp;&nbsp;&nbsp;move_window
<LI><a href="#[17f]">&gt;&gt;</a>&nbsp;&nbsp;&nbsp;mem_set
<LI><a href="#[186]">&gt;&gt;</a>&nbsp;&nbsp;&nbsp;dir_sdi
<LI><a href="#[187]">&gt;&gt;</a>&nbsp;&nbsp;&nbsp;dir_next
</UL>
<BR>[Called By]<UL><LI><a href="#[181]">&gt;&gt;</a>&nbsp;&nbsp;&nbsp;f_unlink
</UL>

<P><STRONG><a name="[186]"></a>dir_sdi</STRONG> (Thumb, 140 bytes, Stack size 16 bytes, ff.o(i.dir_sdi))
<BR><BR>[Stack]<UL><LI>Max Depth = 160<LI>Call Chain = dir_sdi &rArr; get_fat &rArr; move_window &rArr; sync_window &rArr; disk_write &rArr; spi_flash_write &rArr; sf_page_write &rArr; sf_wait_busy
</UL>
<BR>[Calls]<UL><LI><a href="#[17a]">&gt;&gt;</a>&nbsp;&nbsp;&nbsp;get_fat
<LI><a href="#[18c]">&gt;&gt;</a>&nbsp;&nbsp;&nbsp;clust2sect
</UL>
<BR>[Called By]<UL><LI><a href="#[181]">&gt;&gt;</a>&nbsp;&nbsp;&nbsp;f_unlink
<LI><a href="#[1df]">&gt;&gt;</a>&nbsp;&nbsp;&nbsp;f_readdir
<LI><a href="#[1dd]">&gt;&gt;</a>&nbsp;&nbsp;&nbsp;f_opendir
<LI><a href="#[1d9]">&gt;&gt;</a>&nbsp;&nbsp;&nbsp;follow_path
<LI><a href="#[193]">&gt;&gt;</a>&nbsp;&nbsp;&nbsp;dir_remove
<LI><a href="#[18f]">&gt;&gt;</a>&nbsp;&nbsp;&nbsp;dir_register
<LI><a href="#[188]">&gt;&gt;</a>&nbsp;&nbsp;&nbsp;dir_find
<LI><a href="#[185]">&gt;&gt;</a>&nbsp;&nbsp;&nbsp;dir_alloc
</UL>

<P><STRONG><a name="[1d0]"></a>find_volume</STRONG> (Thumb, 772 bytes, Stack size 48 bytes, ff.o(i.find_volume))
<BR><BR>[Stack]<UL><LI>Max Depth = 176<LI>Call Chain = find_volume &rArr; check_fs &rArr; move_window &rArr; sync_window &rArr; disk_write &rArr; spi_flash_write &rArr; sf_page_write &rArr; sf_wait_busy
</UL>
<BR>[Calls]<UL><LI><a href="#[1e8]">&gt;&gt;</a>&nbsp;&nbsp;&nbsp;disk_status
<LI><a href="#[194]">&gt;&gt;</a>&nbsp;&nbsp;&nbsp;disk_initialize
<LI><a href="#[16e]">&gt;&gt;</a>&nbsp;&nbsp;&nbsp;move_window
<LI><a href="#[1d4]">&gt;&gt;</a>&nbsp;&nbsp;&nbsp;get_ldnumber
<LI><a href="#[16d]">&gt;&gt;</a>&nbsp;&nbsp;&nbsp;check_fs
</UL>
<BR>[Called By]<UL><LI><a href="#[181]">&gt;&gt;</a>&nbsp;&nbsp;&nbsp;f_unlink
<LI><a href="#[1dd]">&gt;&gt;</a>&nbsp;&nbsp;&nbsp;f_opendir
<LI><a href="#[1d8]">&gt;&gt;</a>&nbsp;&nbsp;&nbsp;f_open
<LI><a href="#[1d7]">&gt;&gt;</a>&nbsp;&nbsp;&nbsp;f_mount
<LI><a href="#[1cf]">&gt;&gt;</a>&nbsp;&nbsp;&nbsp;f_getfree
</UL>

<P><STRONG><a name="[192]"></a>fit_lfn</STRONG> (Thumb, 104 bytes, Stack size 28 bytes, ff.o(i.fit_lfn))
<BR><BR>[Stack]<UL><LI>Max Depth = 28<LI>Call Chain = fit_lfn
</UL>
<BR>[Called By]<UL><LI><a href="#[18f]">&gt;&gt;</a>&nbsp;&nbsp;&nbsp;dir_register
</UL>

<P><STRONG><a name="[1d9]"></a>follow_path</STRONG> (Thumb, 106 bytes, Stack size 24 bytes, ff.o(i.follow_path))
<BR><BR>[Stack]<UL><LI>Max Depth = 256<LI>Call Chain = follow_path &rArr; dir_find &rArr; dir_next &rArr; create_chain &rArr; put_fat &rArr; move_window &rArr; sync_window &rArr; disk_write &rArr; spi_flash_write &rArr; sf_page_write &rArr; sf_wait_busy
</UL>
<BR>[Calls]<UL><LI><a href="#[1da]">&gt;&gt;</a>&nbsp;&nbsp;&nbsp;ld_clust
<LI><a href="#[186]">&gt;&gt;</a>&nbsp;&nbsp;&nbsp;dir_sdi
<LI><a href="#[188]">&gt;&gt;</a>&nbsp;&nbsp;&nbsp;dir_find
<LI><a href="#[17c]">&gt;&gt;</a>&nbsp;&nbsp;&nbsp;create_name
</UL>
<BR>[Called By]<UL><LI><a href="#[181]">&gt;&gt;</a>&nbsp;&nbsp;&nbsp;f_unlink
<LI><a href="#[1dd]">&gt;&gt;</a>&nbsp;&nbsp;&nbsp;f_opendir
<LI><a href="#[1d8]">&gt;&gt;</a>&nbsp;&nbsp;&nbsp;f_open
</UL>

<P><STRONG><a name="[191]"></a>gen_numname</STRONG> (Thumb, 132 bytes, Stack size 24 bytes, ff.o(i.gen_numname))
<BR><BR>[Stack]<UL><LI>Max Depth = 24<LI>Call Chain = gen_numname
</UL>
<BR>[Calls]<UL><LI><a href="#[190]">&gt;&gt;</a>&nbsp;&nbsp;&nbsp;mem_cpy
</UL>
<BR>[Called By]<UL><LI><a href="#[18f]">&gt;&gt;</a>&nbsp;&nbsp;&nbsp;dir_register
</UL>

<P><STRONG><a name="[1e0]"></a>get_fileinfo</STRONG> (Thumb, 214 bytes, Stack size 24 bytes, ff.o(i.get_fileinfo))
<BR><BR>[Stack]<UL><LI>Max Depth = 24<LI>Call Chain = get_fileinfo
</UL>
<BR>[Calls]<UL><LI><a href="#[17d]">&gt;&gt;</a>&nbsp;&nbsp;&nbsp;ff_convert
</UL>
<BR>[Called By]<UL><LI><a href="#[1df]">&gt;&gt;</a>&nbsp;&nbsp;&nbsp;f_readdir
</UL>

<P><STRONG><a name="[1d4]"></a>get_ldnumber</STRONG> (Thumb, 66 bytes, Stack size 8 bytes, ff.o(i.get_ldnumber))
<BR><BR>[Stack]<UL><LI>Max Depth = 8<LI>Call Chain = get_ldnumber
</UL>
<BR>[Called By]<UL><LI><a href="#[1d7]">&gt;&gt;</a>&nbsp;&nbsp;&nbsp;f_mount
<LI><a href="#[1d3]">&gt;&gt;</a>&nbsp;&nbsp;&nbsp;f_mkfs
<LI><a href="#[1d0]">&gt;&gt;</a>&nbsp;&nbsp;&nbsp;find_volume
</UL>

<P><STRONG><a name="[1da]"></a>ld_clust</STRONG> (Thumb, 30 bytes, Stack size 0 bytes, ff.o(i.ld_clust))
<BR><BR>[Called By]<UL><LI><a href="#[181]">&gt;&gt;</a>&nbsp;&nbsp;&nbsp;f_unlink
<LI><a href="#[1dd]">&gt;&gt;</a>&nbsp;&nbsp;&nbsp;f_opendir
<LI><a href="#[1d8]">&gt;&gt;</a>&nbsp;&nbsp;&nbsp;f_open
<LI><a href="#[1d9]">&gt;&gt;</a>&nbsp;&nbsp;&nbsp;follow_path
</UL>

<P><STRONG><a name="[18a]"></a>mem_cmp</STRONG> (Thumb, 26 bytes, Stack size 8 bytes, ff.o(i.mem_cmp))
<BR><BR>[Stack]<UL><LI>Max Depth = 8<LI>Call Chain = mem_cmp
</UL>
<BR>[Called By]<UL><LI><a href="#[188]">&gt;&gt;</a>&nbsp;&nbsp;&nbsp;dir_find
</UL>

<P><STRONG><a name="[190]"></a>mem_cpy</STRONG> (Thumb, 18 bytes, Stack size 0 bytes, ff.o(i.mem_cpy))
<BR><BR>[Called By]<UL><LI><a href="#[1e2]">&gt;&gt;</a>&nbsp;&nbsp;&nbsp;f_write
<LI><a href="#[181]">&gt;&gt;</a>&nbsp;&nbsp;&nbsp;f_unlink
<LI><a href="#[1de]">&gt;&gt;</a>&nbsp;&nbsp;&nbsp;f_read
<LI><a href="#[1d3]">&gt;&gt;</a>&nbsp;&nbsp;&nbsp;f_mkfs
<LI><a href="#[191]">&gt;&gt;</a>&nbsp;&nbsp;&nbsp;gen_numname
<LI><a href="#[18f]">&gt;&gt;</a>&nbsp;&nbsp;&nbsp;dir_register
</UL>

<P><STRONG><a name="[17f]"></a>mem_set</STRONG> (Thumb, 16 bytes, Stack size 0 bytes, ff.o(i.mem_set))
<BR><BR>[Called By]<UL><LI><a href="#[1d3]">&gt;&gt;</a>&nbsp;&nbsp;&nbsp;f_mkfs
<LI><a href="#[1e1]">&gt;&gt;</a>&nbsp;&nbsp;&nbsp;sync_fs
<LI><a href="#[193]">&gt;&gt;</a>&nbsp;&nbsp;&nbsp;dir_remove
<LI><a href="#[18f]">&gt;&gt;</a>&nbsp;&nbsp;&nbsp;dir_register
<LI><a href="#[187]">&gt;&gt;</a>&nbsp;&nbsp;&nbsp;dir_next
<LI><a href="#[17c]">&gt;&gt;</a>&nbsp;&nbsp;&nbsp;create_name
</UL>

<P><STRONG><a name="[16e]"></a>move_window</STRONG> (Thumb, 50 bytes, Stack size 16 bytes, ff.o(i.move_window))
<BR><BR>[Stack]<UL><LI>Max Depth = 120<LI>Call Chain = move_window &rArr; sync_window &rArr; disk_write &rArr; spi_flash_write &rArr; sf_page_write &rArr; sf_wait_busy
</UL>
<BR>[Calls]<UL><LI><a href="#[196]">&gt;&gt;</a>&nbsp;&nbsp;&nbsp;disk_read
<LI><a href="#[18b]">&gt;&gt;</a>&nbsp;&nbsp;&nbsp;sync_window
</UL>
<BR>[Called By]<UL><LI><a href="#[1e2]">&gt;&gt;</a>&nbsp;&nbsp;&nbsp;f_write
<LI><a href="#[1de]">&gt;&gt;</a>&nbsp;&nbsp;&nbsp;f_read
<LI><a href="#[1d8]">&gt;&gt;</a>&nbsp;&nbsp;&nbsp;f_open
<LI><a href="#[1cf]">&gt;&gt;</a>&nbsp;&nbsp;&nbsp;f_getfree
<LI><a href="#[17b]">&gt;&gt;</a>&nbsp;&nbsp;&nbsp;put_fat
<LI><a href="#[17a]">&gt;&gt;</a>&nbsp;&nbsp;&nbsp;get_fat
<LI><a href="#[1cc]">&gt;&gt;</a>&nbsp;&nbsp;&nbsp;f_sync
<LI><a href="#[1d0]">&gt;&gt;</a>&nbsp;&nbsp;&nbsp;find_volume
<LI><a href="#[193]">&gt;&gt;</a>&nbsp;&nbsp;&nbsp;dir_remove
<LI><a href="#[18f]">&gt;&gt;</a>&nbsp;&nbsp;&nbsp;dir_register
<LI><a href="#[18d]">&gt;&gt;</a>&nbsp;&nbsp;&nbsp;dir_read
<LI><a href="#[188]">&gt;&gt;</a>&nbsp;&nbsp;&nbsp;dir_find
<LI><a href="#[185]">&gt;&gt;</a>&nbsp;&nbsp;&nbsp;dir_alloc
<LI><a href="#[16d]">&gt;&gt;</a>&nbsp;&nbsp;&nbsp;check_fs
</UL>

<P><STRONG><a name="[18e]"></a>pick_lfn</STRONG> (Thumb, 106 bytes, Stack size 24 bytes, ff.o(i.pick_lfn))
<BR><BR>[Stack]<UL><LI>Max Depth = 24<LI>Call Chain = pick_lfn
</UL>
<BR>[Called By]<UL><LI><a href="#[18d]">&gt;&gt;</a>&nbsp;&nbsp;&nbsp;dir_read
</UL>

<P><STRONG><a name="[1dc]"></a>remove_chain</STRONG> (Thumb, 102 bytes, Stack size 24 bytes, ff.o(i.remove_chain))
<BR><BR>[Stack]<UL><LI>Max Depth = 176<LI>Call Chain = remove_chain &rArr; put_fat &rArr; move_window &rArr; sync_window &rArr; disk_write &rArr; spi_flash_write &rArr; sf_page_write &rArr; sf_wait_busy
</UL>
<BR>[Calls]<UL><LI><a href="#[17b]">&gt;&gt;</a>&nbsp;&nbsp;&nbsp;put_fat
<LI><a href="#[17a]">&gt;&gt;</a>&nbsp;&nbsp;&nbsp;get_fat
</UL>
<BR>[Called By]<UL><LI><a href="#[181]">&gt;&gt;</a>&nbsp;&nbsp;&nbsp;f_unlink
<LI><a href="#[1d8]">&gt;&gt;</a>&nbsp;&nbsp;&nbsp;f_open
</UL>

<P><STRONG><a name="[1db]"></a>st_clust</STRONG> (Thumb, 16 bytes, Stack size 0 bytes, ff.o(i.st_clust))
<BR><BR>[Called By]<UL><LI><a href="#[1d8]">&gt;&gt;</a>&nbsp;&nbsp;&nbsp;f_open
<LI><a href="#[1cc]">&gt;&gt;</a>&nbsp;&nbsp;&nbsp;f_sync
</UL>

<P><STRONG><a name="[189]"></a>sum_sfn</STRONG> (Thumb, 26 bytes, Stack size 0 bytes, ff.o(i.sum_sfn))
<BR><BR>[Called By]<UL><LI><a href="#[18f]">&gt;&gt;</a>&nbsp;&nbsp;&nbsp;dir_register
<LI><a href="#[18d]">&gt;&gt;</a>&nbsp;&nbsp;&nbsp;dir_read
<LI><a href="#[188]">&gt;&gt;</a>&nbsp;&nbsp;&nbsp;dir_find
</UL>

<P><STRONG><a name="[1e1]"></a>sync_fs</STRONG> (Thumb, 180 bytes, Stack size 16 bytes, ff.o(i.sync_fs))
<BR><BR>[Stack]<UL><LI>Max Depth = 120<LI>Call Chain = sync_fs &rArr; sync_window &rArr; disk_write &rArr; spi_flash_write &rArr; sf_page_write &rArr; sf_wait_busy
</UL>
<BR>[Calls]<UL><LI><a href="#[198]">&gt;&gt;</a>&nbsp;&nbsp;&nbsp;disk_write
<LI><a href="#[1d5]">&gt;&gt;</a>&nbsp;&nbsp;&nbsp;disk_ioctl
<LI><a href="#[18b]">&gt;&gt;</a>&nbsp;&nbsp;&nbsp;sync_window
<LI><a href="#[17f]">&gt;&gt;</a>&nbsp;&nbsp;&nbsp;mem_set
</UL>
<BR>[Called By]<UL><LI><a href="#[181]">&gt;&gt;</a>&nbsp;&nbsp;&nbsp;f_unlink
<LI><a href="#[1cc]">&gt;&gt;</a>&nbsp;&nbsp;&nbsp;f_sync
</UL>

<P><STRONG><a name="[18b]"></a>sync_window</STRONG> (Thumb, 82 bytes, Stack size 24 bytes, ff.o(i.sync_window))
<BR><BR>[Stack]<UL><LI>Max Depth = 104<LI>Call Chain = sync_window &rArr; disk_write &rArr; spi_flash_write &rArr; sf_page_write &rArr; sf_wait_busy
</UL>
<BR>[Calls]<UL><LI><a href="#[198]">&gt;&gt;</a>&nbsp;&nbsp;&nbsp;disk_write
</UL>
<BR>[Called By]<UL><LI><a href="#[1e2]">&gt;&gt;</a>&nbsp;&nbsp;&nbsp;f_write
<LI><a href="#[1e1]">&gt;&gt;</a>&nbsp;&nbsp;&nbsp;sync_fs
<LI><a href="#[16e]">&gt;&gt;</a>&nbsp;&nbsp;&nbsp;move_window
<LI><a href="#[187]">&gt;&gt;</a>&nbsp;&nbsp;&nbsp;dir_next
</UL>

<P><STRONG><a name="[1cd]"></a>validate</STRONG> (Thumb, 44 bytes, Stack size 8 bytes, ff.o(i.validate))
<BR><BR>[Stack]<UL><LI>Max Depth = 8<LI>Call Chain = validate
</UL>
<BR>[Calls]<UL><LI><a href="#[1e8]">&gt;&gt;</a>&nbsp;&nbsp;&nbsp;disk_status
</UL>
<BR>[Called By]<UL><LI><a href="#[1e2]">&gt;&gt;</a>&nbsp;&nbsp;&nbsp;f_write
<LI><a href="#[1df]">&gt;&gt;</a>&nbsp;&nbsp;&nbsp;f_readdir
<LI><a href="#[1de]">&gt;&gt;</a>&nbsp;&nbsp;&nbsp;f_read
<LI><a href="#[1d1]">&gt;&gt;</a>&nbsp;&nbsp;&nbsp;f_lseek
<LI><a href="#[1ce]">&gt;&gt;</a>&nbsp;&nbsp;&nbsp;f_closedir
<LI><a href="#[1cb]">&gt;&gt;</a>&nbsp;&nbsp;&nbsp;f_close
<LI><a href="#[1cc]">&gt;&gt;</a>&nbsp;&nbsp;&nbsp;f_sync
</UL>

<P><STRONG><a name="[153]"></a>__NVIC_EnableIRQ</STRONG> (Thumb, 26 bytes, Stack size 0 bytes, usbd_mk20d5.o(i.__NVIC_EnableIRQ))
<BR><BR>[Called By]<UL><LI><a href="#[14d]">&gt;&gt;</a>&nbsp;&nbsp;&nbsp;USBD_Reset
<LI><a href="#[152]">&gt;&gt;</a>&nbsp;&nbsp;&nbsp;USBD_IntrEna
</UL>

<P><STRONG><a name="[155]"></a>protected_and</STRONG> (Thumb, 24 bytes, Stack size 0 bytes, usbd_mk20d5.o(i.protected_and))
<BR><BR>[Called By]<UL><LI><a href="#[124]">&gt;&gt;</a>&nbsp;&nbsp;&nbsp;USBD_ResetEP
<LI><a href="#[109]">&gt;&gt;</a>&nbsp;&nbsp;&nbsp;USBD_ReadEP
</UL>

<P><STRONG><a name="[fe]"></a>protected_or</STRONG> (Thumb, 24 bytes, Stack size 0 bytes, usbd_mk20d5.o(i.protected_or))
<BR><BR>[Called By]<UL><LI><a href="#[124]">&gt;&gt;</a>&nbsp;&nbsp;&nbsp;USBD_ResetEP
<LI><a href="#[53]">&gt;&gt;</a>&nbsp;&nbsp;&nbsp;USB0_IRQHandler
</UL>

<P><STRONG><a name="[154]"></a>protected_xor</STRONG> (Thumb, 24 bytes, Stack size 0 bytes, usbd_mk20d5.o(i.protected_xor))
<BR><BR>[Called By]<UL><LI><a href="#[105]">&gt;&gt;</a>&nbsp;&nbsp;&nbsp;USBD_WriteEP
<LI><a href="#[109]">&gt;&gt;</a>&nbsp;&nbsp;&nbsp;USBD_ReadEP
</UL>

<P><STRONG><a name="[12f]"></a>USBD_ReqGetDescriptor</STRONG> (Thumb, 316 bytes, Stack size 24 bytes, usbd_core.o(i.USBD_ReqGetDescriptor))
<BR><BR>[Stack]<UL><LI>Max Depth = 36<LI>Call Chain = USBD_ReqGetDescriptor &rArr; USBD_ReqGetDescriptor_HID
</UL>
<BR>[Calls]<UL><LI><a href="#[156]">&gt;&gt;</a>&nbsp;&nbsp;&nbsp;USBD_ReqGetDescriptor_HID
</UL>
<BR>[Called By]<UL><LI><a href="#[92]">&gt;&gt;</a>&nbsp;&nbsp;&nbsp;USBD_EndPoint0
</UL>

<P><STRONG><a name="[12b]"></a>USBD_ReqGetStatus</STRONG> (Thumb, 130 bytes, Stack size 16 bytes, usbd_core.o(i.USBD_ReqGetStatus))
<BR><BR>[Stack]<UL><LI>Max Depth = 16<LI>Call Chain = USBD_ReqGetStatus
</UL>
<BR>[Called By]<UL><LI><a href="#[92]">&gt;&gt;</a>&nbsp;&nbsp;&nbsp;USBD_EndPoint0
</UL>

<P><STRONG><a name="[12c]"></a>USBD_ReqSetClrFeature</STRONG> (Thumb, 178 bytes, Stack size 16 bytes, usbd_core.o(i.USBD_ReqSetClrFeature))
<BR><BR>[Stack]<UL><LI>Max Depth = 48<LI>Call Chain = USBD_ReqSetClrFeature &rArr; USBD_ClrStallEP &rArr; USBD_ResetEP
</UL>
<BR>[Calls]<UL><LI><a href="#[158]">&gt;&gt;</a>&nbsp;&nbsp;&nbsp;USBD_ReqClrFeature_MSC
<LI><a href="#[157]">&gt;&gt;</a>&nbsp;&nbsp;&nbsp;USBD_WakeUpCfg
<LI><a href="#[135]">&gt;&gt;</a>&nbsp;&nbsp;&nbsp;USBD_SetStallEP
<LI><a href="#[123]">&gt;&gt;</a>&nbsp;&nbsp;&nbsp;USBD_ClrStallEP
</UL>
<BR>[Called By]<UL><LI><a href="#[92]">&gt;&gt;</a>&nbsp;&nbsp;&nbsp;USBD_EndPoint0
</UL>

<P><STRONG><a name="[130]"></a>USBD_ReqSetConfiguration</STRONG> (Thumb, 378 bytes, Stack size 40 bytes, usbd_core.o(i.USBD_ReqSetConfiguration))
<BR><BR>[Stack]<UL><LI>Max Depth = 72<LI>Call Chain = USBD_ReqSetConfiguration &rArr; USBD_ResetEP
</UL>
<BR>[Calls]<UL><LI><a href="#[124]">&gt;&gt;</a>&nbsp;&nbsp;&nbsp;USBD_ResetEP
<LI><a href="#[15b]">&gt;&gt;</a>&nbsp;&nbsp;&nbsp;USBD_EnableEP
<LI><a href="#[159]">&gt;&gt;</a>&nbsp;&nbsp;&nbsp;USBD_DisableEP
<LI><a href="#[15a]">&gt;&gt;</a>&nbsp;&nbsp;&nbsp;USBD_Configure
<LI><a href="#[125]">&gt;&gt;</a>&nbsp;&nbsp;&nbsp;USBD_ConfigEP
</UL>
<BR>[Called By]<UL><LI><a href="#[92]">&gt;&gt;</a>&nbsp;&nbsp;&nbsp;USBD_EndPoint0
</UL>

<P><STRONG><a name="[131]"></a>USBD_ReqSetInterface</STRONG> (Thumb, 288 bytes, Stack size 40 bytes, usbd_core.o(i.USBD_ReqSetInterface))
<BR><BR>[Stack]<UL><LI>Max Depth = 72<LI>Call Chain = USBD_ReqSetInterface &rArr; USBD_ResetEP
</UL>
<BR>[Calls]<UL><LI><a href="#[124]">&gt;&gt;</a>&nbsp;&nbsp;&nbsp;USBD_ResetEP
<LI><a href="#[15b]">&gt;&gt;</a>&nbsp;&nbsp;&nbsp;USBD_EnableEP
<LI><a href="#[159]">&gt;&gt;</a>&nbsp;&nbsp;&nbsp;USBD_DisableEP
<LI><a href="#[125]">&gt;&gt;</a>&nbsp;&nbsp;&nbsp;USBD_ConfigEP
</UL>
<BR>[Called By]<UL><LI><a href="#[92]">&gt;&gt;</a>&nbsp;&nbsp;&nbsp;USBD_EndPoint0
</UL>

<P><STRONG><a name="[104]"></a>USBD_CDC_ACM_EP_BULKIN_HandleData</STRONG> (Thumb, 150 bytes, Stack size 32 bytes, usbd_cdc_acm.o(i.USBD_CDC_ACM_EP_BULKIN_HandleData))
<BR><BR>[Stack]<UL><LI>Max Depth = 48<LI>Call Chain = USBD_CDC_ACM_EP_BULKIN_HandleData &rArr; USBD_WriteEP
</UL>
<BR>[Calls]<UL><LI><a href="#[105]">&gt;&gt;</a>&nbsp;&nbsp;&nbsp;USBD_WriteEP
</UL>
<BR>[Called By]<UL><LI><a href="#[116]">&gt;&gt;</a>&nbsp;&nbsp;&nbsp;USBD_CDC_ACM_SOF_Event
<LI><a href="#[103]">&gt;&gt;</a>&nbsp;&nbsp;&nbsp;USBD_CDC_ACM_EP_BULKIN_Event
</UL>

<P><STRONG><a name="[107]"></a>USBD_CDC_ACM_EP_BULKOUT_HandleData</STRONG> (Thumb, 80 bytes, Stack size 8 bytes, usbd_cdc_acm.o(i.USBD_CDC_ACM_EP_BULKOUT_HandleData))
<BR><BR>[Stack]<UL><LI>Max Depth = 40<LI>Call Chain = USBD_CDC_ACM_EP_BULKOUT_HandleData &rArr; USBD_ReadEP
</UL>
<BR>[Calls]<UL><LI><a href="#[109]">&gt;&gt;</a>&nbsp;&nbsp;&nbsp;USBD_ReadEP
</UL>
<BR>[Called By]<UL><LI><a href="#[116]">&gt;&gt;</a>&nbsp;&nbsp;&nbsp;USBD_CDC_ACM_SOF_Event
<LI><a href="#[106]">&gt;&gt;</a>&nbsp;&nbsp;&nbsp;USBD_CDC_ACM_EP_BULKOUT_Event
</UL>

<P><STRONG><a name="[15e]"></a>_printf_core</STRONG> (Thumb, 996 bytes, Stack size 104 bytes, printf8.o(i._printf_core), UNUSED)
<BR><BR>[Calls]<UL><LI><a href="#[9d]">&gt;&gt;</a>&nbsp;&nbsp;&nbsp;__aeabi_uldivmod
<LI><a href="#[15f]">&gt;&gt;</a>&nbsp;&nbsp;&nbsp;_printf_pre_padding
<LI><a href="#[160]">&gt;&gt;</a>&nbsp;&nbsp;&nbsp;_printf_post_padding
</UL>
<BR>[Called By]<UL><LI><a href="#[15d]">&gt;&gt;</a>&nbsp;&nbsp;&nbsp;__0sprintf$8
</UL>

<P><STRONG><a name="[160]"></a>_printf_post_padding</STRONG> (Thumb, 36 bytes, Stack size 24 bytes, printf8.o(i._printf_post_padding), UNUSED)
<BR><BR>[Called By]<UL><LI><a href="#[15e]">&gt;&gt;</a>&nbsp;&nbsp;&nbsp;_printf_core
</UL>

<P><STRONG><a name="[15f]"></a>_printf_pre_padding</STRONG> (Thumb, 46 bytes, Stack size 24 bytes, printf8.o(i._printf_pre_padding), UNUSED)
<BR><BR>[Called By]<UL><LI><a href="#[15e]">&gt;&gt;</a>&nbsp;&nbsp;&nbsp;_printf_core
</UL>

<P><STRONG><a name="[8c]"></a>_sputc</STRONG> (Thumb, 10 bytes, Stack size 0 bytes, printf8.o(i._sputc))
<BR><BR>[Called By]<UL><LI><a href="#[15d]">&gt;&gt;</a>&nbsp;&nbsp;&nbsp;__0sprintf$8
</UL>
<BR>[Address Reference Count : 1]<UL><LI> printf8.o(i.__0sprintf$8)
</UL><P>
<H3>
Undefined Global Symbols
</H3><HR></body></html>
