<html>
<body>
<pre>
<h1>礦ision Build Log</h1>
<h2>Tool Versions:</h2>
IDE-Version: μVision V5.23.0.0
Copyright (C) 2017 ARM Ltd and ARM Germany GmbH. All rights reserved.
License Information: 9527 9527, 9527, LIC=9WSEV-P7EXE-TFLI4-FI5FA-EYBSH-P7V8W
 
Tool Versions:
Toolchain:       MDK-ARM Plus  Version: 5.23
Toolchain Path:  C:\Keil_v5\ARM\ARMCC\Bin
C Compiler:      Armcc.exe V5.06 update 4 (build 422)
Assembler:       Armasm.exe V5.06 update 4 (build 422)
Linker/Locator:  ArmLink.exe V5.06 update 4 (build 422)
Library Manager: ArmAr.exe V5.06 update 4 (build 422)
Hex Converter:   FromElf.exe V5.06 update 4 (build 422)
CPU DLL:         SARMCM3.DLL V5.23
Dialog DLL:      DCM.DLL V1.15.0.0
Target DLL:      Segger\JL2CM3.dll V2.99.23.0
Dialog DLL:      TCM.DLL V1.27.0.0
 
<h2>Project:</h2>
D:\DAPLink_Workspace\eslink-ii\projects\eslinkii-link-32\project\eslink.uvprojx
Project File Date:  01/24/2019

<h2>Output:</h2>
*** Using Compiler 'V5.06 update 4 (build 422)', folder: 'C:\Keil_v5\ARM\ARMCC\Bin'
Build target 'es_link_II'
compiling eslink.c...
compiling usbd_user_cls.c...
compiling gpio.c...
compiling es_burner.c...
..\..\..\eslink\es_burner.c(1374): warning:  #1-D: last line of file ends without a newline
   
..\..\..\eslink\es_burner.c: 1 warning, 0 errors
compiling eeprom.c...
compiling key.c...
compiling pin_mux.c...
compiling spi_flash.c...
compiling beep.c...
compiling adc.c...
..\..\..\bsp\adc.c(69): warning:  #177-D: function "Init_PDB"  was declared but never referenced
  static void Init_PDB(void)
..\..\..\bsp\adc.c: 1 warning, 0 errors
compiling target_program_config.c...
compiling main.c...
compiling offline_app.c...
..\..\..\eslink\offline\offline_app.c(379): warning:  #550-D: variable "ret"  was set but never used
      error_t ret = ERROR_SUCCESS;
..\..\..\eslink\offline\offline_app.c: 1 warning, 0 errors
compiling offline_file.c...
..\..\..\eslink\offline\offline_file.c(59): warning:  #128-D: loop is not reachable
              while(1);
..\..\..\eslink\offline\offline_file.c(43): warning:  #550-D: variable "fre_sect"  was set but never used
      DWORD fre_clust, fre_sect, tot_sect;     
..\..\..\eslink\offline\offline_file.c(43): warning:  #550-D: variable "tot_sect"  was set but never used
      DWORD fre_clust, fre_sect, tot_sect;     
..\..\..\eslink\offline\offline_file.c: 3 warnings, 0 errors
compiling DAP.c...
compiling JTAG_DP.c...
compiling SWO.c...
compiling usbd_user_hid.c...
compiling SW_DP.c...
compiling isp_prog_intf.c...
..\source\es-isp\M939_ISP\isp_prog_intf.c(169): warning:  #177-D: variable "i"  was declared but never referenced
      uint32_t i;
..\source\es-isp\M939_ISP\isp_prog_intf.c(171): warning:  #177-D: variable "verify_size"  was declared but never referenced
      uint32_t verify_size;
..\source\es-isp\M939_ISP\isp_prog_intf.c(312): warning:  #188-D: enumerated type mixed with another type
          return ret; 
..\source\es-isp\M939_ISP\isp_prog_intf.c(839): warning:  #177-D: function "isp_target_program_rtc"  was declared but never referenced
  static error_t isp_target_program_rtc(uint8_t mode) 
..\source\es-isp\M939_ISP\isp_prog_intf.c: 4 warnings, 0 errors
compiling bootisp_host.c...
..\source\es-bootisp\bootisp_host.c(73): warning:  #177-D: variable "i"  was declared but never referenced
      uint32_t i = 0, timeout = 20;
..\source\es-bootisp\bootisp_host.c(197): warning:  #177-D: variable "ack"  was declared but never referenced
      uint8_t ack;
..\source\es-bootisp\bootisp_host.c(239): warning:  #177-D: variable "ack"  was declared but never referenced
      uint8_t ack;
..\source\es-bootisp\bootisp_host.c(292): warning:  #940-D: missing return statement at end of non-void function "bootisp_read_memory" 
  }
..\source\es-bootisp\bootisp_host.c(300): warning:  #177-D: variable "ack"  was declared but never referenced
      uint8_t ack;
..\source\es-bootisp\bootisp_host.c(355): warning:  #940-D: missing return statement at end of non-void function "bootisp_write_memory" 
  }
..\source\es-bootisp\bootisp_host.c(361): warning:  #940-D: missing return statement at end of non-void function "bootisp_set_target_reset" 
  }
..\source\es-bootisp\bootisp_host.c: 7 warnings, 0 errors
compiling bootisp_prog_intf.c...
..\source\es-bootisp\bootisp_prog_intf.c(85): warning:  #177-D: variable "status"  was declared but never referenced
      error_t status = ERROR_SUCCESS;
..\source\es-bootisp\bootisp_prog_intf.c(150): warning:  #188-D: enumerated type mixed with another type
      ret = bootisp_write_memory(prog_addr, buf, prog_size );
..\source\es-bootisp\bootisp_prog_intf.c(162): warning:  #188-D: enumerated type mixed with another type
      ret = bootisp_write_memory(prog_addr, buf, prog_size);
..\source\es-bootisp\bootisp_prog_intf.c(173): warning:  #177-D: variable "ret"  was declared but never referenced
      uint8_t ret;
..\source\es-bootisp\bootisp_prog_intf.c(135): warning:  #177-D: function "bootisp_chipid_check"  was declared but never referenced
  static error_t bootisp_chipid_check(void)
..\source\es-bootisp\bootisp_prog_intf.c: 5 warnings, 0 errors
compiling M939_ISP.c...
..\source\es-isp\M939_ISP\M939_ISP.c(218): warning:  #177-D: function "info0_unlock_set"  was declared but never referenced
  static void info0_unlock_set(void)
..\source\es-isp\M939_ISP\M939_ISP.c: 1 warning, 0 errors
compiling swd_prog_intf.c...
..\source\swd\M939_SWD\swd_prog_intf.c(120): warning:  #111-D: statement is unreachable
      if(chipid != target_dev->chipid_value)    
..\source\swd\M939_SWD\swd_prog_intf.c(137): warning:  #177-D: variable "ret"  was declared but never referenced
      error_t ret = ERROR_SUCCESS;
..\source\swd\M939_SWD\swd_prog_intf.c(283): warning:  #177-D: variable "ret"  was declared but never referenced
      uint8_t ret;
..\source\swd\M939_SWD\swd_prog_intf.c(284): warning:  #177-D: variable "size_in_words"  was declared but never referenced
      uint32_t size_in_words; 
..\source\swd\M939_SWD\swd_prog_intf.c(361): warning:  #177-D: variable "cfg_word_addr"  was declared but never referenced
      uint32_t cfg_word_addr;	
..\source\swd\M939_SWD\swd_prog_intf.c(362): warning:  #177-D: variable "cfg_word_size"  was declared but never referenced
  	uint32_t cfg_word_size;	
..\source\swd\M939_SWD\swd_prog_intf.c(540): warning:  #177-D: variable "cfg_word_addr"  was declared but never referenced
      uint32_t cfg_word_addr;	
..\source\swd\M939_SWD\swd_prog_intf.c(541): warning:  #177-D: variable "cfg_word_size"  was declared but never referenced
  	uint32_t cfg_word_size;	   
..\source\swd\M939_SWD\swd_prog_intf.c(622): warning:  #177-D: variable "cfg_word_addr"  was declared but never referenced
      uint32_t cfg_word_addr;	
..\source\swd\M939_SWD\swd_prog_intf.c(623): warning:  #177-D: variable "cfg_word_size"  was declared but never referenced
  	uint32_t cfg_word_size;	   
..\source\swd\M939_SWD\swd_prog_intf.c(624): warning:  #177-D: variable "read_buf"  was declared but never referenced
      uint8_t read_buf[SWD_PRG_SIZE];
..\source\swd\M939_SWD\swd_prog_intf.c: 11 warnings, 0 errors
compiling swd_host.c...
..\source\swd\swd_host.c(55): warning:  #47-D: incompatible redefinition of macro "SCB_AIRCR_PRIGROUP_Pos"  (declared at line 526 of "..\..\..\CMSIS\core_cm4.h")
  #define SCB_AIRCR_PRIGROUP_Pos              8                                             /*!< SCB AIRCR: PRIGROUP Position */
..\source\swd\swd_host.c: 1 warning, 0 errors
compiling oled.c...
compiling link_menu.c...
compiling settings_rom.c...
compiling usbd_user_cdc_acm.c...
linking...
Program Size: Code=60892 RO-data=8268 RW-data=744 ZI-data=17156  
FromELF: creating hex file...
After Build - User command #1: .\CopyHex_Flash.bat
D:\DAPLink_Workspace\eslink-ii\projects\eslinkii-link-32\project>copy Objects\output.hex ..\..\ES8PXXX 
已复制         1 个文件。
".\Objects\output.axf" - 0 Error(s), 35 Warning(s).

<h2>Collection of Component include folders:</h2>
  .\RTE\_es_link_II
  C:\Keil_v5\ARM\PACK\NXP\MK22F12810_DFP\10.0.0

<h2>Collection of Component Files used:</h2>
Build Time Elapsed:  00:00:16
</pre>
</body>
</html>
