<html>
<body>
<pre>
<h1>礦ision Build Log</h1>
<h2>Tool Versions:</h2>
IDE-Version: μVision V5.26.2.0
Copyright (C) 2018 ARM Ltd and ARM Germany GmbH. All rights reserved.
License Information: 9527 9527, 9527, LIC=9WSEV-P7EXE-TFLI4-FI5FA-EYBSH-P7V8W
 
Tool Versions:
Toolchain:       MDK-ARM Plus  Version: 5.26.2.0
Toolchain Path:  C:\Keil_v5\ARM\ARMCC\Bin
C Compiler:      Armcc.exe V5.06 update 6 (build 750)
Assembler:       Armasm.exe V5.06 update 6 (build 750)
Linker/Locator:  ArmLink.exe V5.06 update 6 (build 750)
Library Manager: ArmAr.exe V5.06 update 6 (build 750)
Hex Converter:   FromElf.exe V5.06 update 6 (build 750)
CPU DLL:         SARMCM3.DLL V5.26.2.0
Dialog DLL:      DCM.DLL V1.17.2.0
Target DLL:      Segger\JL2CM3.dll V2.99.31.0
Dialog DLL:      TCM.DLL V1.36.1.0
 
<h2>Project:</h2>
D:\DAPLink_Workspace\eslink-ii\projects\eslinkii-link-32\project\eslink.uvprojx
Project File Date:  03/01/2019

<h2>Output:</h2>
*** Using Compiler 'V5.06 update 6 (build 750)', folder: 'C:\Keil_v5\ARM\ARMCC\Bin'
Build target 'es_link_II'
compiling eeprom_port.c...
compiling sflash_port.c...
compiling eslink.c...
compiling es_burner.c...
..\..\..\eslink\es_burner.c(1436): warning:  #1-D: last line of file ends without a newline
   
..\..\..\eslink\es_burner.c: 1 warning, 0 errors
compiling usbd_user_cls.c...
compiling board.c...
compiling gpio.c...
compiling pin_mux.c...
compiling clock_config.c...
compiling eeprom.c...
compiling key.c...
compiling spi_flash.c...
compiling uart.c...
compiling systick.c...
compiling beep.c...
compiling offline_app.c...
compiling adc.c...
..\..\..\bsp\adc.c(69): warning:  #177-D: function "Init_PDB"  was declared but never referenced
  static void Init_PDB(void)
..\..\..\bsp\adc.c: 1 warning, 0 errors
compiling offline_file.c...
..\..\..\eslink\offline\offline_file.c(57): warning:  #128-D: loop is not reachable
              while(1);
..\..\..\eslink\offline\offline_file.c(536): warning:  #550-D: variable "res"  was set but never used
      FRESULT res;        
..\..\..\eslink\offline\offline_file.c: 2 warnings, 0 errors
compiling main.c...
compiling DAP.c...
compiling SW_DP.c...
compiling JTAG_DP.c...
compiling SWO.c...
compiling usbd_user_hid.c...
compiling fonts.c...
compiling M938_ISP.c...
compiling isp_prog_intf.c...
..\source\es-isp\M938_ISP\isp_prog_intf.c(79): warning:  #177-D: function "isp_out_mode"  was declared but never referenced
  static error_t isp_out_mode(void)
..\source\es-isp\M938_ISP\isp_prog_intf.c: 1 warning, 0 errors
compiling isp_port.c...
compiling message.c...
compiling oled.c...
compiling update.c...
compiling link_menu.c...
compiling iap_flash_intf.c...
compiling es_common.c...
compiling circ_buf.c...
compiling settings_rom.c...
compiling cortex_m.c...
compiling system_MK22F12810.c...
compiling fsl_common.c...
compiling fsl_clock.c...
compiling fsl_gpio.c...
compiling fsl_smc.c...
compiling fsl_flash.c...
compiling fsl_uart.c...
compiling fsl_dspi.c...
compiling fsl_ftm.c...
assembling startup_MK22F12810.s...
compiling fsl_adc16.c...
compiling fsl_pdb.c...
compiling ff.c...
..\..\..\middleware\FatFS\src\ff.c(1831): warning:  #111-D: statement is unreachable
  			w = (w << 8) + b;			/* Create a DBC */
..\..\..\middleware\FatFS\src\ff.c: 1 warning, 0 errors
compiling fsl_cmp.c...
compiling diskio.c...
compiling usb_lib.c...
compiling usb_config.c...
compiling unicode.c...
compiling usbd_core_hid.c...
compiling usbd_hid.c...
compiling usbd_core_cdc.c...
compiling usbd_cdc_acm.c...
compiling usbd_MK20D5.c...
compiling usbd_cls.c...
compiling usbd_core.c...
compiling usbd_user_cdc_acm.c...
linking...
Program Size: Code=45964 RO-data=7740 RW-data=664 ZI-data=16572  
FromELF: creating hex file...
After Build - User command #1: .\CopyHex_Flash.bat
D:\DAPLink_Workspace\eslink-ii\projects\eslinkii-link-32\project>copy Objects\output.hex ..\..\ES8PXXX 
已复制         1 个文件。
".\Objects\output.axf" - 0 Error(s), 6 Warning(s).

<h2>Software Packages used:</h2>

Package Vendor: NXP
                http://mcuxpresso.nxp.com/cmsis_pack/repo/NXP.MK22F12810_DFP.10.0.0.pack
                NXP.MK22F12810_DFP.10.0.0
                Device Family Pack for MK22F12810

<h2>Collection of Component include folders:</h2>
  .\RTE\_es_link_II
  C:\Keil_v5\ARM\PACK\NXP\MK22F12810_DFP\10.0.0

<h2>Collection of Component Files used:</h2>
Build Time Elapsed:  00:00:32
</pre>
</body>
</html>
