<html>
<body>
<pre>
<h1>µVision Build Log</h1>
<h2>Tool Versions:</h2>
IDE-Version: ¦ÌVision V5.23.0.0
Copyright (C) 2017 ARM Ltd and ARM Germany GmbH. All rights reserved.
License Information: 9527 9527, 9527, LIC=9WSEV-P7EXE-TFLI4-FI5FA-EYBSH-P7V8W
 
Tool Versions:
Toolchain:       MDK-ARM Plus  Version: 5.23
Toolchain Path:  C:\Keil_v5\ARM\ARMCC\Bin
C Compiler:      Armcc.exe V5.06 update 4 (build 422)
Assembler:       Armasm.exe V5.06 update 4 (build 422)
Linker/Locator:  ArmLink.exe V5.06 update 4 (build 422)
Library Manager: ArmAr.exe V5.06 update 4 (build 422)
Hex Converter:   FromElf.exe V5.06 update 4 (build 422)
CPU DLL:         SARMCM3.DLL V5.23
Dialog DLL:      DCM.DLL V1.15.0.0
Target DLL:      Segger\JL2CM3.dll V2.99.23.0
Dialog DLL:      TCM.DLL V1.27.0.0
 
<h2>Project:</h2>
D:\DAPLink_Workspace\eslink\projects\eslinkii-link\project\eslink.uvprojx
Project File Date:  10/16/2018

<h2>Output:</h2>
*** Using Compiler 'V5.06 update 4 (build 422)', folder: 'C:\Keil_v5\ARM\ARMCC\Bin'
Build target 'es_link_II'
compiling clock_config.c...
compiling usbd_user_cls_icd.c...
compiling settings_spi_flash.c...
compiling board.c...
compiling eeprom.c...
compiling key.c...
compiling pin_mux.c...
compiling gpio.c...
compiling spi_flash.c...
compiling uart.c...
assembling SVC_Table.s...
compiling eslink.c...
compiling RTX_Config.c...
..\source\RTX_Config.c(208): warning:  #111-D: statement is unreachable
      SystemSoftReset();
..\source\RTX_Config.c: 1 warning, 0 errors
compiling es32_c_blob.c...
..\..\..\app\target_chip\es32_c_blob.c(24): warning:  #177-D: variable "flash_start"  was declared but never referenced
  static const uint32_t flash_start = 0x00000000;
..\..\..\app\target_chip\es32_c_blob.c(26): warning:  #177-D: variable "flash_size"  was declared but never referenced
  static const uint32_t flash_size = 0x00040000;
..\..\..\app\target_chip\es32_c_blob.c(35): warning:  #177-D: variable "sectors_info"  was declared but never referenced
  static const uint32_t sectors_info[] = {
..\..\..\app\target_chip\es32_c_blob.c: 3 warnings, 0 errors
compiling booisp_target.c...
compiling main.c...
..\source\main.c(165): warning:  #1461-D: function declared with "noreturn" does return
  }
..\source\main.c(175): warning:  #177-D: variable "key_value"  was declared but never referenced
      uint8_t key_value;
..\source\main.c(43): warning:  #177-D: variable "stk_key_task"  was declared but never referenced
  static U64 stk_key_task[KEY_TASK_STACK / sizeof(U64)];
..\source\main.c: 3 warnings, 0 errors
compiling es_target_set.c...
compiling JTAG_DP.c...
compiling DAP.c...
compiling SW_DP.c...
compiling SWO.c...
compiling offline_file.c...
..\..\..\app\offline\offline_file.c(61): warning:  #128-D: loop is not reachable
              while(1);
..\..\..\app\offline\offline_file.c(45): warning:  #550-D: variable "fre_sect"  was set but never used
      DWORD fre_clust, fre_sect, tot_sect;     
..\..\..\app\offline\offline_file.c(45): warning:  #550-D: variable "tot_sect"  was set but never used
      DWORD fre_clust, fre_sect, tot_sect;     
..\..\..\app\offline\offline_file.c(444): warning:  #177-D: variable "length"  was declared but never referenced
      uint32_t length;   
..\..\..\app\offline\offline_file.c: 4 warnings, 0 errors
compiling isp_prog_intf.c...
..\..\..\app\es-isp\isp_prog_intf.c(118): warning:  #188-D: enumerated type mixed with another type
          status = isp_entry_isp_mode();
..\..\..\app\es-isp\isp_prog_intf.c: 1 warning, 0 errors
compiling offline_app.c...
compiling usbd_user_hid.c...
compiling swd_prog_intf.c...
..\..\..\app\swd\swd_prog_intf.c(45): warning:  #550-D: variable "page_erase_enabled"  was set but never used
  static bool page_erase_enabled = false;
..\..\..\app\swd\swd_prog_intf.c: 1 warning, 0 errors
compiling M620_ISP.c...
compiling bootisp_prg_intf.c...
..\..\..\app\es-bootisp\bootisp_prg_intf.c(51): warning:  #940-D: missing return statement at end of non-void function "bootisp_uninit" 
  }
..\..\..\app\es-bootisp\bootisp_prg_intf.c(16): warning:  #550-D: variable "last_addr"  was set but never used
  static uint32_t last_addr;
..\..\..\app\es-bootisp\bootisp_prg_intf.c(18): warning:  #177-D: variable "buf"  was declared but never referenced
  static uint8_t buf[BOOTSIP_DATA_MAX_LEN];
..\..\..\app\es-bootisp\bootisp_prg_intf.c: 3 warnings, 0 errors
compiling bootisp_target_flash.c...
..\..\..\app\es-bootisp\bootisp_target_flash.c(324): warning:  #177-D: function "get_crc32_cmd"  was declared but never referenced
  static int get_crc32_cmd(uint32_t addr, uint32_t size, uint32_t *crc_value)
..\..\..\app\es-bootisp\bootisp_target_flash.c: 1 warning, 0 errors
compiling swd_target_reset.c...
compiling swd_target_flash.c...
compiling fonts.c...
compiling swd_host.c...
..\..\..\app\swd\swd_host.c(56): warning:  #47-D: incompatible redefinition of macro "SCB_AIRCR_PRIGROUP_Pos"  (declared at line 526 of "..\..\..\CMSIS\core_cm4.h")
  #define SCB_AIRCR_PRIGROUP_Pos              8                                             /*!< SCB AIRCR: PRIGROUP Position */
..\..\..\app\swd\swd_host.c: 1 warning, 0 errors
compiling oled.c...
compiling link_menu.c...
..\..\..\gui\link_menu.c(151): warning:  #550-D: variable "SelectLine_L"  was set but never used
      uint8_t  SelectLine_L = 1;                    //åŽŸæ¥é€‰ä¸­è¡?
..\..\..\gui\link_menu.c(288): warning:  #1-D: last line of file ends without a newline
  }
..\..\..\gui\link_menu.c: 2 warnings, 0 errors
compiling iap_flash_intf.c...
..\..\..\iap\iap_flash_intf.c(47): warning:  #177-D: function "EraseChip"  was declared but never referenced
  static uint32_t EraseChip(void)
..\..\..\iap\iap_flash_intf.c: 1 warning, 0 errors
compiling update.c...
compiling circ_buf.c...
compiling settings_rom.c...
compiling es_common.c...
compiling cortex_m.c...
compiling fsl_clock.c...
compiling system_MK22F12810.c...
compiling fsl_common.c...
compiling fsl_gpio.c...
compiling fsl_smc.c...
compiling fsl_uart.c...
compiling fsl_flash.c...
compiling fsl_dspi.c...
assembling startup_MK22F12810.s...
compiling rt_List.c...
compiling rt_Event.c...
compiling rt_MemBox.c...
compiling rt_Mutex.c...
compiling rt_Mailbox.c...
compiling rt_Robin.c...
compiling rt_Task.c...
compiling rt_Semaphore.c...
compiling rt_Time.c...
compiling ff.c...
..\..\..\middleware\FatFS\src\ff.c(1831): warning:  #111-D: statement is unreachable
  			w = (w << 8) + b;			/* Create a DBC */
..\..\..\middleware\FatFS\src\ff.c: 1 warning, 0 errors
compiling rt_System.c...
compiling rt_Timer.c...
compiling unicode.c...
compiling HAL_CM3.c...
compiling usb_config.c...
compiling usb_lib.c...
compiling diskio.c...
compiling usbd_core_hid.c...
compiling usbd_hid.c...
compiling usbd_core_cdc.c...
compiling usbd_core.c...
compiling usbd_cdc_acm.c...
compiling usbd_MK20D5.c...
compiling usbd_user_cdc_acm.c...
compiling usbd_cls.c...
compiling usbd_core_cls.c...
linking...
Program Size: Code=56220 RO-data=8252 RW-data=676 ZI-data=20004  
FromELF: creating hex file...
".\Objects\eslink.out" - 0 Error(s), 22 Warning(s).

<h2>Collection of Component include folders:</h2>
  .\RTE\_es_link_II
  C:\Keil_v5\ARM\PACK\NXP\MK22F12810_DFP\10.0.0

<h2>Collection of Component Files used:</h2>
Build Time Elapsed:  00:00:39
</pre>
</body>
</html>
