<html>
<body>
<pre>
<h1>礦ision Build Log</h1>
<h2>Tool Versions:</h2>
IDE-Version: μVision V5.26.2.0
Copyright (C) 2018 ARM Ltd and ARM Germany GmbH. All rights reserved.
License Information: 9527 9527, 9527, LIC=9WSEV-P7EXE-TFLI4-FI5FA-EYBSH-P7V8W
 
Tool Versions:
Toolchain:       MDK-ARM Plus  Version: 5.26.2.0
Toolchain Path:  C:\Keil_v5\ARM\ARMCC\Bin
C Compiler:      Armcc.exe V5.06 update 6 (build 750)
Assembler:       Armasm.exe V5.06 update 6 (build 750)
Linker/Locator:  ArmLink.exe V5.06 update 6 (build 750)
Library Manager: ArmAr.exe V5.06 update 6 (build 750)
Hex Converter:   FromElf.exe V5.06 update 6 (build 750)
CPU DLL:         SARMCM3.DLL V5.26.2.0
Dialog DLL:      DCM.DLL V1.17.2.0
Target DLL:      Segger\JL2CM3.dll V2.99.31.0
Dialog DLL:      TCM.DLL V1.36.1.0
 
<h2>Project:</h2>
D:\DAPLink_Workspace\eslink-ii\projects\eslinkii-link-08\project\eslink_08.uvprojx
Project File Date:  02/28/2019

<h2>Output:</h2>
*** Using Compiler 'V5.06 update 6 (build 750)', folder: 'C:\Keil_v5\ARM\ARMCC\Bin'
Build target 'es_link_II'
compiling sflash_port.c...
compiling eeprom_port.c...
compiling es_burner.c...
..\..\..\eslink\es_burner.c(1436): warning:  #1-D: last line of file ends without a newline
   
..\..\..\eslink\es_burner.c: 1 warning, 0 errors
compiling es_debug.c...
..\..\..\eslink\es_debug.c(73): warning:  #940-D: missing return statement at end of non-void function "download_timing" 
  }
..\..\..\eslink\es_debug.c(92): warning:  #550-D: variable "result"  was set but never used
      error_t result = ERROR_SUCCESS;
..\..\..\eslink\es_debug.c(140): warning:  #177-D: variable "failaddr"  was declared but never referenced
          uint32_t failaddr;
..\..\..\eslink\es_debug.c(210): warning:  #177-D: variable "halt_data"  was declared but never referenced
  	uint16_t  halt_data;
..\..\..\eslink\es_debug.c(298): warning:  #188-D: enumerated type mixed with another type
          return FALSE;
..\..\..\eslink\es_debug.c(354): warning:  #188-D: enumerated type mixed with another type
          return FALSE;
..\..\..\eslink\es_debug.c(581): warning:  #550-D: variable "pc1"  was set but never used
  	uint16_t   pc1, pc2;
..\..\..\eslink\es_debug.c(964): warning:  #177-D: variable "i"  was declared but never referenced
      uint16_t i;
..\..\..\eslink\es_debug.c(1246): warning:  #550-D: variable "ret"  was set but never used
      error_t ret;
..\..\..\eslink\es_debug.c(70): warning:  #177-D: function "download_timing"  was declared but never referenced
  static error_t download_timing(uint8_t *data_buf)	
..\..\..\eslink\es_debug.c(78): warning:  #177-D: function "es_write_chipinfo"  was declared but never referenced
  static error_t es_write_chipinfo(uint8_t *buf)
..\..\..\eslink\es_debug.c: 11 warnings, 0 errors
compiling eslink.c...
compiling board.c...
compiling usbd_user_cls.c...
compiling main.c...
compiling gpio.c...
compiling pin_mux.c...
compiling eeprom.c...
compiling clock_config.c...
compiling key.c...
compiling systick.c...
compiling uart.c...
compiling beep.c...
compiling spi_flash.c...
compiling offline_app.c...
..\..\..\eslink\offline\offline_app.c(341): warning:  #223-D: function "gui_refresh" declared implicitly
      gui_refresh();
..\..\..\eslink\offline\offline_app.c: 1 warning, 0 errors
compiling target_program_config.c...
compiling M620_ISP.c...
compiling offline_file.c...
..\..\..\eslink\offline\offline_file.c(57): warning:  #128-D: loop is not reachable
              while(1);
..\..\..\eslink\offline\offline_file.c(536): warning:  #550-D: variable "res"  was set but never used
      FRESULT res;        
..\..\..\eslink\offline\offline_file.c: 2 warnings, 0 errors
compiling fonts.c...
compiling hr7p169b_icd.c...
..\source\es-debug\hr7p169b_icd.c(14): warning:  #177-D: function "nop_delay"  was declared but never referenced
  static void  nop_delay()//400ns
..\source\es-debug\hr7p169b_icd.c: 1 warning, 0 errors
compiling message.c...
compiling isp_prog_intf.c...
compiling oled.c...
compiling link_menu.c...
compiling update.c...
compiling iap_flash_intf.c...
compiling es_common.c...
compiling circ_buf.c...
compiling ustdlib.c...
compiling settings_rom.c...
compiling cortex_m.c...
compiling system_MK22F12810.c...
compiling fsl_common.c...
compiling fsl_gpio.c...
compiling fsl_clock.c...
compiling fsl_smc.c...
compiling fsl_dspi.c...
compiling fsl_uart.c...
compiling fsl_flash.c...
assembling startup_MK22F12810.s...
compiling diskio.c...
compiling unicode.c...
compiling usb_config.c...
compiling ff.c...
..\..\..\middleware\FatFS\src\ff.c(1831): warning:  #111-D: statement is unreachable
  			w = (w << 8) + b;			/* Create a DBC */
..\..\..\middleware\FatFS\src\ff.c: 1 warning, 0 errors
compiling usb_lib.c...
compiling usbd_core_hid.c...
compiling usbd_hid.c...
compiling usbd_core.c...
compiling usbd_core_cdc.c...
compiling usbd_cdc_acm.c...
compiling usbd_MK20D5.c...
compiling usbd_cls.c...
compiling usbd_core_cls.c...
compiling usbd_user_cdc_acm.c...
linking...
Program Size: Code=57132 RO-data=8208 RW-data=696 ZI-data=17280  
FromELF: creating hex file...
After Build - User command #1: .\CopyHex_Flash.bat
D:\DAPLink_Workspace\eslink-ii\projects\eslinkii-link-08\project>copy Objects\output.hex ..\..\HR7PXXX 
已复制         1 个文件。
".\Objects\output.axf" - 0 Error(s), 17 Warning(s).

<h2>Software Packages used:</h2>

Package Vendor: NXP
                http://mcuxpresso.nxp.com/cmsis_pack/repo/NXP.MK22F12810_DFP.10.0.0.pack
                NXP.MK22F12810_DFP.10.0.0
                Device Family Pack for MK22F12810

<h2>Collection of Component include folders:</h2>
  .\RTE\_es_link_II
  C:\Keil_v5\ARM\PACK\NXP\MK22F12810_DFP\10.0.0

<h2>Collection of Component Files used:</h2>
Build Time Elapsed:  00:00:24
</pre>
</body>
</html>
