<!doctype html public "-//w3c//dtd html 4.0 transitional//en">
<html><head>
<title>Static Call Graph - [.\Objects\output.axf]</title></head>
<body><HR>
<H1>Static Call Graph for image .\Objects\output.axf</H1><HR>
<BR><P>#&#060CALLGRAPH&#062# ARM Linker, 5060422: Last Updated: Fri Nov 16 15:20:39 2018
<BR><P>
<H3>Maximum Stack Usage =       1592 bytes + Unknown(Cycles, Untraceable Function Pointers)</H3><H3>
Call chain for Maximum Stack Depth:</H3>
USBD_CLS_EP_BULK_Event &rArr; USBD_CLS_EP_BULKOUT_Event &rArr; USBD_CLS_BulkOut &rArr; USBD_CLS_DataOutTransfer &rArr; eslink_process_command &rArr; prog_process_command &rArr; download_ofl_prj_timing_end &rArr; ofl_file_write_start &rArr; f_open &rArr; dir_register &rArr; dir_find &rArr; dir_next &rArr; create_chain &rArr; put_fat &rArr; move_window &rArr; sync_window &rArr; disk_write &rArr; spi_flash_write &rArr; sf_page_write &rArr; sf_wait_busy &rArr; flash_send_byte
<P>
<H3>
Mutually Recursive functions
</H3> <LI><a href="#[12]">NMI_Handler</a>&nbsp;&nbsp;&nbsp;&rArr;&nbsp;&nbsp;&nbsp;<a href="#[12]">NMI_Handler</a><BR>
 <LI><a href="#[14]">MemManage_Handler</a>&nbsp;&nbsp;&nbsp;&rArr;&nbsp;&nbsp;&nbsp;<a href="#[14]">MemManage_Handler</a><BR>
 <LI><a href="#[15]">BusFault_Handler</a>&nbsp;&nbsp;&nbsp;&rArr;&nbsp;&nbsp;&nbsp;<a href="#[15]">BusFault_Handler</a><BR>
 <LI><a href="#[16]">UsageFault_Handler</a>&nbsp;&nbsp;&nbsp;&rArr;&nbsp;&nbsp;&nbsp;<a href="#[16]">UsageFault_Handler</a><BR>
 <LI><a href="#[17]">SVC_Handler</a>&nbsp;&nbsp;&nbsp;&rArr;&nbsp;&nbsp;&nbsp;<a href="#[17]">SVC_Handler</a><BR>
 <LI><a href="#[18]">DebugMon_Handler</a>&nbsp;&nbsp;&nbsp;&rArr;&nbsp;&nbsp;&nbsp;<a href="#[18]">DebugMon_Handler</a><BR>
 <LI><a href="#[19]">PendSV_Handler</a>&nbsp;&nbsp;&nbsp;&rArr;&nbsp;&nbsp;&nbsp;<a href="#[19]">PendSV_Handler</a><BR>
</UL>
<P>
<H3>
Function Pointers
</H3><UL>
 <LI><a href="#[42]">ADC0_IRQHandler</a> from startup_mk22f12810.o(.text) referenced from startup_mk22f12810.o(RESET)
 <LI><a href="#[64]">ADC1_IRQHandler</a> from startup_mk22f12810.o(.text) referenced from startup_mk22f12810.o(RESET)
 <LI><a href="#[15]">BusFault_Handler</a> from startup_mk22f12810.o(.text) referenced from startup_mk22f12810.o(RESET)
 <LI><a href="#[87]">CLOCK_CONFIG_FllStableDelay</a> from clock_config.o(i.CLOCK_CONFIG_FllStableDelay) referenced from clock_config.o(i.BOARD_BootClockRUN)
 <LI><a href="#[43]">CMP0_IRQHandler</a> from startup_mk22f12810.o(.text) referenced from startup_mk22f12810.o(RESET)
 <LI><a href="#[44]">CMP1_IRQHandler</a> from startup_mk22f12810.o(.text) referenced from startup_mk22f12810.o(RESET)
 <LI><a href="#[53]">DAC0_IRQHandler</a> from startup_mk22f12810.o(.text) referenced from startup_mk22f12810.o(RESET)
 <LI><a href="#[75]">DMA0_DriverIRQHandler</a> from startup_mk22f12810.o(.text) referenced from startup_mk22f12810.o(.text)
 <LI><a href="#[1b]">DMA0_IRQHandler</a> from startup_mk22f12810.o(.text) referenced from startup_mk22f12810.o(RESET)
 <LI><a href="#[76]">DMA1_DriverIRQHandler</a> from startup_mk22f12810.o(.text) referenced from startup_mk22f12810.o(.text)
 <LI><a href="#[1c]">DMA1_IRQHandler</a> from startup_mk22f12810.o(.text) referenced from startup_mk22f12810.o(RESET)
 <LI><a href="#[77]">DMA2_DriverIRQHandler</a> from startup_mk22f12810.o(.text) referenced from startup_mk22f12810.o(.text)
 <LI><a href="#[1d]">DMA2_IRQHandler</a> from startup_mk22f12810.o(.text) referenced from startup_mk22f12810.o(RESET)
 <LI><a href="#[78]">DMA3_DriverIRQHandler</a> from startup_mk22f12810.o(.text) referenced from startup_mk22f12810.o(.text)
 <LI><a href="#[1e]">DMA3_IRQHandler</a> from startup_mk22f12810.o(.text) referenced from startup_mk22f12810.o(RESET)
 <LI><a href="#[79]">DMA_Error_DriverIRQHandler</a> from startup_mk22f12810.o(.text) referenced from startup_mk22f12810.o(.text)
 <LI><a href="#[2b]">DMA_Error_IRQHandler</a> from startup_mk22f12810.o(.text) referenced from startup_mk22f12810.o(RESET)
 <LI><a href="#[18]">DebugMon_Handler</a> from startup_mk22f12810.o(.text) referenced from startup_mk22f12810.o(RESET)
 <LI><a href="#[71]">DefaultISR</a> from startup_mk22f12810.o(.text) referenced from startup_mk22f12810.o(.text)
 <LI><a href="#[71]">DefaultISR</a> from startup_mk22f12810.o(.text) referenced 153 times from startup_mk22f12810.o(RESET)
 <LI><a href="#[2d]">FTF_IRQHandler</a> from startup_mk22f12810.o(.text) referenced from startup_mk22f12810.o(RESET)
 <LI><a href="#[45]">FTM0_IRQHandler</a> from startup_mk22f12810.o(.text) referenced from startup_mk22f12810.o(RESET)
 <LI><a href="#[46]">FTM1_IRQHandler</a> from startup_mk22f12810.o(.text) referenced from startup_mk22f12810.o(RESET)
 <LI><a href="#[47]">FTM2_IRQHandler</a> from startup_mk22f12810.o(.text) referenced from startup_mk22f12810.o(RESET)
 <LI><a href="#[13]">HardFault_Handler</a> from main.o(i.HardFault_Handler) referenced from startup_mk22f12810.o(RESET)
 <LI><a href="#[7a]">I2C0_DriverIRQHandler</a> from startup_mk22f12810.o(.text) referenced from startup_mk22f12810.o(.text)
 <LI><a href="#[33]">I2C0_IRQHandler</a> from startup_mk22f12810.o(.text) referenced from startup_mk22f12810.o(RESET)
 <LI><a href="#[7b]">I2C1_DriverIRQHandler</a> from startup_mk22f12810.o(.text) referenced from startup_mk22f12810.o(.text)
 <LI><a href="#[34]">I2C1_IRQHandler</a> from startup_mk22f12810.o(.text) referenced from startup_mk22f12810.o(RESET)
 <LI><a href="#[7f]">I2S0_Rx_DriverIRQHandler</a> from startup_mk22f12810.o(.text) referenced from startup_mk22f12810.o(.text)
 <LI><a href="#[38]">I2S0_Rx_IRQHandler</a> from startup_mk22f12810.o(.text) referenced from startup_mk22f12810.o(RESET)
 <LI><a href="#[7e]">I2S0_Tx_DriverIRQHandler</a> from startup_mk22f12810.o(.text) referenced from startup_mk22f12810.o(.text)
 <LI><a href="#[37]">I2S0_Tx_IRQHandler</a> from startup_mk22f12810.o(.text) referenced from startup_mk22f12810.o(RESET)
 <LI><a href="#[30]">LLWU_IRQHandler</a> from startup_mk22f12810.o(.text) referenced from startup_mk22f12810.o(RESET)
 <LI><a href="#[55]">LPTMR0_IRQHandler</a> from startup_mk22f12810.o(.text) referenced from startup_mk22f12810.o(RESET)
 <LI><a href="#[80]">LPUART0_DriverIRQHandler</a> from startup_mk22f12810.o(.text) referenced from startup_mk22f12810.o(.text)
 <LI><a href="#[39]">LPUART0_IRQHandler</a> from startup_mk22f12810.o(.text) referenced from startup_mk22f12810.o(RESET)
 <LI><a href="#[2f]">LVD_LVW_IRQHandler</a> from startup_mk22f12810.o(.text) referenced from startup_mk22f12810.o(RESET)
 <LI><a href="#[54]">MCG_IRQHandler</a> from startup_mk22f12810.o(.text) referenced from startup_mk22f12810.o(RESET)
 <LI><a href="#[2c]">MCM_IRQHandler</a> from startup_mk22f12810.o(.text) referenced from startup_mk22f12810.o(RESET)
 <LI><a href="#[14]">MemManage_Handler</a> from startup_mk22f12810.o(.text) referenced from startup_mk22f12810.o(RESET)
 <LI><a href="#[12]">NMI_Handler</a> from startup_mk22f12810.o(.text) referenced from startup_mk22f12810.o(RESET)
 <LI><a href="#[4f]">PDB0_IRQHandler</a> from startup_mk22f12810.o(.text) referenced from startup_mk22f12810.o(RESET)
 <LI><a href="#[4b]">PIT0_IRQHandler</a> from startup_mk22f12810.o(.text) referenced from startup_mk22f12810.o(RESET)
 <LI><a href="#[4c]">PIT1_IRQHandler</a> from startup_mk22f12810.o(.text) referenced from startup_mk22f12810.o(RESET)
 <LI><a href="#[4d]">PIT2_IRQHandler</a> from startup_mk22f12810.o(.text) referenced from startup_mk22f12810.o(RESET)
 <LI><a href="#[4e]">PIT3_IRQHandler</a> from startup_mk22f12810.o(.text) referenced from startup_mk22f12810.o(RESET)
 <LI><a href="#[56]">PORTA_IRQHandler</a> from startup_mk22f12810.o(.text) referenced from startup_mk22f12810.o(RESET)
 <LI><a href="#[57]">PORTB_IRQHandler</a> from startup_mk22f12810.o(.text) referenced from startup_mk22f12810.o(RESET)
 <LI><a href="#[58]">PORTC_IRQHandler</a> from startup_mk22f12810.o(.text) referenced from startup_mk22f12810.o(RESET)
 <LI><a href="#[59]">PORTD_IRQHandler</a> from startup_mk22f12810.o(.text) referenced from startup_mk22f12810.o(RESET)
 <LI><a href="#[5a]">PORTE_IRQHandler</a> from startup_mk22f12810.o(.text) referenced from startup_mk22f12810.o(RESET)
 <LI><a href="#[19]">PendSV_Handler</a> from startup_mk22f12810.o(.text) referenced from startup_mk22f12810.o(RESET)
 <LI><a href="#[49]">RTC_IRQHandler</a> from startup_mk22f12810.o(.text) referenced from startup_mk22f12810.o(RESET)
 <LI><a href="#[4a]">RTC_Seconds_IRQHandler</a> from startup_mk22f12810.o(.text) referenced from startup_mk22f12810.o(RESET)
 <LI><a href="#[2e]">Read_Collision_IRQHandler</a> from startup_mk22f12810.o(.text) referenced from startup_mk22f12810.o(RESET)
 <LI><a href="#[6f]">Reserved100_IRQHandler</a> from startup_mk22f12810.o(.text) referenced from startup_mk22f12810.o(RESET)
 <LI><a href="#[70]">Reserved101_IRQHandler</a> from startup_mk22f12810.o(.text) referenced from startup_mk22f12810.o(RESET)
 <LI><a href="#[1f]">Reserved20_IRQHandler</a> from startup_mk22f12810.o(.text) referenced from startup_mk22f12810.o(RESET)
 <LI><a href="#[20]">Reserved21_IRQHandler</a> from startup_mk22f12810.o(.text) referenced from startup_mk22f12810.o(RESET)
 <LI><a href="#[21]">Reserved22_IRQHandler</a> from startup_mk22f12810.o(.text) referenced from startup_mk22f12810.o(RESET)
 <LI><a href="#[22]">Reserved23_IRQHandler</a> from startup_mk22f12810.o(.text) referenced from startup_mk22f12810.o(RESET)
 <LI><a href="#[23]">Reserved24_IRQHandler</a> from startup_mk22f12810.o(.text) referenced from startup_mk22f12810.o(RESET)
 <LI><a href="#[24]">Reserved25_IRQHandler</a> from startup_mk22f12810.o(.text) referenced from startup_mk22f12810.o(RESET)
 <LI><a href="#[25]">Reserved26_IRQHandler</a> from startup_mk22f12810.o(.text) referenced from startup_mk22f12810.o(RESET)
 <LI><a href="#[26]">Reserved27_IRQHandler</a> from startup_mk22f12810.o(.text) referenced from startup_mk22f12810.o(RESET)
 <LI><a href="#[27]">Reserved28_IRQHandler</a> from startup_mk22f12810.o(.text) referenced from startup_mk22f12810.o(RESET)
 <LI><a href="#[28]">Reserved29_IRQHandler</a> from startup_mk22f12810.o(.text) referenced from startup_mk22f12810.o(RESET)
 <LI><a href="#[29]">Reserved30_IRQHandler</a> from startup_mk22f12810.o(.text) referenced from startup_mk22f12810.o(RESET)
 <LI><a href="#[2a]">Reserved31_IRQHandler</a> from startup_mk22f12810.o(.text) referenced from startup_mk22f12810.o(RESET)
 <LI><a href="#[32]">Reserved39_IRQHandler</a> from startup_mk22f12810.o(.text) referenced from startup_mk22f12810.o(RESET)
 <LI><a href="#[40]">Reserved53_IRQHandler</a> from startup_mk22f12810.o(.text) referenced from startup_mk22f12810.o(RESET)
 <LI><a href="#[41]">Reserved54_IRQHandler</a> from startup_mk22f12810.o(.text) referenced from startup_mk22f12810.o(RESET)
 <LI><a href="#[48]">Reserved61_IRQHandler</a> from startup_mk22f12810.o(.text) referenced from startup_mk22f12810.o(RESET)
 <LI><a href="#[51]">Reserved70_IRQHandler</a> from startup_mk22f12810.o(.text) referenced from startup_mk22f12810.o(RESET)
 <LI><a href="#[52]">Reserved71_IRQHandler</a> from startup_mk22f12810.o(.text) referenced from startup_mk22f12810.o(RESET)
 <LI><a href="#[5c]">Reserved81_IRQHandler</a> from startup_mk22f12810.o(.text) referenced from startup_mk22f12810.o(RESET)
 <LI><a href="#[5d]">Reserved82_IRQHandler</a> from startup_mk22f12810.o(.text) referenced from startup_mk22f12810.o(RESET)
 <LI><a href="#[5e]">Reserved83_IRQHandler</a> from startup_mk22f12810.o(.text) referenced from startup_mk22f12810.o(RESET)
 <LI><a href="#[5f]">Reserved84_IRQHandler</a> from startup_mk22f12810.o(.text) referenced from startup_mk22f12810.o(RESET)
 <LI><a href="#[60]">Reserved85_IRQHandler</a> from startup_mk22f12810.o(.text) referenced from startup_mk22f12810.o(RESET)
 <LI><a href="#[61]">Reserved86_IRQHandler</a> from startup_mk22f12810.o(.text) referenced from startup_mk22f12810.o(RESET)
 <LI><a href="#[62]">Reserved87_IRQHandler</a> from startup_mk22f12810.o(.text) referenced from startup_mk22f12810.o(RESET)
 <LI><a href="#[63]">Reserved88_IRQHandler</a> from startup_mk22f12810.o(.text) referenced from startup_mk22f12810.o(RESET)
 <LI><a href="#[65]">Reserved90_IRQHandler</a> from startup_mk22f12810.o(.text) referenced from startup_mk22f12810.o(RESET)
 <LI><a href="#[66]">Reserved91_IRQHandler</a> from startup_mk22f12810.o(.text) referenced from startup_mk22f12810.o(RESET)
 <LI><a href="#[67]">Reserved92_IRQHandler</a> from startup_mk22f12810.o(.text) referenced from startup_mk22f12810.o(RESET)
 <LI><a href="#[68]">Reserved93_IRQHandler</a> from startup_mk22f12810.o(.text) referenced from startup_mk22f12810.o(RESET)
 <LI><a href="#[69]">Reserved94_IRQHandler</a> from startup_mk22f12810.o(.text) referenced from startup_mk22f12810.o(RESET)
 <LI><a href="#[6a]">Reserved95_IRQHandler</a> from startup_mk22f12810.o(.text) referenced from startup_mk22f12810.o(RESET)
 <LI><a href="#[6b]">Reserved96_IRQHandler</a> from startup_mk22f12810.o(.text) referenced from startup_mk22f12810.o(RESET)
 <LI><a href="#[6c]">Reserved97_IRQHandler</a> from startup_mk22f12810.o(.text) referenced from startup_mk22f12810.o(RESET)
 <LI><a href="#[6d]">Reserved98_IRQHandler</a> from startup_mk22f12810.o(.text) referenced from startup_mk22f12810.o(RESET)
 <LI><a href="#[6e]">Reserved99_IRQHandler</a> from startup_mk22f12810.o(.text) referenced from startup_mk22f12810.o(RESET)
 <LI><a href="#[11]">Reset_Handler</a> from startup_mk22f12810.o(.text) referenced from startup_mk22f12810.o(RESET)
 <LI><a href="#[7c]">SPI0_DriverIRQHandler</a> from fsl_dspi.o(i.SPI0_DriverIRQHandler) referenced from startup_mk22f12810.o(.text)
 <LI><a href="#[35]">SPI0_IRQHandler</a> from startup_mk22f12810.o(.text) referenced from startup_mk22f12810.o(RESET)
 <LI><a href="#[7d]">SPI1_DriverIRQHandler</a> from fsl_dspi.o(i.SPI1_DriverIRQHandler) referenced from startup_mk22f12810.o(.text)
 <LI><a href="#[36]">SPI1_IRQHandler</a> from startup_mk22f12810.o(.text) referenced from startup_mk22f12810.o(RESET)
 <LI><a href="#[17]">SVC_Handler</a> from startup_mk22f12810.o(.text) referenced from startup_mk22f12810.o(RESET)
 <LI><a href="#[5b]">SWI_IRQHandler</a> from startup_mk22f12810.o(.text) referenced from startup_mk22f12810.o(RESET)
 <LI><a href="#[1a]">SysTick_Handler</a> from systick.o(i.SysTick_Handler) referenced from startup_mk22f12810.o(RESET)
 <LI><a href="#[73]">SystemInit</a> from system_mk22f12810.o(i.SystemInit) referenced from startup_mk22f12810.o(.text)
 <LI><a href="#[82]">UART0_ERR_DriverIRQHandler</a> from startup_mk22f12810.o(.text) referenced from startup_mk22f12810.o(.text)
 <LI><a href="#[3b]">UART0_ERR_IRQHandler</a> from startup_mk22f12810.o(.text) referenced from startup_mk22f12810.o(RESET)
 <LI><a href="#[81]">UART0_RX_TX_DriverIRQHandler</a> from fsl_uart.o(i.UART0_RX_TX_DriverIRQHandler) referenced from startup_mk22f12810.o(.text)
 <LI><a href="#[3a]">UART0_RX_TX_IRQHandler</a> from startup_mk22f12810.o(.text) referenced from startup_mk22f12810.o(RESET)
 <LI><a href="#[84]">UART1_ERR_DriverIRQHandler</a> from startup_mk22f12810.o(.text) referenced from startup_mk22f12810.o(.text)
 <LI><a href="#[3d]">UART1_ERR_IRQHandler</a> from startup_mk22f12810.o(.text) referenced from startup_mk22f12810.o(RESET)
 <LI><a href="#[83]">UART1_RX_TX_DriverIRQHandler</a> from fsl_uart.o(i.UART1_RX_TX_DriverIRQHandler) referenced from startup_mk22f12810.o(.text)
 <LI><a href="#[3c]">UART1_RX_TX_IRQHandler</a> from uart.o(i.UART1_RX_TX_IRQHandler) referenced from startup_mk22f12810.o(RESET)
 <LI><a href="#[86]">UART2_ERR_DriverIRQHandler</a> from startup_mk22f12810.o(.text) referenced from startup_mk22f12810.o(.text)
 <LI><a href="#[3f]">UART2_ERR_IRQHandler</a> from startup_mk22f12810.o(.text) referenced from startup_mk22f12810.o(RESET)
 <LI><a href="#[85]">UART2_RX_TX_DriverIRQHandler</a> from fsl_uart.o(i.UART2_RX_TX_DriverIRQHandler) referenced from startup_mk22f12810.o(.text)
 <LI><a href="#[3e]">UART2_RX_TX_IRQHandler</a> from startup_mk22f12810.o(.text) referenced from startup_mk22f12810.o(RESET)
 <LI><a href="#[50]">USB0_IRQHandler</a> from usbd_mk20d5.o(i.USB0_IRQHandler) referenced from startup_mk22f12810.o(RESET)
 <LI><a href="#[90]">USBD_CDC_ACM_EP_BULK_Event</a> from usbd_cdc_acm.o(i.USBD_CDC_ACM_EP_BULK_Event) referenced from usb_config.o(.constdata)
 <LI><a href="#[8f]">USBD_CDC_ACM_EP_INTIN_Event</a> from usbd_cdc_acm.o(i.USBD_CDC_ACM_EP_INTIN_Event) referenced from usb_config.o(.constdata)
 <LI><a href="#[8d]">USBD_CLS_EP_BULK_Event</a> from usbd_cls.o(i.USBD_CLS_EP_BULK_Event) referenced from usb_config.o(.constdata)
 <LI><a href="#[91]">USBD_Configure_Event</a> from usb_config.o(i.USBD_Configure_Event) referenced from usb_config.o(.constdata)
 <LI><a href="#[8c]">USBD_EndPoint0</a> from usbd_core.o(i.USBD_EndPoint0) referenced from usb_config.o(.constdata)
 <LI><a href="#[8e]">USBD_HID_EP_INT_Event</a> from usbd_hid.o(i.USBD_HID_EP_INT_Event) referenced from usb_config.o(.constdata)
 <LI><a href="#[8a]">USBD_Reset_Event</a> from usb_config.o(i.USBD_Reset_Event) referenced from usb_config.o(.constdata)
 <LI><a href="#[8b]">USBD_SOF_Event</a> from usb_config.o(i.USBD_SOF_Event) referenced from usb_config.o(.constdata)
 <LI><a href="#[16]">UsageFault_Handler</a> from startup_mk22f12810.o(.text) referenced from startup_mk22f12810.o(RESET)
 <LI><a href="#[31]">WDOG_EWM_IRQHandler</a> from startup_mk22f12810.o(.text) referenced from startup_mk22f12810.o(RESET)
 <LI><a href="#[74]">__main</a> from entry.o(.ARM.Collect$$$$00000000) referenced from startup_mk22f12810.o(.text)
 <LI><a href="#[89]">_sputc</a> from printf8.o(i._sputc) referenced from printf8.o(i.__0sprintf$8)
 <LI><a href="#[88]">gpio_key0_down</a> from gpio.o(i.gpio_key0_down) referenced from key.o(i.Key_InitVar)
 <LI><a href="#[8]">isp_chipid_check</a> from isp_prog_intf.o(i.isp_chipid_check) referenced 2 times from isp_prog_intf.o(.data)
 <LI><a href="#[2]">isp_init</a> from isp_prog_intf.o(i.isp_init) referenced 2 times from isp_prog_intf.o(.data)
 <LI><a href="#[6]">isp_prog_check_empty</a> from isp_prog_intf.o(i.isp_prog_check_empty) referenced 2 times from isp_prog_intf.o(.data)
 <LI><a href="#[a]">isp_prog_encrypt_chip</a> from isp_prog_intf.o(i.isp_prog_encrypt_chip) referenced 2 times from isp_prog_intf.o(.data)
 <LI><a href="#[5]">isp_prog_erase_chip</a> from isp_prog_intf.o(i.isp_prog_erase_chip) referenced 2 times from isp_prog_intf.o(.data)
 <LI><a href="#[3]">isp_prog_init</a> from isp_prog_intf.o(i.isp_prog_init) referenced 2 times from isp_prog_intf.o(.data)
 <LI><a href="#[e]">isp_prog_program_flash</a> from isp_prog_intf.o(i.isp_prog_program_flash) referenced 2 times from isp_prog_intf.o(.data)
 <LI><a href="#[b]">isp_prog_programe_config</a> from isp_prog_intf.o(i.isp_prog_programe_config) referenced 2 times from isp_prog_intf.o(.data)
 <LI><a href="#[9]">isp_prog_read_chip_chksum</a> from isp_prog_intf.o(i.isp_prog_read_chip_chksum) referenced 2 times from isp_prog_intf.o(.data)
 <LI><a href="#[7]">isp_prog_read_chipid</a> from isp_prog_intf.o(i.isp_prog_read_chipid) referenced 2 times from isp_prog_intf.o(.data)
 <LI><a href="#[c]">isp_prog_read_config</a> from isp_prog_intf.o(i.isp_prog_read_config) referenced 2 times from isp_prog_intf.o(.data)
 <LI><a href="#[f]">isp_prog_read_flash</a> from isp_prog_intf.o(i.isp_prog_read_flash) referenced 2 times from isp_prog_intf.o(.data)
 <LI><a href="#[4]">isp_prog_uninit</a> from isp_prog_intf.o(i.isp_prog_uninit) referenced 2 times from isp_prog_intf.o(.data)
 <LI><a href="#[d]">isp_prog_verify_config</a> from isp_prog_intf.o(i.isp_prog_verify_config) referenced 2 times from isp_prog_intf.o(.data)
 <LI><a href="#[10]">isp_prog_verify_flash</a> from isp_prog_intf.o(i.isp_prog_verify_flash) referenced 2 times from isp_prog_intf.o(.data)
 <LI><a href="#[1]">logo_display</a> from link_menu.o(i.logo_display) referenced 2 times from link_menu.o(.data)
 <LI><a href="#[72]">main</a> from main.o(i.main) referenced from entry9a.o(.ARM.Collect$$$$0000000B)
 <LI><a href="#[0]">ofl_program_display</a> from link_menu.o(i.ofl_program_display) referenced 2 times from link_menu.o(.data)
</UL>
<P>
<H3>
Global Symbols
</H3>
<P><STRONG><a name="[74]"></a>__main</STRONG> (Thumb, 0 bytes, Stack size unknown bytes, entry.o(.ARM.Collect$$$$00000000))
<BR>[Address Reference Count : 1]<UL><LI> startup_mk22f12810.o(.text)
</UL>
<P><STRONG><a name="[28a]"></a>_main_stk</STRONG> (Thumb, 0 bytes, Stack size unknown bytes, entry4.o(.ARM.Collect$$$$00000003))

<P><STRONG><a name="[92]"></a>_main_scatterload</STRONG> (Thumb, 0 bytes, Stack size unknown bytes, entry5.o(.ARM.Collect$$$$00000004))
<BR><BR>[Calls]<UL><LI><a href="#[93]">&gt;&gt;</a>&nbsp;&nbsp;&nbsp;__scatterload
</UL>

<P><STRONG><a name="[9a]"></a>__main_after_scatterload</STRONG> (Thumb, 0 bytes, Stack size unknown bytes, entry5.o(.ARM.Collect$$$$00000004))
<BR><BR>[Called By]<UL><LI><a href="#[93]">&gt;&gt;</a>&nbsp;&nbsp;&nbsp;__scatterload
</UL>

<P><STRONG><a name="[28b]"></a>_main_clock</STRONG> (Thumb, 0 bytes, Stack size unknown bytes, entry7b.o(.ARM.Collect$$$$00000008))

<P><STRONG><a name="[28c]"></a>_main_cpp_init</STRONG> (Thumb, 0 bytes, Stack size unknown bytes, entry8b.o(.ARM.Collect$$$$0000000A))

<P><STRONG><a name="[28d]"></a>_main_init</STRONG> (Thumb, 0 bytes, Stack size unknown bytes, entry9a.o(.ARM.Collect$$$$0000000B))

<P><STRONG><a name="[28e]"></a>__rt_final_cpp</STRONG> (Thumb, 0 bytes, Stack size unknown bytes, entry10a.o(.ARM.Collect$$$$0000000D))

<P><STRONG><a name="[28f]"></a>__rt_final_exit</STRONG> (Thumb, 0 bytes, Stack size unknown bytes, entry11a.o(.ARM.Collect$$$$0000000F))

<P><STRONG><a name="[11]"></a>Reset_Handler</STRONG> (Thumb, 24 bytes, Stack size 0 bytes, startup_mk22f12810.o(.text))
<BR>[Address Reference Count : 1]<UL><LI> startup_mk22f12810.o(RESET)
</UL>
<P><STRONG><a name="[12]"></a>NMI_Handler</STRONG> (Thumb, 2 bytes, Stack size 0 bytes, startup_mk22f12810.o(.text))
<BR><BR>[Calls]<UL><LI><a href="#[12]">&gt;&gt;</a>&nbsp;&nbsp;&nbsp;NMI_Handler
</UL>
<BR>[Called By]<UL><LI><a href="#[12]">&gt;&gt;</a>&nbsp;&nbsp;&nbsp;NMI_Handler
</UL>
<BR>[Address Reference Count : 1]<UL><LI> startup_mk22f12810.o(RESET)
</UL>
<P><STRONG><a name="[14]"></a>MemManage_Handler</STRONG> (Thumb, 2 bytes, Stack size 0 bytes, startup_mk22f12810.o(.text))
<BR><BR>[Calls]<UL><LI><a href="#[14]">&gt;&gt;</a>&nbsp;&nbsp;&nbsp;MemManage_Handler
</UL>
<BR>[Called By]<UL><LI><a href="#[14]">&gt;&gt;</a>&nbsp;&nbsp;&nbsp;MemManage_Handler
</UL>
<BR>[Address Reference Count : 1]<UL><LI> startup_mk22f12810.o(RESET)
</UL>
<P><STRONG><a name="[15]"></a>BusFault_Handler</STRONG> (Thumb, 2 bytes, Stack size 0 bytes, startup_mk22f12810.o(.text))
<BR><BR>[Calls]<UL><LI><a href="#[15]">&gt;&gt;</a>&nbsp;&nbsp;&nbsp;BusFault_Handler
</UL>
<BR>[Called By]<UL><LI><a href="#[15]">&gt;&gt;</a>&nbsp;&nbsp;&nbsp;BusFault_Handler
</UL>
<BR>[Address Reference Count : 1]<UL><LI> startup_mk22f12810.o(RESET)
</UL>
<P><STRONG><a name="[16]"></a>UsageFault_Handler</STRONG> (Thumb, 2 bytes, Stack size 0 bytes, startup_mk22f12810.o(.text))
<BR><BR>[Calls]<UL><LI><a href="#[16]">&gt;&gt;</a>&nbsp;&nbsp;&nbsp;UsageFault_Handler
</UL>
<BR>[Called By]<UL><LI><a href="#[16]">&gt;&gt;</a>&nbsp;&nbsp;&nbsp;UsageFault_Handler
</UL>
<BR>[Address Reference Count : 1]<UL><LI> startup_mk22f12810.o(RESET)
</UL>
<P><STRONG><a name="[17]"></a>SVC_Handler</STRONG> (Thumb, 2 bytes, Stack size 0 bytes, startup_mk22f12810.o(.text))
<BR><BR>[Calls]<UL><LI><a href="#[17]">&gt;&gt;</a>&nbsp;&nbsp;&nbsp;SVC_Handler
</UL>
<BR>[Called By]<UL><LI><a href="#[17]">&gt;&gt;</a>&nbsp;&nbsp;&nbsp;SVC_Handler
</UL>
<BR>[Address Reference Count : 1]<UL><LI> startup_mk22f12810.o(RESET)
</UL>
<P><STRONG><a name="[18]"></a>DebugMon_Handler</STRONG> (Thumb, 2 bytes, Stack size 0 bytes, startup_mk22f12810.o(.text))
<BR><BR>[Calls]<UL><LI><a href="#[18]">&gt;&gt;</a>&nbsp;&nbsp;&nbsp;DebugMon_Handler
</UL>
<BR>[Called By]<UL><LI><a href="#[18]">&gt;&gt;</a>&nbsp;&nbsp;&nbsp;DebugMon_Handler
</UL>
<BR>[Address Reference Count : 1]<UL><LI> startup_mk22f12810.o(RESET)
</UL>
<P><STRONG><a name="[19]"></a>PendSV_Handler</STRONG> (Thumb, 2 bytes, Stack size 0 bytes, startup_mk22f12810.o(.text))
<BR><BR>[Calls]<UL><LI><a href="#[19]">&gt;&gt;</a>&nbsp;&nbsp;&nbsp;PendSV_Handler
</UL>
<BR>[Called By]<UL><LI><a href="#[19]">&gt;&gt;</a>&nbsp;&nbsp;&nbsp;PendSV_Handler
</UL>
<BR>[Address Reference Count : 1]<UL><LI> startup_mk22f12810.o(RESET)
</UL>
<P><STRONG><a name="[1b]"></a>DMA0_IRQHandler</STRONG> (Thumb, 4 bytes, Stack size 0 bytes, startup_mk22f12810.o(.text))
<BR>[Address Reference Count : 1]<UL><LI> startup_mk22f12810.o(RESET)
</UL>
<P><STRONG><a name="[1c]"></a>DMA1_IRQHandler</STRONG> (Thumb, 4 bytes, Stack size 0 bytes, startup_mk22f12810.o(.text))
<BR>[Address Reference Count : 1]<UL><LI> startup_mk22f12810.o(RESET)
</UL>
<P><STRONG><a name="[1d]"></a>DMA2_IRQHandler</STRONG> (Thumb, 4 bytes, Stack size 0 bytes, startup_mk22f12810.o(.text))
<BR>[Address Reference Count : 1]<UL><LI> startup_mk22f12810.o(RESET)
</UL>
<P><STRONG><a name="[1e]"></a>DMA3_IRQHandler</STRONG> (Thumb, 4 bytes, Stack size 0 bytes, startup_mk22f12810.o(.text))
<BR>[Address Reference Count : 1]<UL><LI> startup_mk22f12810.o(RESET)
</UL>
<P><STRONG><a name="[2b]"></a>DMA_Error_IRQHandler</STRONG> (Thumb, 4 bytes, Stack size 0 bytes, startup_mk22f12810.o(.text))
<BR>[Address Reference Count : 1]<UL><LI> startup_mk22f12810.o(RESET)
</UL>
<P><STRONG><a name="[33]"></a>I2C0_IRQHandler</STRONG> (Thumb, 4 bytes, Stack size 0 bytes, startup_mk22f12810.o(.text))
<BR>[Address Reference Count : 1]<UL><LI> startup_mk22f12810.o(RESET)
</UL>
<P><STRONG><a name="[34]"></a>I2C1_IRQHandler</STRONG> (Thumb, 4 bytes, Stack size 0 bytes, startup_mk22f12810.o(.text))
<BR>[Address Reference Count : 1]<UL><LI> startup_mk22f12810.o(RESET)
</UL>
<P><STRONG><a name="[35]"></a>SPI0_IRQHandler</STRONG> (Thumb, 4 bytes, Stack size 0 bytes, startup_mk22f12810.o(.text))
<BR>[Address Reference Count : 1]<UL><LI> startup_mk22f12810.o(RESET)
</UL>
<P><STRONG><a name="[36]"></a>SPI1_IRQHandler</STRONG> (Thumb, 4 bytes, Stack size 0 bytes, startup_mk22f12810.o(.text))
<BR>[Address Reference Count : 1]<UL><LI> startup_mk22f12810.o(RESET)
</UL>
<P><STRONG><a name="[37]"></a>I2S0_Tx_IRQHandler</STRONG> (Thumb, 4 bytes, Stack size 0 bytes, startup_mk22f12810.o(.text))
<BR>[Address Reference Count : 1]<UL><LI> startup_mk22f12810.o(RESET)
</UL>
<P><STRONG><a name="[38]"></a>I2S0_Rx_IRQHandler</STRONG> (Thumb, 4 bytes, Stack size 0 bytes, startup_mk22f12810.o(.text))
<BR>[Address Reference Count : 1]<UL><LI> startup_mk22f12810.o(RESET)
</UL>
<P><STRONG><a name="[39]"></a>LPUART0_IRQHandler</STRONG> (Thumb, 4 bytes, Stack size 0 bytes, startup_mk22f12810.o(.text))
<BR>[Address Reference Count : 1]<UL><LI> startup_mk22f12810.o(RESET)
</UL>
<P><STRONG><a name="[3a]"></a>UART0_RX_TX_IRQHandler</STRONG> (Thumb, 4 bytes, Stack size 0 bytes, startup_mk22f12810.o(.text))
<BR>[Address Reference Count : 1]<UL><LI> startup_mk22f12810.o(RESET)
</UL>
<P><STRONG><a name="[3b]"></a>UART0_ERR_IRQHandler</STRONG> (Thumb, 4 bytes, Stack size 0 bytes, startup_mk22f12810.o(.text))
<BR>[Address Reference Count : 1]<UL><LI> startup_mk22f12810.o(RESET)
</UL>
<P><STRONG><a name="[3d]"></a>UART1_ERR_IRQHandler</STRONG> (Thumb, 4 bytes, Stack size 0 bytes, startup_mk22f12810.o(.text))
<BR>[Address Reference Count : 1]<UL><LI> startup_mk22f12810.o(RESET)
</UL>
<P><STRONG><a name="[3e]"></a>UART2_RX_TX_IRQHandler</STRONG> (Thumb, 4 bytes, Stack size 0 bytes, startup_mk22f12810.o(.text))
<BR>[Address Reference Count : 1]<UL><LI> startup_mk22f12810.o(RESET)
</UL>
<P><STRONG><a name="[3f]"></a>UART2_ERR_IRQHandler</STRONG> (Thumb, 4 bytes, Stack size 0 bytes, startup_mk22f12810.o(.text))
<BR>[Address Reference Count : 1]<UL><LI> startup_mk22f12810.o(RESET)
</UL>
<P><STRONG><a name="[42]"></a>ADC0_IRQHandler</STRONG> (Thumb, 0 bytes, Stack size 0 bytes, startup_mk22f12810.o(.text))
<BR>[Address Reference Count : 1]<UL><LI> startup_mk22f12810.o(RESET)
</UL>
<P><STRONG><a name="[64]"></a>ADC1_IRQHandler</STRONG> (Thumb, 0 bytes, Stack size 0 bytes, startup_mk22f12810.o(.text))
<BR>[Address Reference Count : 1]<UL><LI> startup_mk22f12810.o(RESET)
</UL>
<P><STRONG><a name="[43]"></a>CMP0_IRQHandler</STRONG> (Thumb, 0 bytes, Stack size 0 bytes, startup_mk22f12810.o(.text))
<BR>[Address Reference Count : 1]<UL><LI> startup_mk22f12810.o(RESET)
</UL>
<P><STRONG><a name="[44]"></a>CMP1_IRQHandler</STRONG> (Thumb, 0 bytes, Stack size 0 bytes, startup_mk22f12810.o(.text))
<BR>[Address Reference Count : 1]<UL><LI> startup_mk22f12810.o(RESET)
</UL>
<P><STRONG><a name="[53]"></a>DAC0_IRQHandler</STRONG> (Thumb, 0 bytes, Stack size 0 bytes, startup_mk22f12810.o(.text))
<BR>[Address Reference Count : 1]<UL><LI> startup_mk22f12810.o(RESET)
</UL>
<P><STRONG><a name="[75]"></a>DMA0_DriverIRQHandler</STRONG> (Thumb, 0 bytes, Stack size 0 bytes, startup_mk22f12810.o(.text))
<BR>[Address Reference Count : 1]<UL><LI> startup_mk22f12810.o(.text)
</UL>
<P><STRONG><a name="[76]"></a>DMA1_DriverIRQHandler</STRONG> (Thumb, 0 bytes, Stack size 0 bytes, startup_mk22f12810.o(.text))
<BR>[Address Reference Count : 1]<UL><LI> startup_mk22f12810.o(.text)
</UL>
<P><STRONG><a name="[77]"></a>DMA2_DriverIRQHandler</STRONG> (Thumb, 0 bytes, Stack size 0 bytes, startup_mk22f12810.o(.text))
<BR>[Address Reference Count : 1]<UL><LI> startup_mk22f12810.o(.text)
</UL>
<P><STRONG><a name="[78]"></a>DMA3_DriverIRQHandler</STRONG> (Thumb, 0 bytes, Stack size 0 bytes, startup_mk22f12810.o(.text))
<BR>[Address Reference Count : 1]<UL><LI> startup_mk22f12810.o(.text)
</UL>
<P><STRONG><a name="[79]"></a>DMA_Error_DriverIRQHandler</STRONG> (Thumb, 0 bytes, Stack size 0 bytes, startup_mk22f12810.o(.text))
<BR>[Address Reference Count : 1]<UL><LI> startup_mk22f12810.o(.text)
</UL>
<P><STRONG><a name="[71]"></a>DefaultISR</STRONG> (Thumb, 0 bytes, Stack size 0 bytes, startup_mk22f12810.o(.text))
<BR>[Address Reference Count : 2]<UL><LI> startup_mk22f12810.o(RESET)
<LI> startup_mk22f12810.o(.text)
</UL>
<P><STRONG><a name="[2d]"></a>FTF_IRQHandler</STRONG> (Thumb, 0 bytes, Stack size 0 bytes, startup_mk22f12810.o(.text))
<BR>[Address Reference Count : 1]<UL><LI> startup_mk22f12810.o(RESET)
</UL>
<P><STRONG><a name="[45]"></a>FTM0_IRQHandler</STRONG> (Thumb, 0 bytes, Stack size 0 bytes, startup_mk22f12810.o(.text))
<BR>[Address Reference Count : 1]<UL><LI> startup_mk22f12810.o(RESET)
</UL>
<P><STRONG><a name="[46]"></a>FTM1_IRQHandler</STRONG> (Thumb, 0 bytes, Stack size 0 bytes, startup_mk22f12810.o(.text))
<BR>[Address Reference Count : 1]<UL><LI> startup_mk22f12810.o(RESET)
</UL>
<P><STRONG><a name="[47]"></a>FTM2_IRQHandler</STRONG> (Thumb, 0 bytes, Stack size 0 bytes, startup_mk22f12810.o(.text))
<BR>[Address Reference Count : 1]<UL><LI> startup_mk22f12810.o(RESET)
</UL>
<P><STRONG><a name="[7a]"></a>I2C0_DriverIRQHandler</STRONG> (Thumb, 0 bytes, Stack size 0 bytes, startup_mk22f12810.o(.text))
<BR>[Address Reference Count : 1]<UL><LI> startup_mk22f12810.o(.text)
</UL>
<P><STRONG><a name="[7b]"></a>I2C1_DriverIRQHandler</STRONG> (Thumb, 0 bytes, Stack size 0 bytes, startup_mk22f12810.o(.text))
<BR>[Address Reference Count : 1]<UL><LI> startup_mk22f12810.o(.text)
</UL>
<P><STRONG><a name="[7f]"></a>I2S0_Rx_DriverIRQHandler</STRONG> (Thumb, 0 bytes, Stack size 0 bytes, startup_mk22f12810.o(.text))
<BR>[Address Reference Count : 1]<UL><LI> startup_mk22f12810.o(.text)
</UL>
<P><STRONG><a name="[7e]"></a>I2S0_Tx_DriverIRQHandler</STRONG> (Thumb, 0 bytes, Stack size 0 bytes, startup_mk22f12810.o(.text))
<BR>[Address Reference Count : 1]<UL><LI> startup_mk22f12810.o(.text)
</UL>
<P><STRONG><a name="[30]"></a>LLWU_IRQHandler</STRONG> (Thumb, 0 bytes, Stack size 0 bytes, startup_mk22f12810.o(.text))
<BR>[Address Reference Count : 1]<UL><LI> startup_mk22f12810.o(RESET)
</UL>
<P><STRONG><a name="[55]"></a>LPTMR0_IRQHandler</STRONG> (Thumb, 0 bytes, Stack size 0 bytes, startup_mk22f12810.o(.text))
<BR>[Address Reference Count : 1]<UL><LI> startup_mk22f12810.o(RESET)
</UL>
<P><STRONG><a name="[80]"></a>LPUART0_DriverIRQHandler</STRONG> (Thumb, 0 bytes, Stack size 0 bytes, startup_mk22f12810.o(.text))
<BR>[Address Reference Count : 1]<UL><LI> startup_mk22f12810.o(.text)
</UL>
<P><STRONG><a name="[2f]"></a>LVD_LVW_IRQHandler</STRONG> (Thumb, 0 bytes, Stack size 0 bytes, startup_mk22f12810.o(.text))
<BR>[Address Reference Count : 1]<UL><LI> startup_mk22f12810.o(RESET)
</UL>
<P><STRONG><a name="[54]"></a>MCG_IRQHandler</STRONG> (Thumb, 0 bytes, Stack size 0 bytes, startup_mk22f12810.o(.text))
<BR>[Address Reference Count : 1]<UL><LI> startup_mk22f12810.o(RESET)
</UL>
<P><STRONG><a name="[2c]"></a>MCM_IRQHandler</STRONG> (Thumb, 0 bytes, Stack size 0 bytes, startup_mk22f12810.o(.text))
<BR>[Address Reference Count : 1]<UL><LI> startup_mk22f12810.o(RESET)
</UL>
<P><STRONG><a name="[4f]"></a>PDB0_IRQHandler</STRONG> (Thumb, 0 bytes, Stack size 0 bytes, startup_mk22f12810.o(.text))
<BR>[Address Reference Count : 1]<UL><LI> startup_mk22f12810.o(RESET)
</UL>
<P><STRONG><a name="[4b]"></a>PIT0_IRQHandler</STRONG> (Thumb, 0 bytes, Stack size 0 bytes, startup_mk22f12810.o(.text))
<BR>[Address Reference Count : 1]<UL><LI> startup_mk22f12810.o(RESET)
</UL>
<P><STRONG><a name="[4c]"></a>PIT1_IRQHandler</STRONG> (Thumb, 0 bytes, Stack size 0 bytes, startup_mk22f12810.o(.text))
<BR>[Address Reference Count : 1]<UL><LI> startup_mk22f12810.o(RESET)
</UL>
<P><STRONG><a name="[4d]"></a>PIT2_IRQHandler</STRONG> (Thumb, 0 bytes, Stack size 0 bytes, startup_mk22f12810.o(.text))
<BR>[Address Reference Count : 1]<UL><LI> startup_mk22f12810.o(RESET)
</UL>
<P><STRONG><a name="[4e]"></a>PIT3_IRQHandler</STRONG> (Thumb, 0 bytes, Stack size 0 bytes, startup_mk22f12810.o(.text))
<BR>[Address Reference Count : 1]<UL><LI> startup_mk22f12810.o(RESET)
</UL>
<P><STRONG><a name="[56]"></a>PORTA_IRQHandler</STRONG> (Thumb, 0 bytes, Stack size 0 bytes, startup_mk22f12810.o(.text))
<BR>[Address Reference Count : 1]<UL><LI> startup_mk22f12810.o(RESET)
</UL>
<P><STRONG><a name="[57]"></a>PORTB_IRQHandler</STRONG> (Thumb, 0 bytes, Stack size 0 bytes, startup_mk22f12810.o(.text))
<BR>[Address Reference Count : 1]<UL><LI> startup_mk22f12810.o(RESET)
</UL>
<P><STRONG><a name="[58]"></a>PORTC_IRQHandler</STRONG> (Thumb, 0 bytes, Stack size 0 bytes, startup_mk22f12810.o(.text))
<BR>[Address Reference Count : 1]<UL><LI> startup_mk22f12810.o(RESET)
</UL>
<P><STRONG><a name="[59]"></a>PORTD_IRQHandler</STRONG> (Thumb, 0 bytes, Stack size 0 bytes, startup_mk22f12810.o(.text))
<BR>[Address Reference Count : 1]<UL><LI> startup_mk22f12810.o(RESET)
</UL>
<P><STRONG><a name="[5a]"></a>PORTE_IRQHandler</STRONG> (Thumb, 0 bytes, Stack size 0 bytes, startup_mk22f12810.o(.text))
<BR>[Address Reference Count : 1]<UL><LI> startup_mk22f12810.o(RESET)
</UL>
<P><STRONG><a name="[49]"></a>RTC_IRQHandler</STRONG> (Thumb, 0 bytes, Stack size 0 bytes, startup_mk22f12810.o(.text))
<BR>[Address Reference Count : 1]<UL><LI> startup_mk22f12810.o(RESET)
</UL>
<P><STRONG><a name="[4a]"></a>RTC_Seconds_IRQHandler</STRONG> (Thumb, 0 bytes, Stack size 0 bytes, startup_mk22f12810.o(.text))
<BR>[Address Reference Count : 1]<UL><LI> startup_mk22f12810.o(RESET)
</UL>
<P><STRONG><a name="[2e]"></a>Read_Collision_IRQHandler</STRONG> (Thumb, 0 bytes, Stack size 0 bytes, startup_mk22f12810.o(.text))
<BR>[Address Reference Count : 1]<UL><LI> startup_mk22f12810.o(RESET)
</UL>
<P><STRONG><a name="[6f]"></a>Reserved100_IRQHandler</STRONG> (Thumb, 0 bytes, Stack size 0 bytes, startup_mk22f12810.o(.text))
<BR>[Address Reference Count : 1]<UL><LI> startup_mk22f12810.o(RESET)
</UL>
<P><STRONG><a name="[70]"></a>Reserved101_IRQHandler</STRONG> (Thumb, 0 bytes, Stack size 0 bytes, startup_mk22f12810.o(.text))
<BR>[Address Reference Count : 1]<UL><LI> startup_mk22f12810.o(RESET)
</UL>
<P><STRONG><a name="[1f]"></a>Reserved20_IRQHandler</STRONG> (Thumb, 0 bytes, Stack size 0 bytes, startup_mk22f12810.o(.text))
<BR>[Address Reference Count : 1]<UL><LI> startup_mk22f12810.o(RESET)
</UL>
<P><STRONG><a name="[20]"></a>Reserved21_IRQHandler</STRONG> (Thumb, 0 bytes, Stack size 0 bytes, startup_mk22f12810.o(.text))
<BR>[Address Reference Count : 1]<UL><LI> startup_mk22f12810.o(RESET)
</UL>
<P><STRONG><a name="[21]"></a>Reserved22_IRQHandler</STRONG> (Thumb, 0 bytes, Stack size 0 bytes, startup_mk22f12810.o(.text))
<BR>[Address Reference Count : 1]<UL><LI> startup_mk22f12810.o(RESET)
</UL>
<P><STRONG><a name="[22]"></a>Reserved23_IRQHandler</STRONG> (Thumb, 0 bytes, Stack size 0 bytes, startup_mk22f12810.o(.text))
<BR>[Address Reference Count : 1]<UL><LI> startup_mk22f12810.o(RESET)
</UL>
<P><STRONG><a name="[23]"></a>Reserved24_IRQHandler</STRONG> (Thumb, 0 bytes, Stack size 0 bytes, startup_mk22f12810.o(.text))
<BR>[Address Reference Count : 1]<UL><LI> startup_mk22f12810.o(RESET)
</UL>
<P><STRONG><a name="[24]"></a>Reserved25_IRQHandler</STRONG> (Thumb, 0 bytes, Stack size 0 bytes, startup_mk22f12810.o(.text))
<BR>[Address Reference Count : 1]<UL><LI> startup_mk22f12810.o(RESET)
</UL>
<P><STRONG><a name="[25]"></a>Reserved26_IRQHandler</STRONG> (Thumb, 0 bytes, Stack size 0 bytes, startup_mk22f12810.o(.text))
<BR>[Address Reference Count : 1]<UL><LI> startup_mk22f12810.o(RESET)
</UL>
<P><STRONG><a name="[26]"></a>Reserved27_IRQHandler</STRONG> (Thumb, 0 bytes, Stack size 0 bytes, startup_mk22f12810.o(.text))
<BR>[Address Reference Count : 1]<UL><LI> startup_mk22f12810.o(RESET)
</UL>
<P><STRONG><a name="[27]"></a>Reserved28_IRQHandler</STRONG> (Thumb, 0 bytes, Stack size 0 bytes, startup_mk22f12810.o(.text))
<BR>[Address Reference Count : 1]<UL><LI> startup_mk22f12810.o(RESET)
</UL>
<P><STRONG><a name="[28]"></a>Reserved29_IRQHandler</STRONG> (Thumb, 0 bytes, Stack size 0 bytes, startup_mk22f12810.o(.text))
<BR>[Address Reference Count : 1]<UL><LI> startup_mk22f12810.o(RESET)
</UL>
<P><STRONG><a name="[29]"></a>Reserved30_IRQHandler</STRONG> (Thumb, 0 bytes, Stack size 0 bytes, startup_mk22f12810.o(.text))
<BR>[Address Reference Count : 1]<UL><LI> startup_mk22f12810.o(RESET)
</UL>
<P><STRONG><a name="[2a]"></a>Reserved31_IRQHandler</STRONG> (Thumb, 0 bytes, Stack size 0 bytes, startup_mk22f12810.o(.text))
<BR>[Address Reference Count : 1]<UL><LI> startup_mk22f12810.o(RESET)
</UL>
<P><STRONG><a name="[32]"></a>Reserved39_IRQHandler</STRONG> (Thumb, 0 bytes, Stack size 0 bytes, startup_mk22f12810.o(.text))
<BR>[Address Reference Count : 1]<UL><LI> startup_mk22f12810.o(RESET)
</UL>
<P><STRONG><a name="[40]"></a>Reserved53_IRQHandler</STRONG> (Thumb, 0 bytes, Stack size 0 bytes, startup_mk22f12810.o(.text))
<BR>[Address Reference Count : 1]<UL><LI> startup_mk22f12810.o(RESET)
</UL>
<P><STRONG><a name="[41]"></a>Reserved54_IRQHandler</STRONG> (Thumb, 0 bytes, Stack size 0 bytes, startup_mk22f12810.o(.text))
<BR>[Address Reference Count : 1]<UL><LI> startup_mk22f12810.o(RESET)
</UL>
<P><STRONG><a name="[48]"></a>Reserved61_IRQHandler</STRONG> (Thumb, 0 bytes, Stack size 0 bytes, startup_mk22f12810.o(.text))
<BR>[Address Reference Count : 1]<UL><LI> startup_mk22f12810.o(RESET)
</UL>
<P><STRONG><a name="[51]"></a>Reserved70_IRQHandler</STRONG> (Thumb, 0 bytes, Stack size 0 bytes, startup_mk22f12810.o(.text))
<BR>[Address Reference Count : 1]<UL><LI> startup_mk22f12810.o(RESET)
</UL>
<P><STRONG><a name="[52]"></a>Reserved71_IRQHandler</STRONG> (Thumb, 0 bytes, Stack size 0 bytes, startup_mk22f12810.o(.text))
<BR>[Address Reference Count : 1]<UL><LI> startup_mk22f12810.o(RESET)
</UL>
<P><STRONG><a name="[5c]"></a>Reserved81_IRQHandler</STRONG> (Thumb, 0 bytes, Stack size 0 bytes, startup_mk22f12810.o(.text))
<BR>[Address Reference Count : 1]<UL><LI> startup_mk22f12810.o(RESET)
</UL>
<P><STRONG><a name="[5d]"></a>Reserved82_IRQHandler</STRONG> (Thumb, 0 bytes, Stack size 0 bytes, startup_mk22f12810.o(.text))
<BR>[Address Reference Count : 1]<UL><LI> startup_mk22f12810.o(RESET)
</UL>
<P><STRONG><a name="[5e]"></a>Reserved83_IRQHandler</STRONG> (Thumb, 0 bytes, Stack size 0 bytes, startup_mk22f12810.o(.text))
<BR>[Address Reference Count : 1]<UL><LI> startup_mk22f12810.o(RESET)
</UL>
<P><STRONG><a name="[5f]"></a>Reserved84_IRQHandler</STRONG> (Thumb, 0 bytes, Stack size 0 bytes, startup_mk22f12810.o(.text))
<BR>[Address Reference Count : 1]<UL><LI> startup_mk22f12810.o(RESET)
</UL>
<P><STRONG><a name="[60]"></a>Reserved85_IRQHandler</STRONG> (Thumb, 0 bytes, Stack size 0 bytes, startup_mk22f12810.o(.text))
<BR>[Address Reference Count : 1]<UL><LI> startup_mk22f12810.o(RESET)
</UL>
<P><STRONG><a name="[61]"></a>Reserved86_IRQHandler</STRONG> (Thumb, 0 bytes, Stack size 0 bytes, startup_mk22f12810.o(.text))
<BR>[Address Reference Count : 1]<UL><LI> startup_mk22f12810.o(RESET)
</UL>
<P><STRONG><a name="[62]"></a>Reserved87_IRQHandler</STRONG> (Thumb, 0 bytes, Stack size 0 bytes, startup_mk22f12810.o(.text))
<BR>[Address Reference Count : 1]<UL><LI> startup_mk22f12810.o(RESET)
</UL>
<P><STRONG><a name="[63]"></a>Reserved88_IRQHandler</STRONG> (Thumb, 0 bytes, Stack size 0 bytes, startup_mk22f12810.o(.text))
<BR>[Address Reference Count : 1]<UL><LI> startup_mk22f12810.o(RESET)
</UL>
<P><STRONG><a name="[65]"></a>Reserved90_IRQHandler</STRONG> (Thumb, 0 bytes, Stack size 0 bytes, startup_mk22f12810.o(.text))
<BR>[Address Reference Count : 1]<UL><LI> startup_mk22f12810.o(RESET)
</UL>
<P><STRONG><a name="[66]"></a>Reserved91_IRQHandler</STRONG> (Thumb, 0 bytes, Stack size 0 bytes, startup_mk22f12810.o(.text))
<BR>[Address Reference Count : 1]<UL><LI> startup_mk22f12810.o(RESET)
</UL>
<P><STRONG><a name="[67]"></a>Reserved92_IRQHandler</STRONG> (Thumb, 0 bytes, Stack size 0 bytes, startup_mk22f12810.o(.text))
<BR>[Address Reference Count : 1]<UL><LI> startup_mk22f12810.o(RESET)
</UL>
<P><STRONG><a name="[68]"></a>Reserved93_IRQHandler</STRONG> (Thumb, 0 bytes, Stack size 0 bytes, startup_mk22f12810.o(.text))
<BR>[Address Reference Count : 1]<UL><LI> startup_mk22f12810.o(RESET)
</UL>
<P><STRONG><a name="[69]"></a>Reserved94_IRQHandler</STRONG> (Thumb, 0 bytes, Stack size 0 bytes, startup_mk22f12810.o(.text))
<BR>[Address Reference Count : 1]<UL><LI> startup_mk22f12810.o(RESET)
</UL>
<P><STRONG><a name="[6a]"></a>Reserved95_IRQHandler</STRONG> (Thumb, 0 bytes, Stack size 0 bytes, startup_mk22f12810.o(.text))
<BR>[Address Reference Count : 1]<UL><LI> startup_mk22f12810.o(RESET)
</UL>
<P><STRONG><a name="[6b]"></a>Reserved96_IRQHandler</STRONG> (Thumb, 0 bytes, Stack size 0 bytes, startup_mk22f12810.o(.text))
<BR>[Address Reference Count : 1]<UL><LI> startup_mk22f12810.o(RESET)
</UL>
<P><STRONG><a name="[6c]"></a>Reserved97_IRQHandler</STRONG> (Thumb, 0 bytes, Stack size 0 bytes, startup_mk22f12810.o(.text))
<BR>[Address Reference Count : 1]<UL><LI> startup_mk22f12810.o(RESET)
</UL>
<P><STRONG><a name="[6d]"></a>Reserved98_IRQHandler</STRONG> (Thumb, 0 bytes, Stack size 0 bytes, startup_mk22f12810.o(.text))
<BR>[Address Reference Count : 1]<UL><LI> startup_mk22f12810.o(RESET)
</UL>
<P><STRONG><a name="[6e]"></a>Reserved99_IRQHandler</STRONG> (Thumb, 0 bytes, Stack size 0 bytes, startup_mk22f12810.o(.text))
<BR>[Address Reference Count : 1]<UL><LI> startup_mk22f12810.o(RESET)
</UL>
<P><STRONG><a name="[5b]"></a>SWI_IRQHandler</STRONG> (Thumb, 0 bytes, Stack size 0 bytes, startup_mk22f12810.o(.text))
<BR>[Address Reference Count : 1]<UL><LI> startup_mk22f12810.o(RESET)
</UL>
<P><STRONG><a name="[82]"></a>UART0_ERR_DriverIRQHandler</STRONG> (Thumb, 0 bytes, Stack size 0 bytes, startup_mk22f12810.o(.text))
<BR>[Address Reference Count : 1]<UL><LI> startup_mk22f12810.o(.text)
</UL>
<P><STRONG><a name="[84]"></a>UART1_ERR_DriverIRQHandler</STRONG> (Thumb, 0 bytes, Stack size 0 bytes, startup_mk22f12810.o(.text))
<BR>[Address Reference Count : 1]<UL><LI> startup_mk22f12810.o(.text)
</UL>
<P><STRONG><a name="[86]"></a>UART2_ERR_DriverIRQHandler</STRONG> (Thumb, 0 bytes, Stack size 0 bytes, startup_mk22f12810.o(.text))
<BR>[Address Reference Count : 1]<UL><LI> startup_mk22f12810.o(.text)
</UL>
<P><STRONG><a name="[31]"></a>WDOG_EWM_IRQHandler</STRONG> (Thumb, 0 bytes, Stack size 0 bytes, startup_mk22f12810.o(.text))
<BR>[Address Reference Count : 1]<UL><LI> startup_mk22f12810.o(RESET)
</UL>
<P><STRONG><a name="[e1]"></a>__aeabi_memcpy</STRONG> (Thumb, 36 bytes, Stack size 0 bytes, memcpya.o(.text))
<BR><BR>[Called By]<UL><LI><a href="#[1bc]">&gt;&gt;</a>&nbsp;&nbsp;&nbsp;ofl_file_open
<LI><a href="#[194]">&gt;&gt;</a>&nbsp;&nbsp;&nbsp;ofl_file_delete
<LI><a href="#[209]">&gt;&gt;</a>&nbsp;&nbsp;&nbsp;get_ofl_file_info
<LI><a href="#[195]">&gt;&gt;</a>&nbsp;&nbsp;&nbsp;get_all_ofl_file
<LI><a href="#[1bb]">&gt;&gt;</a>&nbsp;&nbsp;&nbsp;download_ofl_prj_info
<LI><a href="#[1d5]">&gt;&gt;</a>&nbsp;&nbsp;&nbsp;serial_number_intercept_write
<LI><a href="#[241]">&gt;&gt;</a>&nbsp;&nbsp;&nbsp;settings_rom_init
<LI><a href="#[20a]">&gt;&gt;</a>&nbsp;&nbsp;&nbsp;get_ofl_file_name
<LI><a href="#[1f3]">&gt;&gt;</a>&nbsp;&nbsp;&nbsp;file_find
<LI><a href="#[224]">&gt;&gt;</a>&nbsp;&nbsp;&nbsp;info_rom_set
<LI><a href="#[159]">&gt;&gt;</a>&nbsp;&nbsp;&nbsp;config_rom_set
<LI><a href="#[15d]">&gt;&gt;</a>&nbsp;&nbsp;&nbsp;iap_flash_program
<LI><a href="#[23d]">&gt;&gt;</a>&nbsp;&nbsp;&nbsp;oled_display_str
<LI><a href="#[cc]">&gt;&gt;</a>&nbsp;&nbsp;&nbsp;copy_flash_common_bit_operation
<LI><a href="#[e2]">&gt;&gt;</a>&nbsp;&nbsp;&nbsp;USBD_CDC_ACM_DataSend
<LI><a href="#[e0]">&gt;&gt;</a>&nbsp;&nbsp;&nbsp;USBD_CDC_ACM_DataRead
</UL>

<P><STRONG><a name="[284]"></a>__aeabi_memcpy4</STRONG> (Thumb, 0 bytes, Stack size 0 bytes, memcpya.o(.text))
<BR><BR>[Called By]<UL><LI><a href="#[236]">&gt;&gt;</a>&nbsp;&nbsp;&nbsp;unlock_chip
</UL>

<P><STRONG><a name="[290]"></a>__aeabi_memcpy8</STRONG> (Thumb, 0 bytes, Stack size 0 bytes, memcpya.o(.text), UNUSED)

<P><STRONG><a name="[95]"></a>__aeabi_memset</STRONG> (Thumb, 14 bytes, Stack size 0 bytes, memseta.o(.text))
<BR><BR>[Called By]<UL><LI><a href="#[1bd]">&gt;&gt;</a>&nbsp;&nbsp;&nbsp;ofl_file_init_partition
<LI><a href="#[224]">&gt;&gt;</a>&nbsp;&nbsp;&nbsp;info_rom_set
<LI><a href="#[159]">&gt;&gt;</a>&nbsp;&nbsp;&nbsp;config_rom_set
<LI><a href="#[23d]">&gt;&gt;</a>&nbsp;&nbsp;&nbsp;oled_display_str
<LI><a href="#[96]">&gt;&gt;</a>&nbsp;&nbsp;&nbsp;_memset$wrapper
<LI><a href="#[94]">&gt;&gt;</a>&nbsp;&nbsp;&nbsp;__aeabi_memclr
</UL>

<P><STRONG><a name="[291]"></a>__aeabi_memset4</STRONG> (Thumb, 0 bytes, Stack size 0 bytes, memseta.o(.text), UNUSED)

<P><STRONG><a name="[292]"></a>__aeabi_memset8</STRONG> (Thumb, 0 bytes, Stack size 0 bytes, memseta.o(.text), UNUSED)

<P><STRONG><a name="[94]"></a>__aeabi_memclr</STRONG> (Thumb, 4 bytes, Stack size 0 bytes, memseta.o(.text))
<BR><BR>[Calls]<UL><LI><a href="#[95]">&gt;&gt;</a>&nbsp;&nbsp;&nbsp;__aeabi_memset
</UL>
<BR>[Called By]<UL><LI><a href="#[1da]">&gt;&gt;</a>&nbsp;&nbsp;&nbsp;prog_process_command
<LI><a href="#[182]">&gt;&gt;</a>&nbsp;&nbsp;&nbsp;debug_process_command
<LI><a href="#[189]">&gt;&gt;</a>&nbsp;&nbsp;&nbsp;download_userhex_end
</UL>

<P><STRONG><a name="[13b]"></a>__aeabi_memclr4</STRONG> (Thumb, 0 bytes, Stack size 0 bytes, memseta.o(.text))
<BR><BR>[Called By]<UL><LI><a href="#[1d3]">&gt;&gt;</a>&nbsp;&nbsp;&nbsp;es_program_config_word
<LI><a href="#[1d1]">&gt;&gt;</a>&nbsp;&nbsp;&nbsp;es_download_hex_end
<LI><a href="#[1ce]">&gt;&gt;</a>&nbsp;&nbsp;&nbsp;es_download_config_word_end
<LI><a href="#[1bf]">&gt;&gt;</a>&nbsp;&nbsp;&nbsp;download_ofl_prj_timing_end
<LI><a href="#[1ba]">&gt;&gt;</a>&nbsp;&nbsp;&nbsp;download_ofl_prj_hex_end
<LI><a href="#[1b0]">&gt;&gt;</a>&nbsp;&nbsp;&nbsp;download_ofl_prj_config_end
<LI><a href="#[15d]">&gt;&gt;</a>&nbsp;&nbsp;&nbsp;iap_flash_program
<LI><a href="#[214]">&gt;&gt;</a>&nbsp;&nbsp;&nbsp;iap_Init
<LI><a href="#[25a]">&gt;&gt;</a>&nbsp;&nbsp;&nbsp;ofl_sn_display
<LI><a href="#[0]">&gt;&gt;</a>&nbsp;&nbsp;&nbsp;ofl_program_display
<LI><a href="#[c2]">&gt;&gt;</a>&nbsp;&nbsp;&nbsp;flash_get_matched_operation_info
<LI><a href="#[12c]">&gt;&gt;</a>&nbsp;&nbsp;&nbsp;USBD_Reset
</UL>

<P><STRONG><a name="[293]"></a>__aeabi_memclr8</STRONG> (Thumb, 0 bytes, Stack size 0 bytes, memseta.o(.text), UNUSED)

<P><STRONG><a name="[96]"></a>_memset$wrapper</STRONG> (Thumb, 18 bytes, Stack size 8 bytes, memseta.o(.text), UNUSED)
<BR><BR>[Calls]<UL><LI><a href="#[95]">&gt;&gt;</a>&nbsp;&nbsp;&nbsp;__aeabi_memset
</UL>

<P><STRONG><a name="[97]"></a>__aeabi_uldivmod</STRONG> (Thumb, 98 bytes, Stack size 40 bytes, uldiv.o(.text), UNUSED)
<BR><BR>[Calls]<UL><LI><a href="#[98]">&gt;&gt;</a>&nbsp;&nbsp;&nbsp;__aeabi_llsr
<LI><a href="#[99]">&gt;&gt;</a>&nbsp;&nbsp;&nbsp;__aeabi_llsl
</UL>
<BR>[Called By]<UL><LI><a href="#[13d]">&gt;&gt;</a>&nbsp;&nbsp;&nbsp;_printf_core
</UL>

<P><STRONG><a name="[93]"></a>__scatterload</STRONG> (Thumb, 28 bytes, Stack size 0 bytes, init.o(.text))
<BR><BR>[Calls]<UL><LI><a href="#[9a]">&gt;&gt;</a>&nbsp;&nbsp;&nbsp;__main_after_scatterload
</UL>
<BR>[Called By]<UL><LI><a href="#[92]">&gt;&gt;</a>&nbsp;&nbsp;&nbsp;_main_scatterload
</UL>

<P><STRONG><a name="[294]"></a>__scatterload_rt2</STRONG> (Thumb, 0 bytes, Stack size 0 bytes, init.o(.text), UNUSED)

<P><STRONG><a name="[99]"></a>__aeabi_llsl</STRONG> (Thumb, 30 bytes, Stack size 0 bytes, llshl.o(.text), UNUSED)
<BR><BR>[Called By]<UL><LI><a href="#[97]">&gt;&gt;</a>&nbsp;&nbsp;&nbsp;__aeabi_uldivmod
</UL>

<P><STRONG><a name="[295]"></a>_ll_shift_l</STRONG> (Thumb, 0 bytes, Stack size 0 bytes, llshl.o(.text), UNUSED)

<P><STRONG><a name="[98]"></a>__aeabi_llsr</STRONG> (Thumb, 32 bytes, Stack size 0 bytes, llushr.o(.text), UNUSED)
<BR><BR>[Called By]<UL><LI><a href="#[97]">&gt;&gt;</a>&nbsp;&nbsp;&nbsp;__aeabi_uldivmod
</UL>

<P><STRONG><a name="[296]"></a>_ll_ushift_r</STRONG> (Thumb, 0 bytes, Stack size 0 bytes, llushr.o(.text), UNUSED)

<P><STRONG><a name="[297]"></a>__decompress</STRONG> (Thumb, 0 bytes, Stack size unknown bytes, __dczerorl2.o(.text), UNUSED)

<P><STRONG><a name="[298]"></a>__decompress1</STRONG> (Thumb, 86 bytes, Stack size unknown bytes, __dczerorl2.o(.text), UNUSED)

<P><STRONG><a name="[18b]"></a>Ack_DownloadNoStopLab</STRONG> (Thumb, 4 bytes, Stack size 0 bytes, es_debug.o(i.Ack_DownloadNoStopLab))
<BR><BR>[Called By]<UL><LI><a href="#[182]">&gt;&gt;</a>&nbsp;&nbsp;&nbsp;debug_process_command
</UL>

<P><STRONG><a name="[9b]"></a>BOARD_BootClockRUN</STRONG> (Thumb, 70 bytes, Stack size 16 bytes, clock_config.o(i.BOARD_BootClockRUN))
<BR><BR>[Stack]<UL><LI>Max Depth = 72<LI>Call Chain = BOARD_BootClockRUN &rArr; CLOCK_BootToFeeMode &rArr; CLOCK_SetFeeMode
</UL>
<BR>[Calls]<UL><LI><a href="#[9e]">&gt;&gt;</a>&nbsp;&nbsp;&nbsp;CLOCK_SetSimConfig
<LI><a href="#[9c]">&gt;&gt;</a>&nbsp;&nbsp;&nbsp;CLOCK_InitOsc0
<LI><a href="#[9f]">&gt;&gt;</a>&nbsp;&nbsp;&nbsp;CLOCK_EnableUsbfs0Clock
<LI><a href="#[9d]">&gt;&gt;</a>&nbsp;&nbsp;&nbsp;CLOCK_BootToFeeMode
</UL>
<BR>[Called By]<UL><LI><a href="#[72]">&gt;&gt;</a>&nbsp;&nbsp;&nbsp;main
</UL>

<P><STRONG><a name="[240]"></a>BOARD_InitDebugConsole</STRONG> (Thumb, 2 bytes, Stack size 0 bytes, board.o(i.BOARD_InitDebugConsole))
<BR><BR>[Called By]<UL><LI><a href="#[72]">&gt;&gt;</a>&nbsp;&nbsp;&nbsp;main
</UL>

<P><STRONG><a name="[a0]"></a>BOARD_InitPins</STRONG> (Thumb, 394 bytes, Stack size 8 bytes, pin_mux.o(i.BOARD_InitPins))
<BR><BR>[Stack]<UL><LI>Max Depth = 8<LI>Call Chain = BOARD_InitPins
</UL>
<BR>[Calls]<UL><LI><a href="#[a2]">&gt;&gt;</a>&nbsp;&nbsp;&nbsp;PORT_SetPinMux
<LI><a href="#[a1]">&gt;&gt;</a>&nbsp;&nbsp;&nbsp;CLOCK_EnableClock
</UL>
<BR>[Called By]<UL><LI><a href="#[72]">&gt;&gt;</a>&nbsp;&nbsp;&nbsp;main
</UL>

<P><STRONG><a name="[9d]"></a>CLOCK_BootToFeeMode</STRONG> (Thumb, 38 bytes, Stack size 24 bytes, fsl_clock.o(i.CLOCK_BootToFeeMode))
<BR><BR>[Stack]<UL><LI>Max Depth = 56<LI>Call Chain = CLOCK_BootToFeeMode &rArr; CLOCK_SetFeeMode
</UL>
<BR>[Calls]<UL><LI><a href="#[a4]">&gt;&gt;</a>&nbsp;&nbsp;&nbsp;CLOCK_SetFeeMode
<LI><a href="#[a3]">&gt;&gt;</a>&nbsp;&nbsp;&nbsp;CLOCK_SetExternalRefClkConfig
</UL>
<BR>[Called By]<UL><LI><a href="#[9b]">&gt;&gt;</a>&nbsp;&nbsp;&nbsp;BOARD_BootClockRUN
</UL>

<P><STRONG><a name="[9f]"></a>CLOCK_EnableUsbfs0Clock</STRONG> (Thumb, 164 bytes, Stack size 16 bytes, fsl_clock.o(i.CLOCK_EnableUsbfs0Clock))
<BR><BR>[Stack]<UL><LI>Max Depth = 16<LI>Call Chain = CLOCK_EnableUsbfs0Clock
</UL>
<BR>[Called By]<UL><LI><a href="#[9b]">&gt;&gt;</a>&nbsp;&nbsp;&nbsp;BOARD_BootClockRUN
</UL>

<P><STRONG><a name="[a5]"></a>CLOCK_GetEr32kClkFreq</STRONG> (Thumb, 66 bytes, Stack size 4 bytes, fsl_clock.o(i.CLOCK_GetEr32kClkFreq))
<BR><BR>[Stack]<UL><LI>Max Depth = 4<LI>Call Chain = CLOCK_GetEr32kClkFreq
</UL>
<BR>[Calls]<UL><LI><a href="#[a6]">&gt;&gt;</a>&nbsp;&nbsp;&nbsp;CLOCK_GetOsc0ErClkUndivFreq
</UL>
<BR>[Called By]<UL><LI><a href="#[ad]">&gt;&gt;</a>&nbsp;&nbsp;&nbsp;CLOCK_GetFreq
</UL>

<P><STRONG><a name="[a7]"></a>CLOCK_GetFixedFreqClkFreq</STRONG> (Thumb, 28 bytes, Stack size 8 bytes, fsl_clock.o(i.CLOCK_GetFixedFreqClkFreq))
<BR><BR>[Stack]<UL><LI>Max Depth = 64<LI>Call Chain = CLOCK_GetFixedFreqClkFreq &rArr; CLOCK_GetOutClkFreq &rArr; CLOCK_GetFllFreq &rArr; CLOCK_GetFllRefClkFreq &rArr; CLOCK_GetFllExtRefClkFreq
</UL>
<BR>[Calls]<UL><LI><a href="#[a9]">&gt;&gt;</a>&nbsp;&nbsp;&nbsp;CLOCK_GetOutClkFreq
<LI><a href="#[a8]">&gt;&gt;</a>&nbsp;&nbsp;&nbsp;CLOCK_GetFllRefClkFreq
</UL>
<BR>[Called By]<UL><LI><a href="#[ad]">&gt;&gt;</a>&nbsp;&nbsp;&nbsp;CLOCK_GetFreq
</UL>

<P><STRONG><a name="[ac]"></a>CLOCK_GetFllFreq</STRONG> (Thumb, 56 bytes, Stack size 16 bytes, fsl_clock.o(i.CLOCK_GetFllFreq))
<BR><BR>[Stack]<UL><LI>Max Depth = 48<LI>Call Chain = CLOCK_GetFllFreq &rArr; CLOCK_GetFllRefClkFreq &rArr; CLOCK_GetFllExtRefClkFreq
</UL>
<BR>[Calls]<UL><LI><a href="#[a8]">&gt;&gt;</a>&nbsp;&nbsp;&nbsp;CLOCK_GetFllRefClkFreq
</UL>
<BR>[Called By]<UL><LI><a href="#[ad]">&gt;&gt;</a>&nbsp;&nbsp;&nbsp;CLOCK_GetFreq
<LI><a href="#[ae]">&gt;&gt;</a>&nbsp;&nbsp;&nbsp;CLOCK_GetPllFllSelClkFreq
<LI><a href="#[a9]">&gt;&gt;</a>&nbsp;&nbsp;&nbsp;CLOCK_GetOutClkFreq
</UL>

<P><STRONG><a name="[ad]"></a>CLOCK_GetFreq</STRONG> (Thumb, 170 bytes, Stack size 16 bytes, fsl_clock.o(i.CLOCK_GetFreq))
<BR><BR>[Stack]<UL><LI>Max Depth = 80<LI>Call Chain = CLOCK_GetFreq &rArr; CLOCK_GetFixedFreqClkFreq &rArr; CLOCK_GetOutClkFreq &rArr; CLOCK_GetFllFreq &rArr; CLOCK_GetFllRefClkFreq &rArr; CLOCK_GetFllExtRefClkFreq
</UL>
<BR>[Calls]<UL><LI><a href="#[ae]">&gt;&gt;</a>&nbsp;&nbsp;&nbsp;CLOCK_GetPllFllSelClkFreq
<LI><a href="#[a9]">&gt;&gt;</a>&nbsp;&nbsp;&nbsp;CLOCK_GetOutClkFreq
<LI><a href="#[a6]">&gt;&gt;</a>&nbsp;&nbsp;&nbsp;CLOCK_GetOsc0ErClkUndivFreq
<LI><a href="#[b0]">&gt;&gt;</a>&nbsp;&nbsp;&nbsp;CLOCK_GetOsc0ErClkDivFreq
<LI><a href="#[af]">&gt;&gt;</a>&nbsp;&nbsp;&nbsp;CLOCK_GetInternalRefClkFreq
<LI><a href="#[ac]">&gt;&gt;</a>&nbsp;&nbsp;&nbsp;CLOCK_GetFllFreq
<LI><a href="#[a7]">&gt;&gt;</a>&nbsp;&nbsp;&nbsp;CLOCK_GetFixedFreqClkFreq
<LI><a href="#[a5]">&gt;&gt;</a>&nbsp;&nbsp;&nbsp;CLOCK_GetEr32kClkFreq
</UL>
<BR>[Called By]<UL><LI><a href="#[280]">&gt;&gt;</a>&nbsp;&nbsp;&nbsp;spi_falsh_hw_init
</UL>

<P><STRONG><a name="[af]"></a>CLOCK_GetInternalRefClkFreq</STRONG> (Thumb, 22 bytes, Stack size 8 bytes, fsl_clock.o(i.CLOCK_GetInternalRefClkFreq))
<BR><BR>[Stack]<UL><LI>Max Depth = 8<LI>Call Chain = CLOCK_GetInternalRefClkFreq
</UL>
<BR>[Calls]<UL><LI><a href="#[b1]">&gt;&gt;</a>&nbsp;&nbsp;&nbsp;CLOCK_GetInternalRefClkSelectFreq
</UL>
<BR>[Called By]<UL><LI><a href="#[ad]">&gt;&gt;</a>&nbsp;&nbsp;&nbsp;CLOCK_GetFreq
</UL>

<P><STRONG><a name="[b0]"></a>CLOCK_GetOsc0ErClkDivFreq</STRONG> (Thumb, 28 bytes, Stack size 0 bytes, fsl_clock.o(i.CLOCK_GetOsc0ErClkDivFreq))
<BR><BR>[Called By]<UL><LI><a href="#[ad]">&gt;&gt;</a>&nbsp;&nbsp;&nbsp;CLOCK_GetFreq
</UL>

<P><STRONG><a name="[a6]"></a>CLOCK_GetOsc0ErClkUndivFreq</STRONG> (Thumb, 20 bytes, Stack size 0 bytes, fsl_clock.o(i.CLOCK_GetOsc0ErClkUndivFreq))
<BR><BR>[Called By]<UL><LI><a href="#[ad]">&gt;&gt;</a>&nbsp;&nbsp;&nbsp;CLOCK_GetFreq
<LI><a href="#[a5]">&gt;&gt;</a>&nbsp;&nbsp;&nbsp;CLOCK_GetEr32kClkFreq
</UL>

<P><STRONG><a name="[a9]"></a>CLOCK_GetOutClkFreq</STRONG> (Thumb, 48 bytes, Stack size 8 bytes, fsl_clock.o(i.CLOCK_GetOutClkFreq))
<BR><BR>[Stack]<UL><LI>Max Depth = 56<LI>Call Chain = CLOCK_GetOutClkFreq &rArr; CLOCK_GetFllFreq &rArr; CLOCK_GetFllRefClkFreq &rArr; CLOCK_GetFllExtRefClkFreq
</UL>
<BR>[Calls]<UL><LI><a href="#[ac]">&gt;&gt;</a>&nbsp;&nbsp;&nbsp;CLOCK_GetFllFreq
<LI><a href="#[ab]">&gt;&gt;</a>&nbsp;&nbsp;&nbsp;CLOCK_GetMcgExtClkFreq
<LI><a href="#[b1]">&gt;&gt;</a>&nbsp;&nbsp;&nbsp;CLOCK_GetInternalRefClkSelectFreq
</UL>
<BR>[Called By]<UL><LI><a href="#[ad]">&gt;&gt;</a>&nbsp;&nbsp;&nbsp;CLOCK_GetFreq
<LI><a href="#[a7]">&gt;&gt;</a>&nbsp;&nbsp;&nbsp;CLOCK_GetFixedFreqClkFreq
</UL>

<P><STRONG><a name="[ae]"></a>CLOCK_GetPllFllSelClkFreq</STRONG> (Thumb, 36 bytes, Stack size 8 bytes, fsl_clock.o(i.CLOCK_GetPllFllSelClkFreq))
<BR><BR>[Stack]<UL><LI>Max Depth = 56<LI>Call Chain = CLOCK_GetPllFllSelClkFreq &rArr; CLOCK_GetFllFreq &rArr; CLOCK_GetFllRefClkFreq &rArr; CLOCK_GetFllExtRefClkFreq
</UL>
<BR>[Calls]<UL><LI><a href="#[ac]">&gt;&gt;</a>&nbsp;&nbsp;&nbsp;CLOCK_GetFllFreq
</UL>
<BR>[Called By]<UL><LI><a href="#[ad]">&gt;&gt;</a>&nbsp;&nbsp;&nbsp;CLOCK_GetFreq
</UL>

<P><STRONG><a name="[9c]"></a>CLOCK_InitOsc0</STRONG> (Thumb, 108 bytes, Stack size 16 bytes, fsl_clock.o(i.CLOCK_InitOsc0))
<BR><BR>[Stack]<UL><LI>Max Depth = 16<LI>Call Chain = CLOCK_InitOsc0
</UL>
<BR>[Calls]<UL><LI><a href="#[b2]">&gt;&gt;</a>&nbsp;&nbsp;&nbsp;CLOCK_GetOscRangeFromFreq
</UL>
<BR>[Called By]<UL><LI><a href="#[9b]">&gt;&gt;</a>&nbsp;&nbsp;&nbsp;BOARD_BootClockRUN
</UL>

<P><STRONG><a name="[a3]"></a>CLOCK_SetExternalRefClkConfig</STRONG> (Thumb, 56 bytes, Stack size 8 bytes, fsl_clock.o(i.CLOCK_SetExternalRefClkConfig))
<BR><BR>[Stack]<UL><LI>Max Depth = 8<LI>Call Chain = CLOCK_SetExternalRefClkConfig
</UL>
<BR>[Called By]<UL><LI><a href="#[9d]">&gt;&gt;</a>&nbsp;&nbsp;&nbsp;CLOCK_BootToFeeMode
</UL>

<P><STRONG><a name="[a4]"></a>CLOCK_SetFeeMode</STRONG> (Thumb, 180 bytes, Stack size 32 bytes, fsl_clock.o(i.CLOCK_SetFeeMode))
<BR><BR>[Stack]<UL><LI>Max Depth = 32<LI>Call Chain = CLOCK_SetFeeMode
</UL>
<BR>[Called By]<UL><LI><a href="#[9d]">&gt;&gt;</a>&nbsp;&nbsp;&nbsp;CLOCK_BootToFeeMode
</UL>

<P><STRONG><a name="[9e]"></a>CLOCK_SetSimConfig</STRONG> (Thumb, 38 bytes, Stack size 0 bytes, fsl_clock.o(i.CLOCK_SetSimConfig))
<BR><BR>[Called By]<UL><LI><a href="#[9b]">&gt;&gt;</a>&nbsp;&nbsp;&nbsp;BOARD_BootClockRUN
</UL>

<P><STRONG><a name="[b6]"></a>DSPI_GetInstance</STRONG> (Thumb, 28 bytes, Stack size 0 bytes, fsl_dspi.o(i.DSPI_GetInstance))
<BR><BR>[Called By]<UL><LI><a href="#[b5]">&gt;&gt;</a>&nbsp;&nbsp;&nbsp;DSPI_MasterInit
<LI><a href="#[be]">&gt;&gt;</a>&nbsp;&nbsp;&nbsp;DSPI_SetDummyData
</UL>

<P><STRONG><a name="[b5]"></a>DSPI_MasterInit</STRONG> (Thumb, 272 bytes, Stack size 32 bytes, fsl_dspi.o(i.DSPI_MasterInit))
<BR><BR>[Stack]<UL><LI>Max Depth = 128<LI>Call Chain = DSPI_MasterInit &rArr; DSPI_MasterSetDelayTimes &rArr; DSPI_MasterSetDelayScaler
</UL>
<BR>[Calls]<UL><LI><a href="#[be]">&gt;&gt;</a>&nbsp;&nbsp;&nbsp;DSPI_SetDummyData
<LI><a href="#[bd]">&gt;&gt;</a>&nbsp;&nbsp;&nbsp;DSPI_MasterSetDelayTimes
<LI><a href="#[bc]">&gt;&gt;</a>&nbsp;&nbsp;&nbsp;DSPI_MasterSetBaudRate
<LI><a href="#[b6]">&gt;&gt;</a>&nbsp;&nbsp;&nbsp;DSPI_GetInstance
<LI><a href="#[b9]">&gt;&gt;</a>&nbsp;&nbsp;&nbsp;DSPI_StopTransfer
<LI><a href="#[bf]">&gt;&gt;</a>&nbsp;&nbsp;&nbsp;DSPI_StartTransfer
<LI><a href="#[bb]">&gt;&gt;</a>&nbsp;&nbsp;&nbsp;DSPI_SetOnePcsPolarity
<LI><a href="#[ba]">&gt;&gt;</a>&nbsp;&nbsp;&nbsp;DSPI_SetMasterSlaveMode
<LI><a href="#[b8]">&gt;&gt;</a>&nbsp;&nbsp;&nbsp;DSPI_Enable
<LI><a href="#[b7]">&gt;&gt;</a>&nbsp;&nbsp;&nbsp;CLOCK_EnableClock
</UL>
<BR>[Called By]<UL><LI><a href="#[280]">&gt;&gt;</a>&nbsp;&nbsp;&nbsp;spi_falsh_hw_init
</UL>

<P><STRONG><a name="[bc]"></a>DSPI_MasterSetBaudRate</STRONG> (Thumb, 186 bytes, Stack size 80 bytes, fsl_dspi.o(i.DSPI_MasterSetBaudRate))
<BR><BR>[Stack]<UL><LI>Max Depth = 80<LI>Call Chain = DSPI_MasterSetBaudRate
</UL>
<BR>[Calls]<UL><LI><a href="#[b4]">&gt;&gt;</a>&nbsp;&nbsp;&nbsp;DSPI_IsMaster
</UL>
<BR>[Called By]<UL><LI><a href="#[b5]">&gt;&gt;</a>&nbsp;&nbsp;&nbsp;DSPI_MasterInit
</UL>

<P><STRONG><a name="[c0]"></a>DSPI_MasterSetDelayScaler</STRONG> (Thumb, 190 bytes, Stack size 24 bytes, fsl_dspi.o(i.DSPI_MasterSetDelayScaler))
<BR><BR>[Stack]<UL><LI>Max Depth = 24<LI>Call Chain = DSPI_MasterSetDelayScaler
</UL>
<BR>[Calls]<UL><LI><a href="#[b4]">&gt;&gt;</a>&nbsp;&nbsp;&nbsp;DSPI_IsMaster
</UL>
<BR>[Called By]<UL><LI><a href="#[bd]">&gt;&gt;</a>&nbsp;&nbsp;&nbsp;DSPI_MasterSetDelayTimes
</UL>

<P><STRONG><a name="[bd]"></a>DSPI_MasterSetDelayTimes</STRONG> (Thumb, 208 bytes, Stack size 72 bytes, fsl_dspi.o(i.DSPI_MasterSetDelayTimes))
<BR><BR>[Stack]<UL><LI>Max Depth = 96<LI>Call Chain = DSPI_MasterSetDelayTimes &rArr; DSPI_MasterSetDelayScaler
</UL>
<BR>[Calls]<UL><LI><a href="#[c0]">&gt;&gt;</a>&nbsp;&nbsp;&nbsp;DSPI_MasterSetDelayScaler
<LI><a href="#[b4]">&gt;&gt;</a>&nbsp;&nbsp;&nbsp;DSPI_IsMaster
</UL>
<BR>[Called By]<UL><LI><a href="#[b5]">&gt;&gt;</a>&nbsp;&nbsp;&nbsp;DSPI_MasterInit
</UL>

<P><STRONG><a name="[be]"></a>DSPI_SetDummyData</STRONG> (Thumb, 20 bytes, Stack size 12 bytes, fsl_dspi.o(i.DSPI_SetDummyData))
<BR><BR>[Stack]<UL><LI>Max Depth = 12<LI>Call Chain = DSPI_SetDummyData
</UL>
<BR>[Calls]<UL><LI><a href="#[b6]">&gt;&gt;</a>&nbsp;&nbsp;&nbsp;DSPI_GetInstance
</UL>
<BR>[Called By]<UL><LI><a href="#[b5]">&gt;&gt;</a>&nbsp;&nbsp;&nbsp;DSPI_MasterInit
</UL>

<P><STRONG><a name="[c1]"></a>FLASH_Erase</STRONG> (Thumb, 148 bytes, Stack size 72 bytes, fsl_flash.o(i.FLASH_Erase))
<BR><BR>[Stack]<UL><LI>Max Depth = 112<LI>Call Chain = FLASH_Erase &rArr; flash_cache_clear &rArr; flash_cache_clear_process &rArr; fmc_flash_prefetch_speculation_clear
</UL>
<BR>[Calls]<UL><LI><a href="#[c7]">&gt;&gt;</a>&nbsp;&nbsp;&nbsp;flash_cache_clear
<LI><a href="#[c2]">&gt;&gt;</a>&nbsp;&nbsp;&nbsp;flash_get_matched_operation_info
<LI><a href="#[c6]">&gt;&gt;</a>&nbsp;&nbsp;&nbsp;flash_command_sequence
<LI><a href="#[c4]">&gt;&gt;</a>&nbsp;&nbsp;&nbsp;flash_check_user_key
<LI><a href="#[c3]">&gt;&gt;</a>&nbsp;&nbsp;&nbsp;flash_check_range
<LI><a href="#[c5]">&gt;&gt;</a>&nbsp;&nbsp;&nbsp;flash_cache_clear_process
</UL>
<BR>[Called By]<UL><LI><a href="#[15c]">&gt;&gt;</a>&nbsp;&nbsp;&nbsp;iap_erase_sector
</UL>

<P><STRONG><a name="[c8]"></a>FLASH_Init</STRONG> (Thumb, 112 bytes, Stack size 8 bytes, fsl_flash.o(i.FLASH_Init))
<BR><BR>[Stack]<UL><LI>Max Depth = 32<LI>Call Chain = FLASH_Init &rArr; FLASH_PrepareExecuteInRamFunctions &rArr; copy_flash_common_bit_operation
</UL>
<BR>[Calls]<UL><LI><a href="#[ca]">&gt;&gt;</a>&nbsp;&nbsp;&nbsp;FLASH_PrepareExecuteInRamFunctions
<LI><a href="#[c9]">&gt;&gt;</a>&nbsp;&nbsp;&nbsp;flash_check_execute_in_ram_function_info
</UL>
<BR>[Called By]<UL><LI><a href="#[214]">&gt;&gt;</a>&nbsp;&nbsp;&nbsp;iap_Init
</UL>

<P><STRONG><a name="[ca]"></a>FLASH_PrepareExecuteInRamFunctions</STRONG> (Thumb, 36 bytes, Stack size 16 bytes, fsl_flash.o(i.FLASH_PrepareExecuteInRamFunctions))
<BR><BR>[Stack]<UL><LI>Max Depth = 24<LI>Call Chain = FLASH_PrepareExecuteInRamFunctions &rArr; copy_flash_common_bit_operation
</UL>
<BR>[Calls]<UL><LI><a href="#[cb]">&gt;&gt;</a>&nbsp;&nbsp;&nbsp;copy_flash_run_command
<LI><a href="#[cc]">&gt;&gt;</a>&nbsp;&nbsp;&nbsp;copy_flash_common_bit_operation
</UL>
<BR>[Called By]<UL><LI><a href="#[c8]">&gt;&gt;</a>&nbsp;&nbsp;&nbsp;FLASH_Init
</UL>

<P><STRONG><a name="[cd]"></a>FLASH_Program</STRONG> (Thumb, 148 bytes, Stack size 56 bytes, fsl_flash.o(i.FLASH_Program))
<BR><BR>[Stack]<UL><LI>Max Depth = 96<LI>Call Chain = FLASH_Program &rArr; flash_cache_clear &rArr; flash_cache_clear_process &rArr; fmc_flash_prefetch_speculation_clear
</UL>
<BR>[Calls]<UL><LI><a href="#[c7]">&gt;&gt;</a>&nbsp;&nbsp;&nbsp;flash_cache_clear
<LI><a href="#[c2]">&gt;&gt;</a>&nbsp;&nbsp;&nbsp;flash_get_matched_operation_info
<LI><a href="#[c6]">&gt;&gt;</a>&nbsp;&nbsp;&nbsp;flash_command_sequence
<LI><a href="#[c3]">&gt;&gt;</a>&nbsp;&nbsp;&nbsp;flash_check_range
<LI><a href="#[c5]">&gt;&gt;</a>&nbsp;&nbsp;&nbsp;flash_cache_clear_process
</UL>
<BR>[Called By]<UL><LI><a href="#[15d]">&gt;&gt;</a>&nbsp;&nbsp;&nbsp;iap_flash_program
</UL>

<P><STRONG><a name="[ce]"></a>FLASH_VerifyErase</STRONG> (Thumb, 164 bytes, Stack size 88 bytes, fsl_flash.o(i.FLASH_VerifyErase))
<BR><BR>[Stack]<UL><LI>Max Depth = 104<LI>Call Chain = FLASH_VerifyErase &rArr; flash_get_matched_operation_info
</UL>
<BR>[Calls]<UL><LI><a href="#[c2]">&gt;&gt;</a>&nbsp;&nbsp;&nbsp;flash_get_matched_operation_info
<LI><a href="#[c6]">&gt;&gt;</a>&nbsp;&nbsp;&nbsp;flash_command_sequence
<LI><a href="#[c3]">&gt;&gt;</a>&nbsp;&nbsp;&nbsp;flash_check_range
</UL>
<BR>[Called By]<UL><LI><a href="#[15c]">&gt;&gt;</a>&nbsp;&nbsp;&nbsp;iap_erase_sector
</UL>

<P><STRONG><a name="[cf]"></a>FLASH_VerifyProgram</STRONG> (Thumb, 152 bytes, Stack size 72 bytes, fsl_flash.o(i.FLASH_VerifyProgram))
<BR><BR>[Stack]<UL><LI>Max Depth = 88<LI>Call Chain = FLASH_VerifyProgram &rArr; flash_get_matched_operation_info
</UL>
<BR>[Calls]<UL><LI><a href="#[c2]">&gt;&gt;</a>&nbsp;&nbsp;&nbsp;flash_get_matched_operation_info
<LI><a href="#[c6]">&gt;&gt;</a>&nbsp;&nbsp;&nbsp;flash_command_sequence
<LI><a href="#[c3]">&gt;&gt;</a>&nbsp;&nbsp;&nbsp;flash_check_range
</UL>
<BR>[Called By]<UL><LI><a href="#[15d]">&gt;&gt;</a>&nbsp;&nbsp;&nbsp;iap_flash_program
</UL>

<P><STRONG><a name="[13]"></a>HardFault_Handler</STRONG> (Thumb, 28 bytes, Stack size 0 bytes, main.o(i.HardFault_Handler))
<BR><BR>[Calls]<UL><LI><a href="#[d0]">&gt;&gt;</a>&nbsp;&nbsp;&nbsp;rt_hw_hard_fault_exception
</UL>
<BR>[Address Reference Count : 1]<UL><LI> startup_mk22f12810.o(RESET)
</UL>
<P><STRONG><a name="[d4]"></a>OLED_EndDraw</STRONG> (Thumb, 14 bytes, Stack size 8 bytes, oled.o(i.OLED_EndDraw))
<BR><BR>[Stack]<UL><LI>Max Depth = 40<LI>Call Chain = OLED_EndDraw &rArr; OLED_BufToPanel &rArr; oled_write_data
</UL>
<BR>[Calls]<UL><LI><a href="#[d1]">&gt;&gt;</a>&nbsp;&nbsp;&nbsp;OLED_BufToPanel
</UL>
<BR>[Called By]<UL><LI><a href="#[23d]">&gt;&gt;</a>&nbsp;&nbsp;&nbsp;oled_display_str
</UL>

<P><STRONG><a name="[d5]"></a>OLED_PutPixel</STRONG> (Thumb, 152 bytes, Stack size 48 bytes, oled.o(i.OLED_PutPixel))
<BR><BR>[Stack]<UL><LI>Max Depth = 64<LI>Call Chain = OLED_PutPixel &rArr; oled_write_data
</UL>
<BR>[Calls]<UL><LI><a href="#[d3]">&gt;&gt;</a>&nbsp;&nbsp;&nbsp;oled_write_data
<LI><a href="#[d2]">&gt;&gt;</a>&nbsp;&nbsp;&nbsp;oled_write_cmd
</UL>
<BR>[Called By]<UL><LI><a href="#[23d]">&gt;&gt;</a>&nbsp;&nbsp;&nbsp;oled_display_str
</UL>

<P><STRONG><a name="[25c]"></a>OLED_StartDraw</STRONG> (Thumb, 8 bytes, Stack size 0 bytes, oled.o(i.OLED_StartDraw))
<BR><BR>[Called By]<UL><LI><a href="#[23d]">&gt;&gt;</a>&nbsp;&nbsp;&nbsp;oled_display_str
</UL>

<P><STRONG><a name="[7c]"></a>SPI0_DriverIRQHandler</STRONG> (Thumb, 14 bytes, Stack size 8 bytes, fsl_dspi.o(i.SPI0_DriverIRQHandler))
<BR><BR>[Stack]<UL><LI>Max Depth = 24<LI>Call Chain = SPI0_DriverIRQHandler &rArr; DSPI_CommonIRQHandler
</UL>
<BR>[Calls]<UL><LI><a href="#[b3]">&gt;&gt;</a>&nbsp;&nbsp;&nbsp;DSPI_CommonIRQHandler
</UL>
<BR>[Address Reference Count : 1]<UL><LI> startup_mk22f12810.o(.text)
</UL>
<P><STRONG><a name="[7d]"></a>SPI1_DriverIRQHandler</STRONG> (Thumb, 14 bytes, Stack size 8 bytes, fsl_dspi.o(i.SPI1_DriverIRQHandler))
<BR><BR>[Stack]<UL><LI>Max Depth = 24<LI>Call Chain = SPI1_DriverIRQHandler &rArr; DSPI_CommonIRQHandler
</UL>
<BR>[Calls]<UL><LI><a href="#[b3]">&gt;&gt;</a>&nbsp;&nbsp;&nbsp;DSPI_CommonIRQHandler
</UL>
<BR>[Address Reference Count : 1]<UL><LI> startup_mk22f12810.o(.text)
</UL>
<P><STRONG><a name="[1a]"></a>SysTick_Handler</STRONG> (Thumb, 62 bytes, Stack size 8 bytes, systick.o(i.SysTick_Handler))
<BR><BR>[Stack]<UL><LI>Max Depth = 104<LI>Call Chain = SysTick_Handler &rArr; main_10ms_task &rArr; key_scan &rArr; bsp_detect_key &rArr; key_write_data &rArr; circ_buf_write &rArr; circ_buf_count_free &rArr; circ_buf_count_used
</UL>
<BR>[Calls]<UL><LI><a href="#[d6]">&gt;&gt;</a>&nbsp;&nbsp;&nbsp;main_10ms_task
</UL>
<BR>[Address Reference Count : 1]<UL><LI> startup_mk22f12810.o(RESET)
</UL>
<P><STRONG><a name="[73]"></a>SystemInit</STRONG> (Thumb, 34 bytes, Stack size 0 bytes, system_mk22f12810.o(i.SystemInit))
<BR>[Address Reference Count : 1]<UL><LI> startup_mk22f12810.o(.text)
</UL>
<P><STRONG><a name="[d7]"></a>UART0_DriverIRQHandler</STRONG> (Thumb, 32 bytes, Stack size 8 bytes, fsl_uart.o(i.UART0_DriverIRQHandler))
<BR><BR>[Stack]<UL><LI>Max Depth = 8<LI>Call Chain = UART0_DriverIRQHandler
</UL>
<BR>[Called By]<UL><LI><a href="#[81]">&gt;&gt;</a>&nbsp;&nbsp;&nbsp;UART0_RX_TX_DriverIRQHandler
</UL>

<P><STRONG><a name="[81]"></a>UART0_RX_TX_DriverIRQHandler</STRONG> (Thumb, 24 bytes, Stack size 8 bytes, fsl_uart.o(i.UART0_RX_TX_DriverIRQHandler))
<BR><BR>[Stack]<UL><LI>Max Depth = 16<LI>Call Chain = UART0_RX_TX_DriverIRQHandler &rArr; UART0_DriverIRQHandler
</UL>
<BR>[Calls]<UL><LI><a href="#[d7]">&gt;&gt;</a>&nbsp;&nbsp;&nbsp;UART0_DriverIRQHandler
</UL>
<BR>[Address Reference Count : 1]<UL><LI> startup_mk22f12810.o(.text)
</UL>
<P><STRONG><a name="[d8]"></a>UART1_DriverIRQHandler</STRONG> (Thumb, 32 bytes, Stack size 8 bytes, fsl_uart.o(i.UART1_DriverIRQHandler))
<BR><BR>[Stack]<UL><LI>Max Depth = 8<LI>Call Chain = UART1_DriverIRQHandler
</UL>
<BR>[Called By]<UL><LI><a href="#[83]">&gt;&gt;</a>&nbsp;&nbsp;&nbsp;UART1_RX_TX_DriverIRQHandler
</UL>

<P><STRONG><a name="[83]"></a>UART1_RX_TX_DriverIRQHandler</STRONG> (Thumb, 24 bytes, Stack size 8 bytes, fsl_uart.o(i.UART1_RX_TX_DriverIRQHandler))
<BR><BR>[Stack]<UL><LI>Max Depth = 16<LI>Call Chain = UART1_RX_TX_DriverIRQHandler &rArr; UART1_DriverIRQHandler
</UL>
<BR>[Calls]<UL><LI><a href="#[d8]">&gt;&gt;</a>&nbsp;&nbsp;&nbsp;UART1_DriverIRQHandler
</UL>
<BR>[Address Reference Count : 1]<UL><LI> startup_mk22f12810.o(.text)
</UL>
<P><STRONG><a name="[3c]"></a>UART1_RX_TX_IRQHandler</STRONG> (Thumb, 138 bytes, Stack size 24 bytes, uart.o(i.UART1_RX_TX_IRQHandler))
<BR><BR>[Stack]<UL><LI>Max Depth = 48<LI>Call Chain = UART1_RX_TX_IRQHandler &rArr; circ_buf_count_free &rArr; circ_buf_count_used
</UL>
<BR>[Calls]<UL><LI><a href="#[dc]">&gt;&gt;</a>&nbsp;&nbsp;&nbsp;circ_buf_push
<LI><a href="#[d9]">&gt;&gt;</a>&nbsp;&nbsp;&nbsp;circ_buf_pop
<LI><a href="#[da]">&gt;&gt;</a>&nbsp;&nbsp;&nbsp;circ_buf_count_used
<LI><a href="#[db]">&gt;&gt;</a>&nbsp;&nbsp;&nbsp;circ_buf_count_free
</UL>
<BR>[Address Reference Count : 1]<UL><LI> startup_mk22f12810.o(RESET)
</UL>
<P><STRONG><a name="[dd]"></a>UART2_DriverIRQHandler</STRONG> (Thumb, 32 bytes, Stack size 8 bytes, fsl_uart.o(i.UART2_DriverIRQHandler))
<BR><BR>[Stack]<UL><LI>Max Depth = 8<LI>Call Chain = UART2_DriverIRQHandler
</UL>
<BR>[Called By]<UL><LI><a href="#[85]">&gt;&gt;</a>&nbsp;&nbsp;&nbsp;UART2_RX_TX_DriverIRQHandler
</UL>

<P><STRONG><a name="[85]"></a>UART2_RX_TX_DriverIRQHandler</STRONG> (Thumb, 24 bytes, Stack size 8 bytes, fsl_uart.o(i.UART2_RX_TX_DriverIRQHandler))
<BR><BR>[Stack]<UL><LI>Max Depth = 16<LI>Call Chain = UART2_RX_TX_DriverIRQHandler &rArr; UART2_DriverIRQHandler
</UL>
<BR>[Calls]<UL><LI><a href="#[dd]">&gt;&gt;</a>&nbsp;&nbsp;&nbsp;UART2_DriverIRQHandler
</UL>
<BR>[Address Reference Count : 1]<UL><LI> startup_mk22f12810.o(.text)
</UL>
<P><STRONG><a name="[50]"></a>USB0_IRQHandler</STRONG> (Thumb, 294 bytes, Stack size 32 bytes, usbd_mk20d5.o(i.USB0_IRQHandler))
<BR><BR>[Stack]<UL><LI>Max Depth = 72<LI>Call Chain = USB0_IRQHandler &rArr; USBD_Handler &rArr; USBD_Reset
</UL>
<BR>[Calls]<UL><LI><a href="#[df]">&gt;&gt;</a>&nbsp;&nbsp;&nbsp;USBD_Handler
<LI><a href="#[de]">&gt;&gt;</a>&nbsp;&nbsp;&nbsp;protected_or
</UL>
<BR>[Address Reference Count : 1]<UL><LI> startup_mk22f12810.o(RESET)
</UL>
<P><STRONG><a name="[11e]"></a>USBD_CDC_ACM_ClearCommFeature</STRONG> (Thumb, 6 bytes, Stack size 0 bytes, usbd_cdc_acm.o(i.USBD_CDC_ACM_ClearCommFeature))
<BR><BR>[Called By]<UL><LI><a href="#[114]">&gt;&gt;</a>&nbsp;&nbsp;&nbsp;USBD_EndPoint0_Setup_CDC_ReqToIF
</UL>

<P><STRONG><a name="[14e]"></a>USBD_CDC_ACM_DataFree</STRONG> (Thumb, 18 bytes, Stack size 0 bytes, usbd_cdc_acm.o(i.USBD_CDC_ACM_DataFree))
<BR><BR>[Called By]<UL><LI><a href="#[14d]">&gt;&gt;</a>&nbsp;&nbsp;&nbsp;cdc_process_event
</UL>

<P><STRONG><a name="[e0]"></a>USBD_CDC_ACM_DataRead</STRONG> (Thumb, 64 bytes, Stack size 16 bytes, usbd_cdc_acm.o(i.USBD_CDC_ACM_DataRead))
<BR><BR>[Stack]<UL><LI>Max Depth = 16<LI>Call Chain = USBD_CDC_ACM_DataRead
</UL>
<BR>[Calls]<UL><LI><a href="#[e1]">&gt;&gt;</a>&nbsp;&nbsp;&nbsp;__aeabi_memcpy
</UL>
<BR>[Called By]<UL><LI><a href="#[14d]">&gt;&gt;</a>&nbsp;&nbsp;&nbsp;cdc_process_event
</UL>

<P><STRONG><a name="[e8]"></a>USBD_CDC_ACM_DataReceived</STRONG> (Thumb, 6 bytes, Stack size 0 bytes, usbd_cdc_acm.o(i.USBD_CDC_ACM_DataReceived))
<BR><BR>[Called By]<UL><LI><a href="#[f6]">&gt;&gt;</a>&nbsp;&nbsp;&nbsp;USBD_CDC_ACM_SOF_Event
<LI><a href="#[e6]">&gt;&gt;</a>&nbsp;&nbsp;&nbsp;USBD_CDC_ACM_EP_BULKOUT_Event
</UL>

<P><STRONG><a name="[e2]"></a>USBD_CDC_ACM_DataSend</STRONG> (Thumb, 154 bytes, Stack size 32 bytes, usbd_cdc_acm.o(i.USBD_CDC_ACM_DataSend))
<BR><BR>[Stack]<UL><LI>Max Depth = 32<LI>Call Chain = USBD_CDC_ACM_DataSend
</UL>
<BR>[Calls]<UL><LI><a href="#[e1]">&gt;&gt;</a>&nbsp;&nbsp;&nbsp;__aeabi_memcpy
</UL>
<BR>[Called By]<UL><LI><a href="#[14d]">&gt;&gt;</a>&nbsp;&nbsp;&nbsp;cdc_process_event
</UL>

<P><STRONG><a name="[e3]"></a>USBD_CDC_ACM_EP_BULKIN_Event</STRONG> (Thumb, 32 bytes, Stack size 8 bytes, usbd_cdc_acm.o(i.USBD_CDC_ACM_EP_BULKIN_Event))
<BR><BR>[Stack]<UL><LI>Max Depth = 56<LI>Call Chain = USBD_CDC_ACM_EP_BULKIN_Event &rArr; USBD_CDC_ACM_EP_BULKIN_HandleData &rArr; USBD_WriteEP &rArr; protected_xor
</UL>
<BR>[Calls]<UL><LI><a href="#[e4]">&gt;&gt;</a>&nbsp;&nbsp;&nbsp;USBD_CDC_ACM_EP_BULKIN_HandleData
</UL>
<BR>[Called By]<UL><LI><a href="#[90]">&gt;&gt;</a>&nbsp;&nbsp;&nbsp;USBD_CDC_ACM_EP_BULK_Event
</UL>

<P><STRONG><a name="[e6]"></a>USBD_CDC_ACM_EP_BULKOUT_Event</STRONG> (Thumb, 76 bytes, Stack size 8 bytes, usbd_cdc_acm.o(i.USBD_CDC_ACM_EP_BULKOUT_Event))
<BR><BR>[Stack]<UL><LI>Max Depth = 72<LI>Call Chain = USBD_CDC_ACM_EP_BULKOUT_Event &rArr; USBD_CDC_ACM_EP_BULKOUT_HandleData &rArr; USBD_ReadEP &rArr; protected_xor
</UL>
<BR>[Calls]<UL><LI><a href="#[e8]">&gt;&gt;</a>&nbsp;&nbsp;&nbsp;USBD_CDC_ACM_DataReceived
<LI><a href="#[e7]">&gt;&gt;</a>&nbsp;&nbsp;&nbsp;USBD_CDC_ACM_EP_BULKOUT_HandleData
</UL>
<BR>[Called By]<UL><LI><a href="#[90]">&gt;&gt;</a>&nbsp;&nbsp;&nbsp;USBD_CDC_ACM_EP_BULK_Event
</UL>

<P><STRONG><a name="[90]"></a>USBD_CDC_ACM_EP_BULK_Event</STRONG> (Thumb, 30 bytes, Stack size 8 bytes, usbd_cdc_acm.o(i.USBD_CDC_ACM_EP_BULK_Event))
<BR><BR>[Stack]<UL><LI>Max Depth = 80<LI>Call Chain = USBD_CDC_ACM_EP_BULK_Event &rArr; USBD_CDC_ACM_EP_BULKOUT_Event &rArr; USBD_CDC_ACM_EP_BULKOUT_HandleData &rArr; USBD_ReadEP &rArr; protected_xor
</UL>
<BR>[Calls]<UL><LI><a href="#[e6]">&gt;&gt;</a>&nbsp;&nbsp;&nbsp;USBD_CDC_ACM_EP_BULKOUT_Event
<LI><a href="#[e3]">&gt;&gt;</a>&nbsp;&nbsp;&nbsp;USBD_CDC_ACM_EP_BULKIN_Event
</UL>
<BR>[Address Reference Count : 1]<UL><LI> usb_config.o(.constdata)
</UL>
<P><STRONG><a name="[8f]"></a>USBD_CDC_ACM_EP_INTIN_Event</STRONG> (Thumb, 2 bytes, Stack size 0 bytes, usbd_cdc_acm.o(i.USBD_CDC_ACM_EP_INTIN_Event))
<BR>[Address Reference Count : 1]<UL><LI> usb_config.o(.constdata)
</UL>
<P><STRONG><a name="[11d]"></a>USBD_CDC_ACM_GetCommFeature</STRONG> (Thumb, 6 bytes, Stack size 0 bytes, usbd_cdc_acm.o(i.USBD_CDC_ACM_GetCommFeature))
<BR><BR>[Called By]<UL><LI><a href="#[114]">&gt;&gt;</a>&nbsp;&nbsp;&nbsp;USBD_EndPoint0_Setup_CDC_ReqToIF
</UL>

<P><STRONG><a name="[11c]"></a>USBD_CDC_ACM_GetEncapsulatedResponse</STRONG> (Thumb, 4 bytes, Stack size 0 bytes, usbd_cdc_acm.o(i.USBD_CDC_ACM_GetEncapsulatedResponse))
<BR><BR>[Called By]<UL><LI><a href="#[114]">&gt;&gt;</a>&nbsp;&nbsp;&nbsp;USBD_EndPoint0_Setup_CDC_ReqToIF
</UL>

<P><STRONG><a name="[ea]"></a>USBD_CDC_ACM_GetLineCoding</STRONG> (Thumb, 68 bytes, Stack size 8 bytes, usbd_cdc_acm.o(i.USBD_CDC_ACM_GetLineCoding))
<BR><BR>[Stack]<UL><LI>Max Depth = 8<LI>Call Chain = USBD_CDC_ACM_GetLineCoding
</UL>
<BR>[Calls]<UL><LI><a href="#[eb]">&gt;&gt;</a>&nbsp;&nbsp;&nbsp;USBD_CDC_ACM_PortGetLineCoding
</UL>
<BR>[Called By]<UL><LI><a href="#[114]">&gt;&gt;</a>&nbsp;&nbsp;&nbsp;USBD_EndPoint0_Setup_CDC_ReqToIF
</UL>

<P><STRONG><a name="[ec]"></a>USBD_CDC_ACM_Initialize</STRONG> (Thumb, 92 bytes, Stack size 8 bytes, usbd_cdc_acm.o(i.USBD_CDC_ACM_Initialize))
<BR><BR>[Stack]<UL><LI>Max Depth = 44<LI>Call Chain = USBD_CDC_ACM_Initialize &rArr; USBD_CDC_ACM_PortInitialize &rArr; uart_initialize &rArr; clear_buffers &rArr; circ_buf_init
</UL>
<BR>[Calls]<UL><LI><a href="#[ed]">&gt;&gt;</a>&nbsp;&nbsp;&nbsp;USBD_CDC_ACM_PortInitialize
</UL>
<BR>[Called By]<UL><LI><a href="#[285]">&gt;&gt;</a>&nbsp;&nbsp;&nbsp;usbd_class_init
</UL>

<P><STRONG><a name="[eb]"></a>USBD_CDC_ACM_PortGetLineCoding</STRONG> (Thumb, 30 bytes, Stack size 0 bytes, usbd_user_cdc_acm.o(i.USBD_CDC_ACM_PortGetLineCoding))
<BR><BR>[Called By]<UL><LI><a href="#[ea]">&gt;&gt;</a>&nbsp;&nbsp;&nbsp;USBD_CDC_ACM_GetLineCoding
</UL>

<P><STRONG><a name="[ed]"></a>USBD_CDC_ACM_PortInitialize</STRONG> (Thumb, 14 bytes, Stack size 8 bytes, usbd_user_cdc_acm.o(i.USBD_CDC_ACM_PortInitialize))
<BR><BR>[Stack]<UL><LI>Max Depth = 36<LI>Call Chain = USBD_CDC_ACM_PortInitialize &rArr; uart_initialize &rArr; clear_buffers &rArr; circ_buf_init
</UL>
<BR>[Calls]<UL><LI><a href="#[ef]">&gt;&gt;</a>&nbsp;&nbsp;&nbsp;main_cdc_send_event
<LI><a href="#[ee]">&gt;&gt;</a>&nbsp;&nbsp;&nbsp;uart_initialize
</UL>
<BR>[Called By]<UL><LI><a href="#[ec]">&gt;&gt;</a>&nbsp;&nbsp;&nbsp;USBD_CDC_ACM_Initialize
</UL>

<P><STRONG><a name="[f0]"></a>USBD_CDC_ACM_PortReset</STRONG> (Thumb, 10 bytes, Stack size 8 bytes, usbd_user_cdc_acm.o(i.USBD_CDC_ACM_PortReset))
<BR><BR>[Stack]<UL><LI>Max Depth = 36<LI>Call Chain = USBD_CDC_ACM_PortReset &rArr; uart_reset &rArr; clear_buffers &rArr; circ_buf_init
</UL>
<BR>[Calls]<UL><LI><a href="#[f1]">&gt;&gt;</a>&nbsp;&nbsp;&nbsp;uart_reset
</UL>
<BR>[Called By]<UL><LI><a href="#[f4]">&gt;&gt;</a>&nbsp;&nbsp;&nbsp;USBD_CDC_ACM_Reset
</UL>

<P><STRONG><a name="[f8]"></a>USBD_CDC_ACM_PortSetControlLineState</STRONG> (Thumb, 6 bytes, Stack size 0 bytes, usbd_user_cdc_acm.o(i.USBD_CDC_ACM_PortSetControlLineState))
<BR><BR>[Called By]<UL><LI><a href="#[f7]">&gt;&gt;</a>&nbsp;&nbsp;&nbsp;USBD_CDC_ACM_SetControlLineState
</UL>

<P><STRONG><a name="[f2]"></a>USBD_CDC_ACM_PortSetLineCoding</STRONG> (Thumb, 34 bytes, Stack size 8 bytes, usbd_user_cdc_acm.o(i.USBD_CDC_ACM_PortSetLineCoding))
<BR><BR>[Stack]<UL><LI>Max Depth = 52<LI>Call Chain = USBD_CDC_ACM_PortSetLineCoding &rArr; uart_set_configuration &rArr; clear_buffers &rArr; circ_buf_init
</UL>
<BR>[Calls]<UL><LI><a href="#[f3]">&gt;&gt;</a>&nbsp;&nbsp;&nbsp;uart_set_configuration
</UL>
<BR>[Called By]<UL><LI><a href="#[f9]">&gt;&gt;</a>&nbsp;&nbsp;&nbsp;USBD_CDC_ACM_SetLineCoding
<LI><a href="#[f4]">&gt;&gt;</a>&nbsp;&nbsp;&nbsp;USBD_CDC_ACM_Reset
</UL>

<P><STRONG><a name="[f4]"></a>USBD_CDC_ACM_Reset</STRONG> (Thumb, 98 bytes, Stack size 8 bytes, usbd_cdc_acm.o(i.USBD_CDC_ACM_Reset))
<BR><BR>[Stack]<UL><LI>Max Depth = 60<LI>Call Chain = USBD_CDC_ACM_Reset &rArr; USBD_CDC_ACM_PortSetLineCoding &rArr; uart_set_configuration &rArr; clear_buffers &rArr; circ_buf_init
</UL>
<BR>[Calls]<UL><LI><a href="#[f2]">&gt;&gt;</a>&nbsp;&nbsp;&nbsp;USBD_CDC_ACM_PortSetLineCoding
<LI><a href="#[f0]">&gt;&gt;</a>&nbsp;&nbsp;&nbsp;USBD_CDC_ACM_PortReset
</UL>
<BR>[Called By]<UL><LI><a href="#[f5]">&gt;&gt;</a>&nbsp;&nbsp;&nbsp;USBD_CDC_ACM_Reset_Event
</UL>

<P><STRONG><a name="[f5]"></a>USBD_CDC_ACM_Reset_Event</STRONG> (Thumb, 8 bytes, Stack size 8 bytes, usbd_cdc_acm.o(i.USBD_CDC_ACM_Reset_Event))
[...]
<BR><BR>[Stack]<UL><LI>Max Depth = 256<LI>Call Chain = dir_read &rArr; dir_next &rArr; create_chain &rArr; put_fat &rArr; move_window &rArr; sync_window &rArr; disk_write &rArr; spi_flash_write &rArr; sf_page_write &rArr; sf_wait_busy &rArr; flash_send_byte
</UL>
<BR>[Calls]<UL><LI><a href="#[19a]">&gt;&gt;</a>&nbsp;&nbsp;&nbsp;sum_sfn
<LI><a href="#[19f]">&gt;&gt;</a>&nbsp;&nbsp;&nbsp;pick_lfn
<LI><a href="#[153]">&gt;&gt;</a>&nbsp;&nbsp;&nbsp;move_window
<LI><a href="#[198]">&gt;&gt;</a>&nbsp;&nbsp;&nbsp;dir_next
</UL>
<BR>[Called By]<UL><LI><a href="#[192]">&gt;&gt;</a>&nbsp;&nbsp;&nbsp;f_unlink
<LI><a href="#[1ef]">&gt;&gt;</a>&nbsp;&nbsp;&nbsp;f_readdir
</UL>

<P><STRONG><a name="[1a0]"></a>dir_register</STRONG> (Thumb, 298 bytes, Stack size 48 bytes, ff.o(i.dir_register))
<BR><BR>[Stack]<UL><LI>Max Depth = 296<LI>Call Chain = dir_register &rArr; dir_find &rArr; dir_next &rArr; create_chain &rArr; put_fat &rArr; move_window &rArr; sync_window &rArr; disk_write &rArr; spi_flash_write &rArr; sf_page_write &rArr; sf_wait_busy &rArr; flash_send_byte
</UL>
<BR>[Calls]<UL><LI><a href="#[19a]">&gt;&gt;</a>&nbsp;&nbsp;&nbsp;sum_sfn
<LI><a href="#[153]">&gt;&gt;</a>&nbsp;&nbsp;&nbsp;move_window
<LI><a href="#[164]">&gt;&gt;</a>&nbsp;&nbsp;&nbsp;mem_set
<LI><a href="#[1a1]">&gt;&gt;</a>&nbsp;&nbsp;&nbsp;mem_cpy
<LI><a href="#[1a2]">&gt;&gt;</a>&nbsp;&nbsp;&nbsp;gen_numname
<LI><a href="#[1a3]">&gt;&gt;</a>&nbsp;&nbsp;&nbsp;fit_lfn
<LI><a href="#[197]">&gt;&gt;</a>&nbsp;&nbsp;&nbsp;dir_sdi
<LI><a href="#[198]">&gt;&gt;</a>&nbsp;&nbsp;&nbsp;dir_next
<LI><a href="#[199]">&gt;&gt;</a>&nbsp;&nbsp;&nbsp;dir_find
<LI><a href="#[196]">&gt;&gt;</a>&nbsp;&nbsp;&nbsp;dir_alloc
</UL>
<BR>[Called By]<UL><LI><a href="#[1e8]">&gt;&gt;</a>&nbsp;&nbsp;&nbsp;f_open
</UL>

<P><STRONG><a name="[1a4]"></a>dir_remove</STRONG> (Thumb, 106 bytes, Stack size 16 bytes, ff.o(i.dir_remove))
<BR><BR>[Stack]<UL><LI>Max Depth = 232<LI>Call Chain = dir_remove &rArr; dir_next &rArr; create_chain &rArr; put_fat &rArr; move_window &rArr; sync_window &rArr; disk_write &rArr; spi_flash_write &rArr; sf_page_write &rArr; sf_wait_busy &rArr; flash_send_byte
</UL>
<BR>[Calls]<UL><LI><a href="#[153]">&gt;&gt;</a>&nbsp;&nbsp;&nbsp;move_window
<LI><a href="#[164]">&gt;&gt;</a>&nbsp;&nbsp;&nbsp;mem_set
<LI><a href="#[197]">&gt;&gt;</a>&nbsp;&nbsp;&nbsp;dir_sdi
<LI><a href="#[198]">&gt;&gt;</a>&nbsp;&nbsp;&nbsp;dir_next
</UL>
<BR>[Called By]<UL><LI><a href="#[192]">&gt;&gt;</a>&nbsp;&nbsp;&nbsp;f_unlink
</UL>

<P><STRONG><a name="[197]"></a>dir_sdi</STRONG> (Thumb, 158 bytes, Stack size 24 bytes, ff.o(i.dir_sdi))
<BR><BR>[Stack]<UL><LI>Max Depth = 176<LI>Call Chain = dir_sdi &rArr; get_fat &rArr; move_window &rArr; sync_window &rArr; disk_write &rArr; spi_flash_write &rArr; sf_page_write &rArr; sf_wait_busy &rArr; flash_send_byte
</UL>
<BR>[Calls]<UL><LI><a href="#[15f]">&gt;&gt;</a>&nbsp;&nbsp;&nbsp;get_fat
<LI><a href="#[19d]">&gt;&gt;</a>&nbsp;&nbsp;&nbsp;clust2sect
</UL>
<BR>[Called By]<UL><LI><a href="#[192]">&gt;&gt;</a>&nbsp;&nbsp;&nbsp;f_unlink
<LI><a href="#[1ef]">&gt;&gt;</a>&nbsp;&nbsp;&nbsp;f_readdir
<LI><a href="#[1ed]">&gt;&gt;</a>&nbsp;&nbsp;&nbsp;f_opendir
<LI><a href="#[1e9]">&gt;&gt;</a>&nbsp;&nbsp;&nbsp;follow_path
<LI><a href="#[1a4]">&gt;&gt;</a>&nbsp;&nbsp;&nbsp;dir_remove
<LI><a href="#[1a0]">&gt;&gt;</a>&nbsp;&nbsp;&nbsp;dir_register
<LI><a href="#[199]">&gt;&gt;</a>&nbsp;&nbsp;&nbsp;dir_find
<LI><a href="#[196]">&gt;&gt;</a>&nbsp;&nbsp;&nbsp;dir_alloc
</UL>

<P><STRONG><a name="[1e0]"></a>find_volume</STRONG> (Thumb, 886 bytes, Stack size 80 bytes, ff.o(i.find_volume))
<BR><BR>[Stack]<UL><LI>Max Depth = 224<LI>Call Chain = find_volume &rArr; check_fs &rArr; move_window &rArr; sync_window &rArr; disk_write &rArr; spi_flash_write &rArr; sf_page_write &rArr; sf_wait_busy &rArr; flash_send_byte
</UL>
<BR>[Calls]<UL><LI><a href="#[1f8]">&gt;&gt;</a>&nbsp;&nbsp;&nbsp;disk_status
<LI><a href="#[1a5]">&gt;&gt;</a>&nbsp;&nbsp;&nbsp;disk_initialize
<LI><a href="#[153]">&gt;&gt;</a>&nbsp;&nbsp;&nbsp;move_window
<LI><a href="#[1e4]">&gt;&gt;</a>&nbsp;&nbsp;&nbsp;get_ldnumber
<LI><a href="#[152]">&gt;&gt;</a>&nbsp;&nbsp;&nbsp;check_fs
</UL>
<BR>[Called By]<UL><LI><a href="#[192]">&gt;&gt;</a>&nbsp;&nbsp;&nbsp;f_unlink
<LI><a href="#[1ed]">&gt;&gt;</a>&nbsp;&nbsp;&nbsp;f_opendir
<LI><a href="#[1e8]">&gt;&gt;</a>&nbsp;&nbsp;&nbsp;f_open
<LI><a href="#[1e7]">&gt;&gt;</a>&nbsp;&nbsp;&nbsp;f_mount
<LI><a href="#[1df]">&gt;&gt;</a>&nbsp;&nbsp;&nbsp;f_getfree
</UL>

<P><STRONG><a name="[1a3]"></a>fit_lfn</STRONG> (Thumb, 122 bytes, Stack size 20 bytes, ff.o(i.fit_lfn))
<BR><BR>[Stack]<UL><LI>Max Depth = 20<LI>Call Chain = fit_lfn
</UL>
<BR>[Called By]<UL><LI><a href="#[1a0]">&gt;&gt;</a>&nbsp;&nbsp;&nbsp;dir_register
</UL>

<P><STRONG><a name="[1e9]"></a>follow_path</STRONG> (Thumb, 144 bytes, Stack size 32 bytes, ff.o(i.follow_path))
<BR><BR>[Stack]<UL><LI>Max Depth = 280<LI>Call Chain = follow_path &rArr; dir_find &rArr; dir_next &rArr; create_chain &rArr; put_fat &rArr; move_window &rArr; sync_window &rArr; disk_write &rArr; spi_flash_write &rArr; sf_page_write &rArr; sf_wait_busy &rArr; flash_send_byte
</UL>
<BR>[Calls]<UL><LI><a href="#[1ea]">&gt;&gt;</a>&nbsp;&nbsp;&nbsp;ld_clust
<LI><a href="#[197]">&gt;&gt;</a>&nbsp;&nbsp;&nbsp;dir_sdi
<LI><a href="#[199]">&gt;&gt;</a>&nbsp;&nbsp;&nbsp;dir_find
<LI><a href="#[161]">&gt;&gt;</a>&nbsp;&nbsp;&nbsp;create_name
</UL>
<BR>[Called By]<UL><LI><a href="#[192]">&gt;&gt;</a>&nbsp;&nbsp;&nbsp;f_unlink
<LI><a href="#[1ed]">&gt;&gt;</a>&nbsp;&nbsp;&nbsp;f_opendir
<LI><a href="#[1e8]">&gt;&gt;</a>&nbsp;&nbsp;&nbsp;f_open
</UL>

<P><STRONG><a name="[1a2]"></a>gen_numname</STRONG> (Thumb, 172 bytes, Stack size 40 bytes, ff.o(i.gen_numname))
<BR><BR>[Stack]<UL><LI>Max Depth = 56<LI>Call Chain = gen_numname &rArr; mem_cpy
</UL>
<BR>[Calls]<UL><LI><a href="#[1a1]">&gt;&gt;</a>&nbsp;&nbsp;&nbsp;mem_cpy
</UL>
<BR>[Called By]<UL><LI><a href="#[1a0]">&gt;&gt;</a>&nbsp;&nbsp;&nbsp;dir_register
</UL>

<P><STRONG><a name="[1f0]"></a>get_fileinfo</STRONG> (Thumb, 254 bytes, Stack size 32 bytes, ff.o(i.get_fileinfo))
<BR><BR>[Stack]<UL><LI>Max Depth = 40<LI>Call Chain = get_fileinfo &rArr; ff_convert
</UL>
<BR>[Calls]<UL><LI><a href="#[162]">&gt;&gt;</a>&nbsp;&nbsp;&nbsp;ff_convert
</UL>
<BR>[Called By]<UL><LI><a href="#[1ef]">&gt;&gt;</a>&nbsp;&nbsp;&nbsp;f_readdir
</UL>

<P><STRONG><a name="[1e4]"></a>get_ldnumber</STRONG> (Thumb, 72 bytes, Stack size 16 bytes, ff.o(i.get_ldnumber))
<BR><BR>[Stack]<UL><LI>Max Depth = 16<LI>Call Chain = get_ldnumber
</UL>
<BR>[Called By]<UL><LI><a href="#[1e7]">&gt;&gt;</a>&nbsp;&nbsp;&nbsp;f_mount
<LI><a href="#[1e3]">&gt;&gt;</a>&nbsp;&nbsp;&nbsp;f_mkfs
<LI><a href="#[1e0]">&gt;&gt;</a>&nbsp;&nbsp;&nbsp;find_volume
</UL>

<P><STRONG><a name="[1ea]"></a>ld_clust</STRONG> (Thumb, 32 bytes, Stack size 8 bytes, ff.o(i.ld_clust))
<BR><BR>[Stack]<UL><LI>Max Depth = 8<LI>Call Chain = ld_clust
</UL>
<BR>[Called By]<UL><LI><a href="#[192]">&gt;&gt;</a>&nbsp;&nbsp;&nbsp;f_unlink
<LI><a href="#[1ed]">&gt;&gt;</a>&nbsp;&nbsp;&nbsp;f_opendir
<LI><a href="#[1e8]">&gt;&gt;</a>&nbsp;&nbsp;&nbsp;f_open
<LI><a href="#[1e9]">&gt;&gt;</a>&nbsp;&nbsp;&nbsp;follow_path
</UL>

<P><STRONG><a name="[19b]"></a>mem_cmp</STRONG> (Thumb, 38 bytes, Stack size 20 bytes, ff.o(i.mem_cmp))
<BR><BR>[Stack]<UL><LI>Max Depth = 20<LI>Call Chain = mem_cmp
</UL>
<BR>[Called By]<UL><LI><a href="#[199]">&gt;&gt;</a>&nbsp;&nbsp;&nbsp;dir_find
</UL>

<P><STRONG><a name="[1a1]"></a>mem_cpy</STRONG> (Thumb, 26 bytes, Stack size 16 bytes, ff.o(i.mem_cpy))
<BR><BR>[Stack]<UL><LI>Max Depth = 16<LI>Call Chain = mem_cpy
</UL>
<BR>[Called By]<UL><LI><a href="#[1f2]">&gt;&gt;</a>&nbsp;&nbsp;&nbsp;f_write
<LI><a href="#[192]">&gt;&gt;</a>&nbsp;&nbsp;&nbsp;f_unlink
<LI><a href="#[1ee]">&gt;&gt;</a>&nbsp;&nbsp;&nbsp;f_read
<LI><a href="#[1e3]">&gt;&gt;</a>&nbsp;&nbsp;&nbsp;f_mkfs
<LI><a href="#[1a2]">&gt;&gt;</a>&nbsp;&nbsp;&nbsp;gen_numname
<LI><a href="#[1a0]">&gt;&gt;</a>&nbsp;&nbsp;&nbsp;dir_register
</UL>

<P><STRONG><a name="[164]"></a>mem_set</STRONG> (Thumb, 20 bytes, Stack size 12 bytes, ff.o(i.mem_set))
<BR><BR>[Stack]<UL><LI>Max Depth = 12<LI>Call Chain = mem_set
</UL>
<BR>[Called By]<UL><LI><a href="#[1e3]">&gt;&gt;</a>&nbsp;&nbsp;&nbsp;f_mkfs
<LI><a href="#[1f1]">&gt;&gt;</a>&nbsp;&nbsp;&nbsp;sync_fs
<LI><a href="#[1a4]">&gt;&gt;</a>&nbsp;&nbsp;&nbsp;dir_remove
<LI><a href="#[1a0]">&gt;&gt;</a>&nbsp;&nbsp;&nbsp;dir_register
<LI><a href="#[198]">&gt;&gt;</a>&nbsp;&nbsp;&nbsp;dir_next
<LI><a href="#[161]">&gt;&gt;</a>&nbsp;&nbsp;&nbsp;create_name
</UL>

<P><STRONG><a name="[153]"></a>move_window</STRONG> (Thumb, 50 bytes, Stack size 16 bytes, ff.o(i.move_window))
<BR><BR>[Stack]<UL><LI>Max Depth = 128<LI>Call Chain = move_window &rArr; sync_window &rArr; disk_write &rArr; spi_flash_write &rArr; sf_page_write &rArr; sf_wait_busy &rArr; flash_send_byte
</UL>
<BR>[Calls]<UL><LI><a href="#[1a7]">&gt;&gt;</a>&nbsp;&nbsp;&nbsp;disk_read
<LI><a href="#[19c]">&gt;&gt;</a>&nbsp;&nbsp;&nbsp;sync_window
</UL>
<BR>[Called By]<UL><LI><a href="#[1f2]">&gt;&gt;</a>&nbsp;&nbsp;&nbsp;f_write
<LI><a href="#[1ee]">&gt;&gt;</a>&nbsp;&nbsp;&nbsp;f_read
<LI><a href="#[1e8]">&gt;&gt;</a>&nbsp;&nbsp;&nbsp;f_open
<LI><a href="#[1df]">&gt;&gt;</a>&nbsp;&nbsp;&nbsp;f_getfree
<LI><a href="#[160]">&gt;&gt;</a>&nbsp;&nbsp;&nbsp;put_fat
<LI><a href="#[15f]">&gt;&gt;</a>&nbsp;&nbsp;&nbsp;get_fat
<LI><a href="#[1dc]">&gt;&gt;</a>&nbsp;&nbsp;&nbsp;f_sync
<LI><a href="#[1e0]">&gt;&gt;</a>&nbsp;&nbsp;&nbsp;find_volume
<LI><a href="#[1a4]">&gt;&gt;</a>&nbsp;&nbsp;&nbsp;dir_remove
<LI><a href="#[1a0]">&gt;&gt;</a>&nbsp;&nbsp;&nbsp;dir_register
<LI><a href="#[19e]">&gt;&gt;</a>&nbsp;&nbsp;&nbsp;dir_read
<LI><a href="#[199]">&gt;&gt;</a>&nbsp;&nbsp;&nbsp;dir_find
<LI><a href="#[196]">&gt;&gt;</a>&nbsp;&nbsp;&nbsp;dir_alloc
<LI><a href="#[152]">&gt;&gt;</a>&nbsp;&nbsp;&nbsp;check_fs
</UL>

<P><STRONG><a name="[19f]"></a>pick_lfn</STRONG> (Thumb, 112 bytes, Stack size 20 bytes, ff.o(i.pick_lfn))
<BR><BR>[Stack]<UL><LI>Max Depth = 20<LI>Call Chain = pick_lfn
</UL>
<BR>[Called By]<UL><LI><a href="#[19e]">&gt;&gt;</a>&nbsp;&nbsp;&nbsp;dir_read
</UL>

<P><STRONG><a name="[1ec]"></a>remove_chain</STRONG> (Thumb, 108 bytes, Stack size 24 bytes, ff.o(i.remove_chain))
<BR><BR>[Stack]<UL><LI>Max Depth = 184<LI>Call Chain = remove_chain &rArr; put_fat &rArr; move_window &rArr; sync_window &rArr; disk_write &rArr; spi_flash_write &rArr; sf_page_write &rArr; sf_wait_busy &rArr; flash_send_byte
</UL>
<BR>[Calls]<UL><LI><a href="#[160]">&gt;&gt;</a>&nbsp;&nbsp;&nbsp;put_fat
<LI><a href="#[15f]">&gt;&gt;</a>&nbsp;&nbsp;&nbsp;get_fat
</UL>
<BR>[Called By]<UL><LI><a href="#[192]">&gt;&gt;</a>&nbsp;&nbsp;&nbsp;f_unlink
<LI><a href="#[1e8]">&gt;&gt;</a>&nbsp;&nbsp;&nbsp;f_open
</UL>

<P><STRONG><a name="[1eb]"></a>st_clust</STRONG> (Thumb, 16 bytes, Stack size 0 bytes, ff.o(i.st_clust))
<BR><BR>[Called By]<UL><LI><a href="#[1e8]">&gt;&gt;</a>&nbsp;&nbsp;&nbsp;f_open
<LI><a href="#[1dc]">&gt;&gt;</a>&nbsp;&nbsp;&nbsp;f_sync
</UL>

<P><STRONG><a name="[19a]"></a>sum_sfn</STRONG> (Thumb, 32 bytes, Stack size 12 bytes, ff.o(i.sum_sfn))
<BR><BR>[Stack]<UL><LI>Max Depth = 12<LI>Call Chain = sum_sfn
</UL>
<BR>[Called By]<UL><LI><a href="#[1a0]">&gt;&gt;</a>&nbsp;&nbsp;&nbsp;dir_register
<LI><a href="#[19e]">&gt;&gt;</a>&nbsp;&nbsp;&nbsp;dir_read
<LI><a href="#[199]">&gt;&gt;</a>&nbsp;&nbsp;&nbsp;dir_find
</UL>

<P><STRONG><a name="[1f1]"></a>sync_fs</STRONG> (Thumb, 200 bytes, Stack size 16 bytes, ff.o(i.sync_fs))
<BR><BR>[Stack]<UL><LI>Max Depth = 128<LI>Call Chain = sync_fs &rArr; sync_window &rArr; disk_write &rArr; spi_flash_write &rArr; sf_page_write &rArr; sf_wait_busy &rArr; flash_send_byte
</UL>
<BR>[Calls]<UL><LI><a href="#[1a9]">&gt;&gt;</a>&nbsp;&nbsp;&nbsp;disk_write
<LI><a href="#[1e5]">&gt;&gt;</a>&nbsp;&nbsp;&nbsp;disk_ioctl
<LI><a href="#[19c]">&gt;&gt;</a>&nbsp;&nbsp;&nbsp;sync_window
<LI><a href="#[164]">&gt;&gt;</a>&nbsp;&nbsp;&nbsp;mem_set
</UL>
<BR>[Called By]<UL><LI><a href="#[192]">&gt;&gt;</a>&nbsp;&nbsp;&nbsp;f_unlink
<LI><a href="#[1dc]">&gt;&gt;</a>&nbsp;&nbsp;&nbsp;f_sync
</UL>

<P><STRONG><a name="[19c]"></a>sync_window</STRONG> (Thumb, 76 bytes, Stack size 16 bytes, ff.o(i.sync_window))
<BR><BR>[Stack]<UL><LI>Max Depth = 112<LI>Call Chain = sync_window &rArr; disk_write &rArr; spi_flash_write &rArr; sf_page_write &rArr; sf_wait_busy &rArr; flash_send_byte
</UL>
<BR>[Calls]<UL><LI><a href="#[1a9]">&gt;&gt;</a>&nbsp;&nbsp;&nbsp;disk_write
</UL>
<BR>[Called By]<UL><LI><a href="#[1f2]">&gt;&gt;</a>&nbsp;&nbsp;&nbsp;f_write
<LI><a href="#[1f1]">&gt;&gt;</a>&nbsp;&nbsp;&nbsp;sync_fs
<LI><a href="#[153]">&gt;&gt;</a>&nbsp;&nbsp;&nbsp;move_window
<LI><a href="#[198]">&gt;&gt;</a>&nbsp;&nbsp;&nbsp;dir_next
</UL>

<P><STRONG><a name="[1dd]"></a>validate</STRONG> (Thumb, 54 bytes, Stack size 16 bytes, ff.o(i.validate))
<BR><BR>[Stack]<UL><LI>Max Depth = 16<LI>Call Chain = validate
</UL>
<BR>[Calls]<UL><LI><a href="#[1f8]">&gt;&gt;</a>&nbsp;&nbsp;&nbsp;disk_status
</UL>
<BR>[Called By]<UL><LI><a href="#[1f2]">&gt;&gt;</a>&nbsp;&nbsp;&nbsp;f_write
<LI><a href="#[1ef]">&gt;&gt;</a>&nbsp;&nbsp;&nbsp;f_readdir
<LI><a href="#[1ee]">&gt;&gt;</a>&nbsp;&nbsp;&nbsp;f_read
<LI><a href="#[1e1]">&gt;&gt;</a>&nbsp;&nbsp;&nbsp;f_lseek
<LI><a href="#[1de]">&gt;&gt;</a>&nbsp;&nbsp;&nbsp;f_closedir
<LI><a href="#[1db]">&gt;&gt;</a>&nbsp;&nbsp;&nbsp;f_close
<LI><a href="#[1dc]">&gt;&gt;</a>&nbsp;&nbsp;&nbsp;f_sync
</UL>

<P><STRONG><a name="[132]"></a>__NVIC_EnableIRQ</STRONG> (Thumb, 26 bytes, Stack size 0 bytes, usbd_mk20d5.o(i.__NVIC_EnableIRQ))
<BR><BR>[Called By]<UL><LI><a href="#[12c]">&gt;&gt;</a>&nbsp;&nbsp;&nbsp;USBD_Reset
<LI><a href="#[131]">&gt;&gt;</a>&nbsp;&nbsp;&nbsp;USBD_IntrEna
</UL>

<P><STRONG><a name="[134]"></a>protected_and</STRONG> (Thumb, 34 bytes, Stack size 8 bytes, usbd_mk20d5.o(i.protected_and))
<BR><BR>[Stack]<UL><LI>Max Depth = 8<LI>Call Chain = protected_and
</UL>
<BR>[Called By]<UL><LI><a href="#[104]">&gt;&gt;</a>&nbsp;&nbsp;&nbsp;USBD_ResetEP
<LI><a href="#[e9]">&gt;&gt;</a>&nbsp;&nbsp;&nbsp;USBD_ReadEP
</UL>

<P><STRONG><a name="[de]"></a>protected_or</STRONG> (Thumb, 34 bytes, Stack size 8 bytes, usbd_mk20d5.o(i.protected_or))
<BR><BR>[Stack]<UL><LI>Max Depth = 8<LI>Call Chain = protected_or
</UL>
<BR>[Called By]<UL><LI><a href="#[104]">&gt;&gt;</a>&nbsp;&nbsp;&nbsp;USBD_ResetEP
<LI><a href="#[50]">&gt;&gt;</a>&nbsp;&nbsp;&nbsp;USB0_IRQHandler
</UL>

<P><STRONG><a name="[133]"></a>protected_xor</STRONG> (Thumb, 34 bytes, Stack size 8 bytes, usbd_mk20d5.o(i.protected_xor))
<BR><BR>[Stack]<UL><LI>Max Depth = 8<LI>Call Chain = protected_xor
</UL>
<BR>[Called By]<UL><LI><a href="#[e5]">&gt;&gt;</a>&nbsp;&nbsp;&nbsp;USBD_WriteEP
<LI><a href="#[e9]">&gt;&gt;</a>&nbsp;&nbsp;&nbsp;USBD_ReadEP
</UL>

<P><STRONG><a name="[10f]"></a>USBD_ReqGetDescriptor</STRONG> (Thumb, 392 bytes, Stack size 16 bytes, usbd_core.o(i.USBD_ReqGetDescriptor))
<BR><BR>[Stack]<UL><LI>Max Depth = 16<LI>Call Chain = USBD_ReqGetDescriptor
</UL>
<BR>[Calls]<UL><LI><a href="#[135]">&gt;&gt;</a>&nbsp;&nbsp;&nbsp;USBD_ReqGetDescriptor_HID
</UL>
<BR>[Called By]<UL><LI><a href="#[8c]">&gt;&gt;</a>&nbsp;&nbsp;&nbsp;USBD_EndPoint0
</UL>

<P><STRONG><a name="[10b]"></a>USBD_ReqGetStatus</STRONG> (Thumb, 160 bytes, Stack size 0 bytes, usbd_core.o(i.USBD_ReqGetStatus))
<BR><BR>[Called By]<UL><LI><a href="#[8c]">&gt;&gt;</a>&nbsp;&nbsp;&nbsp;USBD_EndPoint0
</UL>

<P><STRONG><a name="[10c]"></a>USBD_ReqSetClrFeature</STRONG> (Thumb, 216 bytes, Stack size 16 bytes, usbd_core.o(i.USBD_ReqSetClrFeature))
<BR><BR>[Stack]<UL><LI>Max Depth = 40<LI>Call Chain = USBD_ReqSetClrFeature &rArr; USBD_ClrStallEP &rArr; USBD_ResetEP &rArr; protected_or
</UL>
<BR>[Calls]<UL><LI><a href="#[136]">&gt;&gt;</a>&nbsp;&nbsp;&nbsp;USBD_WakeUpCfg
<LI><a href="#[115]">&gt;&gt;</a>&nbsp;&nbsp;&nbsp;USBD_SetStallEP
<LI><a href="#[103]">&gt;&gt;</a>&nbsp;&nbsp;&nbsp;USBD_ClrStallEP
<LI><a href="#[137]">&gt;&gt;</a>&nbsp;&nbsp;&nbsp;USBD_ReqClrFeature_MSC
</UL>
<BR>[Called By]<UL><LI><a href="#[8c]">&gt;&gt;</a>&nbsp;&nbsp;&nbsp;USBD_EndPoint0
</UL>

<P><STRONG><a name="[110]"></a>USBD_ReqSetConfiguration</STRONG> (Thumb, 432 bytes, Stack size 24 bytes, usbd_core.o(i.USBD_ReqSetConfiguration))
<BR><BR>[Stack]<UL><LI>Max Depth = 56<LI>Call Chain = USBD_ReqSetConfiguration &rArr; USBD_ConfigEP &rArr; USBD_ResetEP &rArr; protected_or
</UL>
<BR>[Calls]<UL><LI><a href="#[104]">&gt;&gt;</a>&nbsp;&nbsp;&nbsp;USBD_ResetEP
<LI><a href="#[13a]">&gt;&gt;</a>&nbsp;&nbsp;&nbsp;USBD_EnableEP
<LI><a href="#[138]">&gt;&gt;</a>&nbsp;&nbsp;&nbsp;USBD_DisableEP
<LI><a href="#[139]">&gt;&gt;</a>&nbsp;&nbsp;&nbsp;USBD_Configure
<LI><a href="#[105]">&gt;&gt;</a>&nbsp;&nbsp;&nbsp;USBD_ConfigEP
</UL>
<BR>[Called By]<UL><LI><a href="#[8c]">&gt;&gt;</a>&nbsp;&nbsp;&nbsp;USBD_EndPoint0
</UL>

<P><STRONG><a name="[111]"></a>USBD_ReqSetInterface</STRONG> (Thumb, 308 bytes, Stack size 40 bytes, usbd_core.o(i.USBD_ReqSetInterface))
<BR><BR>[Stack]<UL><LI>Max Depth = 72<LI>Call Chain = USBD_ReqSetInterface &rArr; USBD_ConfigEP &rArr; USBD_ResetEP &rArr; protected_or
</UL>
<BR>[Calls]<UL><LI><a href="#[104]">&gt;&gt;</a>&nbsp;&nbsp;&nbsp;USBD_ResetEP
<LI><a href="#[13a]">&gt;&gt;</a>&nbsp;&nbsp;&nbsp;USBD_EnableEP
<LI><a href="#[138]">&gt;&gt;</a>&nbsp;&nbsp;&nbsp;USBD_DisableEP
<LI><a href="#[105]">&gt;&gt;</a>&nbsp;&nbsp;&nbsp;USBD_ConfigEP
</UL>
<BR>[Called By]<UL><LI><a href="#[8c]">&gt;&gt;</a>&nbsp;&nbsp;&nbsp;USBD_EndPoint0
</UL>

<P><STRONG><a name="[e4]"></a>USBD_CDC_ACM_EP_BULKIN_HandleData</STRONG> (Thumb, 228 bytes, Stack size 16 bytes, usbd_cdc_acm.o(i.USBD_CDC_ACM_EP_BULKIN_HandleData))
<BR><BR>[Stack]<UL><LI>Max Depth = 48<LI>Call Chain = USBD_CDC_ACM_EP_BULKIN_HandleData &rArr; USBD_WriteEP &rArr; protected_xor
</UL>
<BR>[Calls]<UL><LI><a href="#[e5]">&gt;&gt;</a>&nbsp;&nbsp;&nbsp;USBD_WriteEP
</UL>
<BR>[Called By]<UL><LI><a href="#[f6]">&gt;&gt;</a>&nbsp;&nbsp;&nbsp;USBD_CDC_ACM_SOF_Event
<LI><a href="#[e3]">&gt;&gt;</a>&nbsp;&nbsp;&nbsp;USBD_CDC_ACM_EP_BULKIN_Event
</UL>

<P><STRONG><a name="[e7]"></a>USBD_CDC_ACM_EP_BULKOUT_HandleData</STRONG> (Thumb, 118 bytes, Stack size 16 bytes, usbd_cdc_acm.o(i.USBD_CDC_ACM_EP_BULKOUT_HandleData))
<BR><BR>[Stack]<UL><LI>Max Depth = 64<LI>Call Chain = USBD_CDC_ACM_EP_BULKOUT_HandleData &rArr; USBD_ReadEP &rArr; protected_xor
</UL>
<BR>[Calls]<UL><LI><a href="#[e9]">&gt;&gt;</a>&nbsp;&nbsp;&nbsp;USBD_ReadEP
</UL>
<BR>[Called By]<UL><LI><a href="#[f6]">&gt;&gt;</a>&nbsp;&nbsp;&nbsp;USBD_CDC_ACM_SOF_Event
<LI><a href="#[e6]">&gt;&gt;</a>&nbsp;&nbsp;&nbsp;USBD_CDC_ACM_EP_BULKOUT_Event
</UL>

<P><STRONG><a name="[13d]"></a>_printf_core</STRONG> (Thumb, 996 bytes, Stack size 104 bytes, printf8.o(i._printf_core), UNUSED)
<BR><BR>[Calls]<UL><LI><a href="#[97]">&gt;&gt;</a>&nbsp;&nbsp;&nbsp;__aeabi_uldivmod
<LI><a href="#[13e]">&gt;&gt;</a>&nbsp;&nbsp;&nbsp;_printf_pre_padding
<LI><a href="#[13f]">&gt;&gt;</a>&nbsp;&nbsp;&nbsp;_printf_post_padding
</UL>
<BR>[Called By]<UL><LI><a href="#[13c]">&gt;&gt;</a>&nbsp;&nbsp;&nbsp;__0sprintf$8
</UL>

<P><STRONG><a name="[13f]"></a>_printf_post_padding</STRONG> (Thumb, 36 bytes, Stack size 24 bytes, printf8.o(i._printf_post_padding), UNUSED)
<BR><BR>[Called By]<UL><LI><a href="#[13d]">&gt;&gt;</a>&nbsp;&nbsp;&nbsp;_printf_core
</UL>

<P><STRONG><a name="[13e]"></a>_printf_pre_padding</STRONG> (Thumb, 46 bytes, Stack size 24 bytes, printf8.o(i._printf_pre_padding), UNUSED)
<BR><BR>[Called By]<UL><LI><a href="#[13d]">&gt;&gt;</a>&nbsp;&nbsp;&nbsp;_printf_core
</UL>

<P><STRONG><a name="[89]"></a>_sputc</STRONG> (Thumb, 10 bytes, Stack size 0 bytes, printf8.o(i._sputc))
<BR><BR>[Called By]<UL><LI><a href="#[13c]">&gt;&gt;</a>&nbsp;&nbsp;&nbsp;__0sprintf$8
</UL>
<BR>[Address Reference Count : 1]<UL><LI> printf8.o(i.__0sprintf$8)
</UL><P>
<H3>
Undefined Global Symbols
</H3><HR></body></html>
