<html>
<body>
<pre>
<h1>µVision Build Log</h1>
<h2>Tool Versions:</h2>
IDE-Version: ¦ÌVision V5.23.0.0
Copyright (C) 2017 ARM Ltd and ARM Germany GmbH. All rights reserved.
License Information: 9527 9527, 9527, LIC=9WSEV-P7EXE-TFLI4-FI5FA-EYBSH-P7V8W
 
Tool Versions:
Toolchain:       MDK-ARM Plus  Version: 5.23
Toolchain Path:  C:\Keil_v5\ARM\ARMCC\Bin
C Compiler:      Armcc.exe V5.06 update 4 (build 422)
Assembler:       Armasm.exe V5.06 update 4 (build 422)
Linker/Locator:  ArmLink.exe V5.06 update 4 (build 422)
Library Manager: ArmAr.exe V5.06 update 4 (build 422)
Hex Converter:   FromElf.exe V5.06 update 4 (build 422)
CPU DLL:         SARMCM3.DLL V5.23
Dialog DLL:      DCM.DLL V1.15.0.0
Target DLL:      Segger\JL2CM3.dll V2.99.23.0
Dialog DLL:      TCM.DLL V1.27.0.0
 
<h2>Project:</h2>
D:\DAPLink_Workspace\eslink-ii\projects\eslinkii-boot\project(mdk)\boot.uvprojx
Project File Date:  11/09/2018

<h2>Output:</h2>
*** Using Compiler 'V5.06 update 4 (build 422)', folder: 'C:\Keil_v5\ARM\ARMCC\Bin'
Rebuild target 'Target 1'
compiling settings_spi_flash.c...
compiling eslink.c...
compiling board.c...
compiling usbd_user_cls_icd.c...
compiling key.c...
compiling gpio.c...
compiling clock_config.c...
compiling pin_mux.c...
compiling spi_flash.c...
compiling systick.c...
compiling uart.c...
compiling main.c...
compiling eslink_boot.c...
compiling debug_boot.c...
..\source\debug_boot.c(24): warning:  #550-D: variable "result"  was set but never used
      error_t result = ERROR_SUCCESS;
..\source\debug_boot.c(90): warning:  #177-D: variable "i"  was declared but never referenced
      uint16_t i;
..\source\debug_boot.c: 2 warnings, 0 errors
compiling iap_flash_intf.c...
compiling update.c...
..\..\..\iap\update.c(53): warning:  #177-D: variable "stay_in"  was declared but never referenced
      uint8_t stay_in = TRUE;
..\..\..\iap\update.c: 1 warning, 0 errors
compiling settings_rom.c...
compiling es_common.c...
compiling cortex_m.c...
compiling circ_buf.c...
compiling fsl_gpio.c...
compiling fsl_uart.c...
compiling fsl_clock.c...
compiling system_MK22F12810.c...
compiling fsl_dspi.c...
compiling fsl_i2c.c...
assembling startup_MK22F12810.s...
compiling fsl_flash.c...
compiling usb_config.c...
compiling fsl_smc.c...
compiling usbd_core_cdc.c...
compiling usbd_cls.c...
compiling usbd_cdc_acm.c...
compiling usbd_MK20D5.c...
compiling usbd_core_hid.c...
compiling usbd_core_cls.c...
compiling usbd_hid.c...
compiling usbd_core.c...
linking...
Program Size: Code=13888 RO-data=1788 RW-data=488 ZI-data=10840  
FromELF: creating hex file...
".\Objects\eslink_boot.axf" - 0 Error(s), 3 Warning(s).

<h2>Collection of Component include folders:</h2>
  .\RTE\_Target_1
  C:\Keil_v5\ARM\PACK\NXP\MK22F12810_DFP\10.0.0

<h2>Collection of Component Files used:</h2>
Build Time Elapsed:  00:00:18
</pre>
</body>
</html>
