<html>
<body>
<pre>
<h1>礦ision Build Log</h1>
<h2>Tool Versions:</h2>
IDE-Version: μVision V5.23.0.0
Copyright (C) 2017 ARM Ltd and ARM Germany GmbH. All rights reserved.
License Information: 9527 9527, 9527, LIC=9WSEV-P7EXE-TFLI4-FI5FA-EYBSH-P7V8W
 
Tool Versions:
Toolchain:       MDK-ARM Plus  Version: 5.23
Toolchain Path:  C:\Keil_v5\ARM\ARMCC\Bin
C Compiler:      Armcc.exe V5.06 update 4 (build 422)
Assembler:       Armasm.exe V5.06 update 4 (build 422)
Linker/Locator:  ArmLink.exe V5.06 update 4 (build 422)
Library Manager: ArmAr.exe V5.06 update 4 (build 422)
Hex Converter:   FromElf.exe V5.06 update 4 (build 422)
CPU DLL:         SARMCM3.DLL V5.23
Dialog DLL:      DCM.DLL V1.15.0.0
Target DLL:      Segger\JL2CM3.dll V2.99.23.0
Dialog DLL:      TCM.DLL V1.27.0.0
 
<h2>Project:</h2>
D:\DAPLink_Workspace\eslink\projects\eslinkii-offline\project(mdk)\offline.uvprojx
Project File Date:  10/17/2018

<h2>Output:</h2>
*** Using Compiler 'V5.06 update 4 (build 422)', folder: 'C:\Keil_v5\ARM\ARMCC\Bin'
Build target 'Target 1'
compiling iap_flash_intf.c...
compiling ofl_prj_decoder.c...
..\source\ofl_prj_decoder.c(16): warning:  #177-D: variable "checksum"  was declared but never referenced
      uint32_t checksum = part->data;
..\source\ofl_prj_decoder.c(19): warning:  #177-D: variable "read_size"  was declared but never referenced
      uint32_t read_size = 0;
..\source\ofl_prj_decoder.c(173): warning:  #177-D: variable "read_size"  was declared but never referenced
      uint32_t read_size = 0;
..\source\ofl_prj_decoder.c(285): warning:  #111-D: statement is unreachable
      if(ret != ERROR_SUCCESS)
..\source\ofl_prj_decoder.c(289): warning:  #1-D: last line of file ends without a newline
  }
..\source\ofl_prj_decoder.c(244): warning:  #177-D: variable "i"  was declared but never referenced
      uint32_t i = 0;
..\source\ofl_prj_decoder.c(248): warning:  #177-D: variable "size"  was declared but never referenced
      uint32_t size = 0;
..\source\ofl_prj_decoder.c(249): warning:  #177-D: variable "addr"  was declared but never referenced
      uint32_t addr = 0;
..\source\ofl_prj_decoder.c(251): warning:  #177-D: variable "prg_addr"  was declared but never referenced
      uint32_t prg_addr = 0;
..\source\ofl_prj_decoder.c(252): warning:  #177-D: variable "buf"  was declared but never referenced
      uint8_t buf[1024];
..\source\ofl_prj_decoder.c(253): warning:  #177-D: variable "read_size"  was declared but never referenced
      uint32_t read_size = 0;
..\source\ofl_prj_decoder.c(47): warning:  #177-D: function "update_ofl_timing"  was declared but never referenced
  static error_t update_ofl_timing(partition_t *part )
..\source\ofl_prj_decoder.c(122): warning:  #177-D: function "update_ofl_config_word"  was declared but never referenced
  static error_t update_ofl_config_word(partition_t *part )
..\source\ofl_prj_decoder.c(196): warning:  #177-D: function "update_ofl_user_hex"  was declared but never referenced
  static error_t update_ofl_user_hex(partition_t *part )
..\source\ofl_prj_decoder.c: 14 warnings, 0 errors
compiling offline_file.c...
..\..\..\app\offline\offline_file.c(59): warning:  #128-D: loop is not reachable
              while(1);
..\..\..\app\offline\offline_file.c(43): warning:  #550-D: variable "fre_sect"  was set but never used
      DWORD fre_clust, fre_sect, tot_sect;     
..\..\..\app\offline\offline_file.c(43): warning:  #550-D: variable "tot_sect"  was set but never used
      DWORD fre_clust, fre_sect, tot_sect;     
..\..\..\app\offline\offline_file.c(444): warning:  #177-D: variable "length"  was declared but never referenced
      uint32_t length;   
..\..\..\app\offline\offline_file.c: 4 warnings, 0 errors
compiling main.c...
compiling ofl_menu.c...
..\..\..\gui\ofl_menu.c(78): warning:  #550-D: variable "ret"  was set but never used
      error_t ret;
..\..\..\gui\ofl_menu.c(190): warning:  #550-D: variable "SelectLine_L"  was set but never used
      uint8_t  SelectLine_L = 1;                    //鍘熸潵閫変腑琛?
..\..\..\gui\ofl_menu.c(299): warning:  #1-D: last line of file ends without a newline
  }
..\..\..\gui\ofl_menu.c: 3 warnings, 0 errors
compiling update.c...
linking...
Program Size: Code=20824 RO-data=7416 RW-data=144 ZI-data=11868  
FromELF: creating hex file...
After Build - User command #1: D:\DAPLink_Workspace\eslink\projects\eslinkii-offline\project(mdk)\CopyHex_Flash.bat
'D:\DAPLink_Workspace\eslink\projects\eslinkii-offline\project' 不是内部或外部命令，也不是可运行的程序
或批处理文件。
".\Objects\eslink_offline.axf" - 0 Error(s), 21 Warning(s).

<h2>Collection of Component include folders:</h2>
  .\RTE\_Target_1
  C:\Keil_v5\ARM\PACK\NXP\MK22F12810_DFP\10.0.0

<h2>Collection of Component Files used:</h2>
Build Time Elapsed:  00:00:06
</pre>
</body>
</html>
