<html>
<body>
<pre>
<h1>礦ision Build Log</h1>
<h2>Tool Versions:</h2>
IDE-Version: μVision V5.23.0.0
Copyright (C) 2017 ARM Ltd and ARM Germany GmbH. All rights reserved.
License Information: 9527 9527, 9527, LIC=9WSEV-P7EXE-TFLI4-FI5FA-EYBSH-P7V8W
 
Tool Versions:
Toolchain:       MDK-ARM Plus  Version: 5.23
Toolchain Path:  C:\Keil_v5\ARM\ARMCC\Bin
C Compiler:      Armcc.exe V5.06 update 4 (build 422)
Assembler:       Armasm.exe V5.06 update 4 (build 422)
Linker/Locator:  ArmLink.exe V5.06 update 4 (build 422)
Library Manager: ArmAr.exe V5.06 update 4 (build 422)
Hex Converter:   FromElf.exe V5.06 update 4 (build 422)
CPU DLL:         SARMCM3.DLL V5.23
Dialog DLL:      DCM.DLL V1.15.0.0
Target DLL:      Segger\JL2CM3.dll V2.99.23.0
Dialog DLL:      TCM.DLL V1.27.0.0
 
<h2>Project:</h2>
D:\DAPLink_Workspace\eslink-ii\projects\eslinkii-offline\project\offline.uvprojx
Project File Date:  01/08/2019

<h2>Output:</h2>
*** Using Compiler 'V5.06 update 4 (build 422)', folder: 'C:\Keil_v5\ARM\ARMCC\Bin'
Build target 'Target 1'
compiling sflash_port.c...
compiling eeprom_port.c...
compiling clock_config.c...
compiling board.c...
compiling gpio.c...
compiling key.c...
compiling pin_mux.c...
compiling spi_flash.c...
compiling systick.c...
compiling eeprom.c...
compiling main.c...
compiling beep.c...
compiling settings_rom.c...
compiling ofl_prj_decoder.c...
compiling fonts.c...
compiling iap_flash_intf.c...
compiling offline_file.c...
..\..\..\eslink\offline\offline_file.c(59): warning:  #128-D: loop is not reachable
              while(1);
..\..\..\eslink\offline\offline_file.c(43): warning:  #550-D: variable "fre_sect"  was set but never used
      DWORD fre_clust, fre_sect, tot_sect;     
..\..\..\eslink\offline\offline_file.c(43): warning:  #550-D: variable "tot_sect"  was set but never used
      DWORD fre_clust, fre_sect, tot_sect;     
..\..\..\eslink\offline\offline_file.c: 3 warnings, 0 errors
compiling message.c...
compiling update.c...
compiling oled.c...
compiling es_common.c...
compiling cortex_m.c...
compiling update_menu.c...
compiling circ_buf.c...
compiling ustdlib.c...
compiling system_MK22F12810.c...
compiling fsl_gpio.c...
compiling fsl_i2c.c...
compiling fsl_clock.c...
assembling startup_MK22F12810.s...
compiling fsl_flash.c...
compiling fsl_smc.c...
compiling fsl_dspi.c...
compiling unicode.c...
compiling diskio.c...
compiling ff.c...
..\..\..\middleware\FatFS\src\ff.c(1831): warning:  #111-D: statement is unreachable
  			w = (w << 8) + b;			/* Create a DBC */
..\..\..\middleware\FatFS\src\ff.c: 1 warning, 0 errors
linking...
Program Size: Code=21424 RO-data=7240 RW-data=140 ZI-data=11436  
FromELF: creating hex file...
After Build - User command #1: .\CopyHex_Flash.bat
D:\DAPLink_Workspace\eslink-ii\projects\eslinkii-offline\project>copy Objects\output.hex ..\..\Update.hex 
已复制         1 个文件。
".\Objects\output.axf" - 0 Error(s), 4 Warning(s).

<h2>Collection of Component include folders:</h2>
  .\RTE\_Target_1
  C:\Keil_v5\ARM\PACK\NXP\MK22F12810_DFP\10.0.0

<h2>Collection of Component Files used:</h2>
Build Time Elapsed:  00:00:16
</pre>
</body>
</html>
